187.171.224.0 - - [31/Jan/2024:11:54:20 -0600] "POST /gym/peticiones/pet_socios_pagos.php HTTP/1.1" 200 - sergym.com "https://sergym.com/gym/?s=socios&i=pagos&id_socio=6590&pag_busqueda=flores" "Mozilla/5.0 (Windows NT 10.0; Win64; x64) AppleWebKit/537.36 (KHTML, like Gecko) Chrome/121.0.0.0 Safari/537.36" "-"
187.171.224.0 - - [31/Jan/2024:11:54:22 -0600] "POST /gym/peticiones/pet_socios_pagos.php HTTP/1.1" 200 10 sergym.com "https://sergym.com/gym/?s=socios&i=pagos&id_socio=6590&pag_busqueda=flores" "Mozilla/5.0 (Windows NT 10.0; Win64; x64) AppleWebKit/537.36 (KHTML, like Gecko) Chrome/121.0.0.0 Safari/537.36" "-"
187.171.224.0 - - [31/Jan/2024:11:54:25 -0600] "POST /gym/?s=socios&i=pagos HTTP/1.1" 302 3959 sergym.com "https://sergym.com/gym/?s=socios&i=pagos&id_socio=6590&pag_busqueda=flores" "Mozilla/5.0 (Windows NT 10.0; Win64; x64) AppleWebKit/537.36 (KHTML, like Gecko) Chrome/121.0.0.0 Safari/537.36" "-"
187.171.224.0 - - [31/Jan/2024:11:54:25 -0600] "GET /gym/?s=socios&i=pagos&id_socio=6590&IDP=12402&token=061edea60fb79ff3e3bf0bb5aa5701b8 HTTP/1.1" 200 14617 sergym.com "https://sergym.com/gym/?s=socios&i=pagos&id_socio=6590&pag_busqueda=flores" "Mozilla/5.0 (Windows NT 10.0; Win64; x64) AppleWebKit/537.36 (KHTML, like Gecko) Chrome/121.0.0.0 Safari/537.36" "-"
187.171.224.0 - - [31/Jan/2024:11:54:27 -0600] "GET /gym/?s=socios HTTP/1.1" 200 35616 sergym.com "https://sergym.com/gym/?s=socios&i=pagos&id_socio=6590&IDP=12402&token=061edea60fb79ff3e3bf0bb5aa5701b8" "Mozilla/5.0 (Windows NT 10.0; Win64; x64) AppleWebKit/537.36 (KHTML, like Gecko) Chrome/121.0.0.0 Safari/537.36" "-"
187.171.224.0 - - [31/Jan/2024:11:56:40 -0600] "GET /gym/?s=venta HTTP/1.1" 200 8584 sergym.com "https://sergym.com/gym/?s=socios" "Mozilla/5.0 (Windows NT 10.0; Win64; x64) AppleWebKit/537.36 (KHTML, like Gecko) Chrome/121.0.0.0 Safari/537.36" "-"
187.171.224.0 - - [31/Jan/2024:11:56:44 -0600] "POST /gym/peticiones/pet_venta.php HTTP/1.1" 200 639 sergym.com "https://sergym.com/gym/?s=venta" "Mozilla/5.0 (Windows NT 10.0; Win64; x64) AppleWebKit/537.36 (KHTML, like Gecko) Chrome/121.0.0.0 Safari/537.36" "-"
187.171.224.0 - - [31/Jan/2024:11:56:47 -0600] "POST /gym/peticiones/pet_venta_procesar.php HTTP/1.1" 200 1587 sergym.com "https://sergym.com/gym/?s=venta" "Mozilla/5.0 (Windows NT 10.0; Win64; x64) AppleWebKit/537.36 (KHTML, like Gecko) Chrome/121.0.0.0 Safari/537.36" "-"
187.171.224.0 - - [31/Jan/2024:11:56:48 -0600] "POST /gym/peticiones/pet_venta_procesar.php HTTP/1.1" 200 148 sergym.com "https://sergym.com/gym/?s=venta" "Mozilla/5.0 (Windows NT 10.0; Win64; x64) AppleWebKit/537.36 (KHTML, like Gecko) Chrome/121.0.0.0 Safari/537.36" "-"
187.171.224.0 - - [31/Jan/2024:11:56:49 -0600] "GET /gym/?s=venta HTTP/1.1" 200 8584 sergym.com "https://sergym.com/gym/?s=venta" "Mozilla/5.0 (Windows NT 10.0; Win64; x64) AppleWebKit/537.36 (KHTML, like Gecko) Chrome/121.0.0.0 Safari/537.36" "-"
187.171.224.0 - - [31/Jan/2024:11:56:51 -0600] "POST /gym/peticiones/pet_venta.php HTTP/1.1" 200 640 sergym.com "https://sergym.com/gym/?s=venta" "Mozilla/5.0 (Windows NT 10.0; Win64; x64) AppleWebKit/537.36 (KHTML, like Gecko) Chrome/121.0.0.0 Safari/537.36" "-"
187.171.224.0 - - [31/Jan/2024:11:56:57 -0600] "POST /gym/peticiones/pet_venta_procesar.php HTTP/1.1" 200 1591 sergym.com "https://sergym.com/gym/?s=venta" "Mozilla/5.0 (Windows NT 10.0; Win64; x64) AppleWebKit/537.36 (KHTML, like Gecko) Chrome/121.0.0.0 Safari/537.36" "-"
187.171.224.0 - - [31/Jan/2024:11:56:58 -0600] "POST /gym/peticiones/pet_venta_procesar.php HTTP/1.1" 200 149 sergym.com "https://sergym.com/gym/?s=venta" "Mozilla/5.0 (Windows NT 10.0; Win64; x64) AppleWebKit/537.36 (KHTML, like Gecko) Chrome/121.0.0.0 Safari/537.36" "-"
187.171.224.0 - - [31/Jan/2024:11:56:58 -0600] "GET /gym/?s=venta HTTP/1.1" 200 8583 sergym.com "https://sergym.com/gym/?s=venta" "Mozilla/5.0 (Windows NT 10.0; Win64; x64) AppleWebKit/537.36 (KHTML, like Gecko) Chrome/121.0.0.0 Safari/537.36" "-"
2806:10a6:: - - [31/Jan/2024:11:57:01 -0600] "GET /lav/?s=entrega HTTP/1.1" 200 25776 sergym.com "https://sergym.com/lav/" "Mozilla/5.0 (Windows NT 10.0; Win64; x64) AppleWebKit/537.36 (KHTML, like Gecko) Chrome/121.0.0.0 Safari/537.36" "-"
187.171.224.0 - - [31/Jan/2024:11:57:02 -0600] "POST /gym/peticiones/pet_venta.php HTTP/1.1" 200 636 sergym.com "https://sergym.com/gym/?s=venta" "Mozilla/5.0 (Windows NT 10.0; Win64; x64) AppleWebKit/537.36 (KHTML, like Gecko) Chrome/121.0.0.0 Safari/537.36" "-"
2806:10a6:: - - [31/Jan/2024:11:57:06 -0600] "POST /lav/?s=entrega HTTP/1.1" 200 5559 sergym.com "https://sergym.com/lav/?s=entrega" "Mozilla/5.0 (Windows NT 10.0; Win64; x64) AppleWebKit/537.36 (KHTML, like Gecko) Chrome/121.0.0.0 Safari/537.36" "-"
187.171.224.0 - - [31/Jan/2024:11:57:07 -0600] "POST /gym/peticiones/pet_venta_procesar.php HTTP/1.1" 200 1584 sergym.com "https://sergym.com/gym/?s=venta" "Mozilla/5.0 (Windows NT 10.0; Win64; x64) AppleWebKit/537.36 (KHTML, like Gecko) Chrome/121.0.0.0 Safari/537.36" "-"
2806:10a6:: - - [31/Jan/2024:11:57:08 -0600] "POST /lav/peticiones/pet_entrega.php HTTP/1.1" 200 4653 sergym.com "https://sergym.com/lav/?s=entrega" "Mozilla/5.0 (Windows NT 10.0; Win64; x64) AppleWebKit/537.36 (KHTML, like Gecko) Chrome/121.0.0.0 Safari/537.36" "-"
187.171.224.0 - - [31/Jan/2024:11:57:08 -0600] "POST /gym/peticiones/pet_venta_procesar.php HTTP/1.1" 200 148 sergym.com "https://sergym.com/gym/?s=venta" "Mozilla/5.0 (Windows NT 10.0; Win64; x64) AppleWebKit/537.36 (KHTML, like Gecko) Chrome/121.0.0.0 Safari/537.36" "-"
187.171.224.0 - - [31/Jan/2024:11:57:09 -0600] "GET /gym/?s=venta HTTP/1.1" 200 8583 sergym.com "https://sergym.com/gym/?s=venta" "Mozilla/5.0 (Windows NT 10.0; Win64; x64) AppleWebKit/537.36 (KHTML, like Gecko) Chrome/121.0.0.0 Safari/537.36" "-"
2806:10a6:: - - [31/Jan/2024:11:57:12 -0600] "POST /lav/?s=entrega HTTP/1.1" 200 5557 sergym.com "https://sergym.com/lav/?s=entrega" "Mozilla/5.0 (Windows NT 10.0; Win64; x64) AppleWebKit/537.36 (KHTML, like Gecko) Chrome/121.0.0.0 Safari/537.36" "-"
2806:10a6:: - - [31/Jan/2024:11:57:14 -0600] "POST /lav/peticiones/pet_entrega.php HTTP/1.1" 200 4688 sergym.com "https://sergym.com/lav/?s=entrega" "Mozilla/5.0 (Windows NT 10.0; Win64; x64) AppleWebKit/537.36 (KHTML, like Gecko) Chrome/121.0.0.0 Safari/537.36" "-"
187.171.224.0 - - [31/Jan/2024:11:57:20 -0600] "GET /gym/?s=socios HTTP/1.1" 200 35616 sergym.com "https://sergym.com/gym/?s=venta" "Mozilla/5.0 (Windows NT 10.0; Win64; x64) AppleWebKit/537.36 (KHTML, like Gecko) Chrome/121.0.0.0 Safari/537.36" "-"
187.171.224.0 - - [31/Jan/2024:11:57:35 -0600] "POST /gym/?s=socios HTTP/1.1" 200 7414 sergym.com "https://sergym.com/gym/?s=socios" "Mozilla/5.0 (Windows NT 10.0; Win64; x64) AppleWebKit/537.36 (KHTML, like Gecko) Chrome/121.0.0.0 Safari/537.36" "-"
187.171.224.0 - - [31/Jan/2024:11:57:35 -0600] "GET /imagenes/avatar/8852.jpg HTTP/1.1" 304 - sergym.com "https://sergym.com/gym/?s=socios" "Mozilla/5.0 (Windows NT 10.0; Win64; x64) AppleWebKit/537.36 (KHTML, like Gecko) Chrome/121.0.0.0 Safari/537.36" "-"
187.171.224.0 - - [31/Jan/2024:11:57:39 -0600] "GET /gym/?s=socios&i=pagos&id_socio=8852&pag_busqueda=ramos%20hernandez HTTP/1.1" 200 10070 sergym.com "https://sergym.com/gym/?s=socios" "Mozilla/5.0 (Windows NT 10.0; Win64; x64) AppleWebKit/537.36 (KHTML, like Gecko) Chrome/121.0.0.0 Safari/537.36" "-"
187.171.224.0 - - [31/Jan/2024:11:57:42 -0600] "POST /gym/peticiones/pet_socios_pagos.php HTTP/1.1" 200 - sergym.com "https://sergym.com/gym/?s=socios&i=pagos&id_socio=8852&pag_busqueda=ramos%20hernandez" "Mozilla/5.0 (Windows NT 10.0; Win64; x64) AppleWebKit/537.36 (KHTML, like Gecko) Chrome/121.0.0.0 Safari/537.36" "-"
187.171.224.0 - - [31/Jan/2024:11:57:46 -0600] "POST /gym/peticiones/pet_socios_pagos.php HTTP/1.1" 200 10 sergym.com "https://sergym.com/gym/?s=socios&i=pagos&id_socio=8852&pag_busqueda=ramos%20hernandez" "Mozilla/5.0 (Windows NT 10.0; Win64; x64) AppleWebKit/537.36 (KHTML, like Gecko) Chrome/121.0.0.0 Safari/537.36" "-"
187.171.224.0 - - [31/Jan/2024:11:57:48 -0600] "POST /gym/?s=socios&i=pagos HTTP/1.1" 302 3959 sergym.com "https://sergym.com/gym/?s=socios&i=pagos&id_socio=8852&pag_busqueda=ramos%20hernandez" "Mozilla/5.0 (Windows NT 10.0; Win64; x64) AppleWebKit/537.36 (KHTML, like Gecko) Chrome/121.0.0.0 Safari/537.36" "-"
187.171.224.0 - - [31/Jan/2024:11:57:48 -0600] "GET /gym/?s=socios&i=pagos&id_socio=8852&IDP=12403&token=1213811760b62d35229530d96a74987f HTTP/1.1" 200 10380 sergym.com "https://sergym.com/gym/?s=socios&i=pagos&id_socio=8852&pag_busqueda=ramos%20hernandez" "Mozilla/5.0 (Windows NT 10.0; Win64; x64) AppleWebKit/537.36 (KHTML, like Gecko) Chrome/121.0.0.0 Safari/537.36" "-"
187.171.224.0 - - [31/Jan/2024:11:57:50 -0600] "GET /gym/?s=socios&i=nuevo HTTP/1.1" 200 7994 sergym.com "https://sergym.com/gym/?s=socios&i=pagos&id_socio=8852&IDP=12403&token=1213811760b62d35229530d96a74987f" "Mozilla/5.0 (Windows NT 10.0; Win64; x64) AppleWebKit/537.36 (KHTML, like Gecko) Chrome/121.0.0.0 Safari/537.36" "-"
187.171.224.0 - - [31/Jan/2024:11:57:53 -0600] "GET /gym/?s=socios HTTP/1.1" 200 35623 sergym.com "https://sergym.com/gym/?s=socios&i=nuevo" "Mozilla/5.0 (Windows NT 10.0; Win64; x64) AppleWebKit/537.36 (KHTML, like Gecko) Chrome/121.0.0.0 Safari/537.36" "-"
2806:10a6:: - - [31/Jan/2024:11:57:58 -0600] "GET /lav/?s=entrega HTTP/1.1" 200 25776 sergym.com "https://sergym.com/lav/" "Mozilla/5.0 (Windows NT 10.0; Win64; x64) AppleWebKit/537.36 (KHTML, like Gecko) Chrome/121.0.0.0 Safari/537.36" "-"
187.171.224.0 - - [31/Jan/2024:11:58:01 -0600] "POST /gym/?s=socios HTTP/1.1" 200 7406 sergym.com "https://sergym.com/gym/?s=socios" "Mozilla/5.0 (Windows NT 10.0; Win64; x64) AppleWebKit/537.36 (KHTML, like Gecko) Chrome/121.0.0.0 Safari/537.36" "-"
2806:10a6:: - - [31/Jan/2024:11:58:02 -0600] "POST /lav/?s=entrega HTTP/1.1" 200 5559 sergym.com "https://sergym.com/lav/?s=entrega" "Mozilla/5.0 (Windows NT 10.0; Win64; x64) AppleWebKit/537.36 (KHTML, like Gecko) Chrome/121.0.0.0 Safari/537.36" "-"
187.171.224.0 - - [31/Jan/2024:11:58:02 -0600] "GET /imagenes/avatar/8851.jpg HTTP/1.1" 304 - sergym.com "https://sergym.com/gym/?s=socios" "Mozilla/5.0 (Windows NT 10.0; Win64; x64) AppleWebKit/537.36 (KHTML, like Gecko) Chrome/121.0.0.0 Safari/537.36" "-"
2806:10a6:: - - [31/Jan/2024:11:58:03 -0600] "POST /lav/peticiones/pet_entrega.php HTTP/1.1" 200 4653 sergym.com "https://sergym.com/lav/?s=entrega" "Mozilla/5.0 (Windows NT 10.0; Win64; x64) AppleWebKit/537.36 (KHTML, like Gecko) Chrome/121.0.0.0 Safari/537.36" "-"
187.171.224.0 - - [31/Jan/2024:11:58:05 -0600] "GET /gym/?s=socios&i=pagos&id_socio=8851&pag_busqueda=morales%20solis HTTP/1.1" 200 10058 sergym.com "https://sergym.com/gym/?s=socios" "Mozilla/5.0 (Windows NT 10.0; Win64; x64) AppleWebKit/537.36 (KHTML, like Gecko) Chrome/121.0.0.0 Safari/537.36" "-"
187.171.224.0 - - [31/Jan/2024:11:58:08 -0600] "POST /gym/peticiones/pet_socios_pagos.php HTTP/1.1" 200 - sergym.com "https://sergym.com/gym/?s=socios&i=pagos&id_socio=8851&pag_busqueda=morales%20solis" "Mozilla/5.0 (Windows NT 10.0; Win64; x64) AppleWebKit/537.36 (KHTML, like Gecko) Chrome/121.0.0.0 Safari/537.36" "-"
187.171.224.0 - - [31/Jan/2024:11:58:13 -0600] "POST /gym/peticiones/pet_socios_pagos.php HTTP/1.1" 200 10 sergym.com "https://sergym.com/gym/?s=socios&i=pagos&id_socio=8851&pag_busqueda=morales%20solis" "Mozilla/5.0 (Windows NT 10.0; Win64; x64) AppleWebKit/537.36 (KHTML, like Gecko) Chrome/121.0.0.0 Safari/537.36" "-"
187.171.224.0 - - [31/Jan/2024:11:58:15 -0600] "POST /gym/?s=socios&i=pagos HTTP/1.1" 302 3959 sergym.com "https://sergym.com/gym/?s=socios&i=pagos&id_socio=8851&pag_busqueda=morales%20solis" "Mozilla/5.0 (Windows NT 10.0; Win64; x64) AppleWebKit/537.36 (KHTML, like Gecko) Chrome/121.0.0.0 Safari/537.36" "-"
187.171.224.0 - - [31/Jan/2024:11:58:15 -0600] "GET /gym/?s=socios&i=pagos&id_socio=8851&IDP=12404&token=b7e4283e5dd69e91b82bc8858aef0953 HTTP/1.1" 200 10372 sergym.com "https://sergym.com/gym/?s=socios&i=pagos&id_socio=8851&pag_busqueda=morales%20solis" "Mozilla/5.0 (Windows NT 10.0; Win64; x64) AppleWebKit/537.36 (KHTML, like Gecko) Chrome/121.0.0.0 Safari/537.36" "-"
58.49.233.0 - - [31/Jan/2024:12:02:31 -0600] "GET / HTTP/1.1" 301 227 www.sergym.com "-" "Mozilla/5.0 (iPhone; CPU iPhone OS 13_2_3 like Mac OS X) AppleWebKit/605.1.15 (KHTML, like Gecko) Version/13.0.3 Mobile/15E148 Safari/604.1" "-"
58.49.233.0 - - [31/Jan/2024:12:02:41 -0600] "GET / HTTP/1.1" 302 - sergym.com "http://www.sergym.com" "Mozilla/5.0 (iPhone; CPU iPhone OS 13_2_3 like Mac OS X) AppleWebKit/605.1.15 (KHTML, like Gecko) Version/13.0.3 Mobile/15E148 Safari/604.1" "-"
58.49.233.0 - - [31/Jan/2024:12:02:43 -0600] "GET /principal/ HTTP/1.1" 200 2626 sergym.com "https://sergym.com/" "Mozilla/5.0 (iPhone; CPU iPhone OS 13_2_3 like Mac OS X) AppleWebKit/605.1.15 (KHTML, like Gecko) Version/13.0.3 Mobile/15E148 Safari/604.1" "-"
2806:10a6:: - - [31/Jan/2024:12:06:04 -0600] "GET /lav/?s=entrega HTTP/1.1" 200 25776 sergym.com "https://sergym.com/lav/" "Mozilla/5.0 (Windows NT 10.0; Win64; x64) AppleWebKit/537.36 (KHTML, like Gecko) Chrome/121.0.0.0 Safari/537.36" "-"
2806:10a6:: - - [31/Jan/2024:12:06:04 -0600] "GET /lav/ HTTP/1.1" 200 4991 sergym.com "https://sergym.com/lav/?s=recepcion" "Mozilla/5.0 (Windows NT 10.0; Win64; x64) AppleWebKit/537.36 (KHTML, like Gecko) Chrome/121.0.0.0 Safari/537.36" "-"
2806:10a6:: - - [31/Jan/2024:12:06:06 -0600] "GET /lav/?s=recepcion HTTP/1.1" 200 4892 sergym.com "https://sergym.com/lav/" "Mozilla/5.0 (Windows NT 10.0; Win64; x64) AppleWebKit/537.36 (KHTML, like Gecko) Chrome/121.0.0.0 Safari/537.36" "-"
2806:10a6:: - - [31/Jan/2024:12:06:07 -0600] "GET /lav/?s=venta&i=edredones HTTP/1.1" 200 27416 sergym.com "https://sergym.com/lav/?s=recepcion" "Mozilla/5.0 (Windows NT 10.0; Win64; x64) AppleWebKit/537.36 (KHTML, like Gecko) Chrome/121.0.0.0 Safari/537.36" "-"
2806:10a6:: - - [31/Jan/2024:12:06:07 -0600] "POST /lav/peticiones/pet_venta_socios.php HTTP/1.1" 200 16365 sergym.com "https://sergym.com/lav/?s=venta&i=edredones" "Mozilla/5.0 (Windows NT 10.0; Win64; x64) AppleWebKit/537.36 (KHTML, like Gecko) Chrome/121.0.0.0 Safari/537.36" "-"
2806:10a6:: - - [31/Jan/2024:12:06:12 -0600] "POST /lav/peticiones/pet_venta_socios_busqueda.php HTTP/1.1" 200 626 sergym.com "https://sergym.com/lav/?s=venta&i=edredones" "Mozilla/5.0 (Windows NT 10.0; Win64; x64) AppleWebKit/537.36 (KHTML, like Gecko) Chrome/121.0.0.0 Safari/537.36" "-"
2806:10a6:: - - [31/Jan/2024:12:06:18 -0600] "POST /lav/peticiones/pet_venta.php HTTP/1.1" 200 723 sergym.com "https://sergym.com/lav/?s=venta&i=edredones" "Mozilla/5.0 (Windows NT 10.0; Win64; x64) AppleWebKit/537.36 (KHTML, like Gecko) Chrome/121.0.0.0 Safari/537.36" "-"
2806:10a6:: - - [31/Jan/2024:12:06:27 -0600] "POST /lav/peticiones/pet_venta.php HTTP/1.1" 200 714 sergym.com "https://sergym.com/lav/?s=venta&i=edredones" "Mozilla/5.0 (Windows NT 10.0; Win64; x64) AppleWebKit/537.36 (KHTML, like Gecko) Chrome/121.0.0.0 Safari/537.36" "-"
2806:10a6:: - - [31/Jan/2024:12:06:33 -0600] "POST /lav/peticiones/pet_venta_procesar.php HTTP/1.1" 200 2919 sergym.com "https://sergym.com/lav/?s=venta&i=edredones" "Mozilla/5.0 (Windows NT 10.0; Win64; x64) AppleWebKit/537.36 (KHTML, like Gecko) Chrome/121.0.0.0 Safari/537.36" "-"
2806:10a6:: - - [31/Jan/2024:12:06:38 -0600] "POST /lav/peticiones/pet_venta_procesar.php HTTP/1.1" 200 122 sergym.com "https://sergym.com/lav/?s=venta&i=edredones" "Mozilla/5.0 (Windows NT 10.0; Win64; x64) AppleWebKit/537.36 (KHTML, like Gecko) Chrome/121.0.0.0 Safari/537.36" "-"
2806:10a6:: - - [31/Jan/2024:12:06:38 -0600] "GET /lav/?s=venta&i=ticket&folio=631&id_socio=8500&id=213144&anio=2024&tipo=EDREDONES HTTP/1.1" 200 114991 sergym.com "https://sergym.com/lav/?s=venta&i=edredones" "Mozilla/5.0 (Windows NT 10.0; Win64; x64) AppleWebKit/537.36 (KHTML, like Gecko) Chrome/121.0.0.0 Safari/537.36" "-"
2806:10a6:: - - [31/Jan/2024:12:07:00 -0600] "GET /lav/?s=venta&i=edredones HTTP/1.1" 200 27416 sergym.com "https://sergym.com/lav/?s=recepcion" "Mozilla/5.0 (Windows NT 10.0; Win64; x64) AppleWebKit/537.36 (KHTML, like Gecko) Chrome/121.0.0.0 Safari/537.36" "-"
2806:10a6:: - - [31/Jan/2024:12:07:00 -0600] "GET /lav/?s=recepcion HTTP/1.1" 200 4892 sergym.com "https://sergym.com/lav/" "Mozilla/5.0 (Windows NT 10.0; Win64; x64) AppleWebKit/537.36 (KHTML, like Gecko) Chrome/121.0.0.0 Safari/537.36" "-"
2806:10a6:: - - [31/Jan/2024:12:07:00 -0600] "POST /lav/peticiones/pet_venta_socios.php HTTP/1.1" 200 16365 sergym.com "https://sergym.com/lav/?s=venta&i=edredones" "Mozilla/5.0 (Windows NT 10.0; Win64; x64) AppleWebKit/537.36 (KHTML, like Gecko) Chrome/121.0.0.0 Safari/537.36" "-"
2806:10a6:: - - [31/Jan/2024:12:07:02 -0600] "GET /lav/ HTTP/1.1" 200 4991 sergym.com "https://sergym.com/lav/?s=recepcion" "Mozilla/5.0 (Windows NT 10.0; Win64; x64) AppleWebKit/537.36 (KHTML, like Gecko) Chrome/121.0.0.0 Safari/537.36" "-"
2806:10a6:: - - [31/Jan/2024:12:07:03 -0600] "GET /lav/?s=entrega HTTP/1.1" 200 25776 sergym.com "https://sergym.com/lav/" "Mozilla/5.0 (Windows NT 10.0; Win64; x64) AppleWebKit/537.36 (KHTML, like Gecko) Chrome/121.0.0.0 Safari/537.36" "-"
2806:10a6:: - - [31/Jan/2024:12:07:08 -0600] "POST /lav/?s=entrega HTTP/1.1" 200 5891 sergym.com "https://sergym.com/lav/?s=entrega" "Mozilla/5.0 (Windows NT 10.0; Win64; x64) AppleWebKit/537.36 (KHTML, like Gecko) Chrome/121.0.0.0 Safari/537.36" "-"
2806:10a6:: - - [31/Jan/2024:12:07:10 -0600] "POST /lav/peticiones/pet_entrega.php HTTP/1.1" 200 4488 sergym.com "https://sergym.com/lav/?s=entrega" "Mozilla/5.0 (Windows NT 10.0; Win64; x64) AppleWebKit/537.36 (KHTML, like Gecko) Chrome/121.0.0.0 Safari/537.36" "-"
2806:10a6:: - - [31/Jan/2024:12:07:28 -0600] "POST /lav/peticiones/pet_entrega.php HTTP/1.1" 200 4488 sergym.com "https://sergym.com/lav/?s=entrega" "Mozilla/5.0 (Windows NT 10.0; Win64; x64) AppleWebKit/537.36 (KHTML, like Gecko) Chrome/121.0.0.0 Safari/537.36" "-"
187.171.224.0 - - [31/Jan/2024:12:17:39 -0600] "GET /gym/?s=socios HTTP/1.1" 200 35617 sergym.com "https://sergym.com/gym/?s=socios&i=pagos&id_socio=8851&IDP=12404&token=b7e4283e5dd69e91b82bc8858aef0953" "Mozilla/5.0 (Windows NT 10.0; Win64; x64) AppleWebKit/537.36 (KHTML, like Gecko) Chrome/121.0.0.0 Safari/537.36" "-"
187.171.224.0 - - [31/Jan/2024:12:17:46 -0600] "POST /gym/?s=socios HTTP/1.1" 200 78483 sergym.com "https://sergym.com/gym/?s=socios" "Mozilla/5.0 (Windows NT 10.0; Win64; x64) AppleWebKit/537.36 (KHTML, like Gecko) Chrome/121.0.0.0 Safari/537.36" "-"
109.123.234.0 - - [31/Jan/2024:12:28:09 -0600] "GET /wp-login.php HTTP/1.1" 301 239 www.sergym.com "-" "Mozilla/5.0 (X11; Fedora; Linux x86_64; rv:94.0) Gecko/20100101 Firefox/95.0" "-"
109.123.234.0 - - [31/Jan/2024:12:28:21 -0600] "GET /wp-login.php HTTP/1.1" 404 1271 sergym.com "http://www.sergym.com/wp-login.php" "Mozilla/5.0 (X11; Fedora; Linux x86_64; rv:94.0) Gecko/20100101 Firefox/95.0" "-"
2806:10a6:: - - [31/Jan/2024:12:51:52 -0600] "GET /lav/ HTTP/1.1" 200 4991 sergym.com "https://sergym.com/lav/?s=recepcion" "Mozilla/5.0 (Windows NT 10.0; Win64; x64) AppleWebKit/537.36 (KHTML, like Gecko) Chrome/121.0.0.0 Safari/537.36" "-"
2806:10a6:: - - [31/Jan/2024:12:51:54 -0600] "GET /lav/?s=recepcion HTTP/1.1" 200 4892 sergym.com "https://sergym.com/lav/" "Mozilla/5.0 (Windows NT 10.0; Win64; x64) AppleWebKit/537.36 (KHTML, like Gecko) Chrome/121.0.0.0 Safari/537.36" "-"
2806:10a6:: - - [31/Jan/2024:12:51:57 -0600] "GET /lav/?s=venta&i=lavanderia HTTP/1.1" 200 21483 sergym.com "https://sergym.com/lav/?s=recepcion" "Mozilla/5.0 (Windows NT 10.0; Win64; x64) AppleWebKit/537.36 (KHTML, like Gecko) Chrome/121.0.0.0 Safari/537.36" "-"
2806:10a6:: - - [31/Jan/2024:12:51:58 -0600] "POST /lav/peticiones/pet_venta_socios.php HTTP/1.1" 200 16365 sergym.com "https://sergym.com/lav/?s=venta&i=lavanderia" "Mozilla/5.0 (Windows NT 10.0; Win64; x64) AppleWebKit/537.36 (KHTML, like Gecko) Chrome/121.0.0.0 Safari/537.36" "-"
2806:10a6:: - - [31/Jan/2024:12:52:03 -0600] "POST /lav/peticiones/pet_venta_socios_busqueda.php HTTP/1.1" 200 934 sergym.com "https://sergym.com/lav/?s=venta&i=lavanderia" "Mozilla/5.0 (Windows NT 10.0; Win64; x64) AppleWebKit/537.36 (KHTML, like Gecko) Chrome/121.0.0.0 Safari/537.36" "-"
2806:10a6:: - - [31/Jan/2024:12:52:08 -0600] "POST /lav/peticiones/pet_venta.php HTTP/1.1" 200 697 sergym.com "https://sergym.com/lav/?s=venta&i=lavanderia" "Mozilla/5.0 (Windows NT 10.0; Win64; x64) AppleWebKit/537.36 (KHTML, like Gecko) Chrome/121.0.0.0 Safari/537.36" "-"
2806:10a6:: - - [31/Jan/2024:12:52:15 -0600] "POST /lav/peticiones/pet_venta_procesar.php HTTP/1.1" 200 2733 sergym.com "https://sergym.com/lav/?s=venta&i=lavanderia" "Mozilla/5.0 (Windows NT 10.0; Win64; x64) AppleWebKit/537.36 (KHTML, like Gecko) Chrome/121.0.0.0 Safari/537.36" "-"
2806:10a6:: - - [31/Jan/2024:12:52:16 -0600] "POST /lav/peticiones/pet_venta_procesar.php HTTP/1.1" 200 120 sergym.com "https://sergym.com/lav/?s=venta&i=lavanderia" "Mozilla/5.0 (Windows NT 10.0; Win64; x64) AppleWebKit/537.36 (KHTML, like Gecko) Chrome/121.0.0.0 Safari/537.36" "-"
2806:10a6:: - - [31/Jan/2024:12:52:17 -0600] "GET /lav/?s=venta&i=ticket&folio=632&id_socio=7413&id=213145&anio=2024&tipo=LAVANDERIA HTTP/1.1" 200 114915 sergym.com "https://sergym.com/lav/?s=venta&i=lavanderia" "Mozilla/5.0 (Windows NT 10.0; Win64; x64) AppleWebKit/537.36 (KHTML, like Gecko) Chrome/121.0.0.0 Safari/537.36" "-"
187.171.224.0 - - [31/Jan/2024:12:52:32 -0600] "GET /gym/?s=venta HTTP/1.1" 200 8583 sergym.com "https://sergym.com/gym/?s=socios" "Mozilla/5.0 (Windows NT 10.0; Win64; x64) AppleWebKit/537.36 (KHTML, like Gecko) Chrome/121.0.0.0 Safari/537.36" "-"
2806:10a6:: - - [31/Jan/2024:12:52:53 -0600] "GET /lav/?s=venta&i=lavanderia HTTP/1.1" 200 21483 sergym.com "https://sergym.com/lav/?s=recepcion" "Mozilla/5.0 (Windows NT 10.0; Win64; x64) AppleWebKit/537.36 (KHTML, like Gecko) Chrome/121.0.0.0 Safari/537.36" "-"
2806:10a6:: - - [31/Jan/2024:12:52:53 -0600] "GET /lav/?s=recepcion HTTP/1.1" 200 4892 sergym.com "https://sergym.com/lav/" "Mozilla/5.0 (Windows NT 10.0; Win64; x64) AppleWebKit/537.36 (KHTML, like Gecko) Chrome/121.0.0.0 Safari/537.36" "-"
2806:10a6:: - - [31/Jan/2024:12:53:02 -0600] "GET /lav/?s=venta&i=edredones HTTP/1.1" 200 27416 sergym.com "https://sergym.com/lav/?s=recepcion" "Mozilla/5.0 (Windows NT 10.0; Win64; x64) AppleWebKit/537.36 (KHTML, like Gecko) Chrome/121.0.0.0 Safari/537.36" "-"
2806:10a6:: - - [31/Jan/2024:12:53:02 -0600] "POST /lav/peticiones/pet_venta_socios.php HTTP/1.1" 200 16365 sergym.com "https://sergym.com/lav/?s=venta&i=edredones" "Mozilla/5.0 (Windows NT 10.0; Win64; x64) AppleWebKit/537.36 (KHTML, like Gecko) Chrome/121.0.0.0 Safari/537.36" "-"
2806:10a6:: - - [31/Jan/2024:12:53:07 -0600] "POST /lav/peticiones/pet_venta_socios_busqueda.php HTTP/1.1" 200 918 sergym.com "https://sergym.com/lav/?s=venta&i=edredones" "Mozilla/5.0 (Windows NT 10.0; Win64; x64) AppleWebKit/537.36 (KHTML, like Gecko) Chrome/121.0.0.0 Safari/537.36" "-"
2806:10a6:: - - [31/Jan/2024:12:53:17 -0600] "POST /lav/peticiones/pet_venta_socios_busqueda.php HTTP/1.1" 200 934 sergym.com "https://sergym.com/lav/?s=venta&i=edredones" "Mozilla/5.0 (Windows NT 10.0; Win64; x64) AppleWebKit/537.36 (KHTML, like Gecko) Chrome/121.0.0.0 Safari/537.36" "-"
2806:10a6:: - - [31/Jan/2024:12:53:21 -0600] "POST /lav/peticiones/pet_venta.php HTTP/1.1" 200 723 sergym.com "https://sergym.com/lav/?s=venta&i=edredones" "Mozilla/5.0 (Windows NT 10.0; Win64; x64) AppleWebKit/537.36 (KHTML, like Gecko) Chrome/121.0.0.0 Safari/537.36" "-"
2806:10a6:: - - [31/Jan/2024:12:53:25 -0600] "POST /lav/peticiones/pet_venta.php HTTP/1.1" 200 705 sergym.com "https://sergym.com/lav/?s=venta&i=edredones" "Mozilla/5.0 (Windows NT 10.0; Win64; x64) AppleWebKit/537.36 (KHTML, like Gecko) Chrome/121.0.0.0 Safari/537.36" "-"
2806:10a6:: - - [31/Jan/2024:12:53:53 -0600] "POST /lav/peticiones/pet_venta_procesar.php HTTP/1.1" 200 2910 sergym.com "https://sergym.com/lav/?s=venta&i=edredones" "Mozilla/5.0 (Windows NT 10.0; Win64; x64) AppleWebKit/537.36 (KHTML, like Gecko) Chrome/121.0.0.0 Safari/537.36" "-"
2806:10a6:: - - [31/Jan/2024:12:54:04 -0600] "POST /lav/peticiones/pet_venta_procesar.php HTTP/1.1" 200 122 sergym.com "https://sergym.com/lav/?s=venta&i=edredones" "Mozilla/5.0 (Windows NT 10.0; Win64; x64) AppleWebKit/537.36 (KHTML, like Gecko) Chrome/121.0.0.0 Safari/537.36" "-"
2806:10a6:: - - [31/Jan/2024:12:54:05 -0600] "GET /lav/?s=venta&i=ticket&folio=633&id_socio=7413&id=213146&anio=2024&tipo=EDREDONES HTTP/1.1" 200 114991 sergym.com "https://sergym.com/lav/?s=venta&i=edredones" "Mozilla/5.0 (Windows NT 10.0; Win64; x64) AppleWebKit/537.36 (KHTML, like Gecko) Chrome/121.0.0.0 Safari/537.36" "-"
187.171.224.0 - - [31/Jan/2024:13:00:45 -0600] "POST /gym/peticiones/pet_venta.php HTTP/1.1" 200 635 sergym.com "https://sergym.com/gym/?s=venta" "Mozilla/5.0 (Windows NT 10.0; Win64; x64) AppleWebKit/537.36 (KHTML, like Gecko) Chrome/121.0.0.0 Safari/537.36" "-"
187.171.224.0 - - [31/Jan/2024:13:00:50 -0600] "POST /gym/peticiones/pet_venta_procesar.php HTTP/1.1" 200 1592 sergym.com "https://sergym.com/gym/?s=venta" "Mozilla/5.0 (Windows NT 10.0; Win64; x64) AppleWebKit/537.36 (KHTML, like Gecko) Chrome/121.0.0.0 Safari/537.36" "-"
187.171.224.0 - - [31/Jan/2024:13:00:51 -0600] "POST /gym/peticiones/pet_venta_procesar.php HTTP/1.1" 200 148 sergym.com "https://sergym.com/gym/?s=venta" "Mozilla/5.0 (Windows NT 10.0; Win64; x64) AppleWebKit/537.36 (KHTML, like Gecko) Chrome/121.0.0.0 Safari/537.36" "-"
187.171.224.0 - - [31/Jan/2024:13:00:51 -0600] "GET /gym/?s=venta HTTP/1.1" 200 8583 sergym.com "https://sergym.com/gym/?s=venta" "Mozilla/5.0 (Windows NT 10.0; Win64; x64) AppleWebKit/537.36 (KHTML, like Gecko) Chrome/121.0.0.0 Safari/537.36" "-"
187.171.224.0 - - [31/Jan/2024:13:22:45 -0600] "GET /gym/?s=horas HTTP/1.1" 200 9419 sergym.com "https://sergym.com/gym/?s=venta" "Mozilla/5.0 (Windows NT 10.0; Win64; x64) AppleWebKit/537.36 (KHTML, like Gecko) Chrome/121.0.0.0 Safari/537.36" "-"
187.171.224.0 - - [31/Jan/2024:13:23:01 -0600] "POST /gym/?s=horas HTTP/1.1" 302 3804 sergym.com "https://sergym.com/gym/?s=horas" "Mozilla/5.0 (Windows NT 10.0; Win64; x64) AppleWebKit/537.36 (KHTML, like Gecko) Chrome/121.0.0.0 Safari/537.36" "-"
187.171.224.0 - - [31/Jan/2024:13:23:02 -0600] "GET /gym/?s=horas&IDH=46124&token=b2174c373048a2be93d9217f4b7b7ff0 HTTP/1.1" 200 9717 sergym.com "https://sergym.com/gym/?s=horas" "Mozilla/5.0 (Windows NT 10.0; Win64; x64) AppleWebKit/537.36 (KHTML, like Gecko) Chrome/121.0.0.0 Safari/537.36" "-"
23.150.24.0 - - [31/Jan/2024:13:23:10 -0600] "GET / HTTP/1.1" 301 227 sergym.com "-" "Mozilla/5.0 (Windows NT 10.0; Win64; x64) AppleWebKit/537.36 (KHTML, like Gecko) Chrome/95.0.4638.69 Safari/537.36" "-"
23.150.24.0 - - [31/Jan/2024:13:23:12 -0600] "GET //wp-includes/ID3/license.txt HTTP/1.1" 404 1271 sergym.com "-" "Mozilla/5.0 (Windows NT 10.0; Win64; x64) AppleWebKit/537.36 (KHTML, like Gecko) Chrome/95.0.4638.69 Safari/537.36" "-"
23.150.24.0 - - [31/Jan/2024:13:23:12 -0600] "GET //feed/ HTTP/1.1" 404 1271 sergym.com "-" "Mozilla/5.0 (Windows NT 10.0; Win64; x64) AppleWebKit/537.36 (KHTML, like Gecko) Chrome/95.0.4638.69 Safari/537.36" "-"
23.150.24.0 - - [31/Jan/2024:13:23:12 -0600] "GET //xmlrpc.php?rsd HTTP/1.1" 404 1271 sergym.com "-" "Mozilla/5.0 (Windows NT 10.0; Win64; x64) AppleWebKit/537.36 (KHTML, like Gecko) Chrome/95.0.4638.69 Safari/537.36" "-"
23.150.24.0 - - [31/Jan/2024:13:23:12 -0600] "GET //blog/wp-includes/wlwmanifest.xml HTTP/1.1" 404 1271 sergym.com "-" "Mozilla/5.0 (Windows NT 10.0; Win64; x64) AppleWebKit/537.36 (KHTML, like Gecko) Chrome/95.0.4638.69 Safari/537.36" "-"
23.150.24.0 - - [31/Jan/2024:13:23:13 -0600] "GET //web/wp-includes/wlwmanifest.xml HTTP/1.1" 404 1271 sergym.com "-" "Mozilla/5.0 (Windows NT 10.0; Win64; x64) AppleWebKit/537.36 (KHTML, like Gecko) Chrome/95.0.4638.69 Safari/537.36" "-"
23.150.24.0 - - [31/Jan/2024:13:23:13 -0600] "GET //wordpress/wp-includes/wlwmanifest.xml HTTP/1.1" 404 1271 sergym.com "-" "Mozilla/5.0 (Windows NT 10.0; Win64; x64) AppleWebKit/537.36 (KHTML, like Gecko) Chrome/95.0.4638.69 Safari/537.36" "-"
23.150.24.0 - - [31/Jan/2024:13:23:13 -0600] "GET //wp/wp-includes/wlwmanifest.xml HTTP/1.1" 404 1271 sergym.com "-" "Mozilla/5.0 (Windows NT 10.0; Win64; x64) AppleWebKit/537.36 (KHTML, like Gecko) Chrome/95.0.4638.69 Safari/537.36" "-"
23.150.24.0 - - [31/Jan/2024:13:23:13 -0600] "GET //2020/wp-includes/wlwmanifest.xml HTTP/1.1" 404 1271 sergym.com "-" "Mozilla/5.0 (Windows NT 10.0; Win64; x64) AppleWebKit/537.36 (KHTML, like Gecko) Chrome/95.0.4638.69 Safari/537.36" "-"
23.150.24.0 - - [31/Jan/2024:13:23:13 -0600] "GET //2019/wp-includes/wlwmanifest.xml HTTP/1.1" 404 1271 sergym.com "-" "Mozilla/5.0 (Windows NT 10.0; Win64; x64) AppleWebKit/537.36 (KHTML, like Gecko) Chrome/95.0.4638.69 Safari/537.36" "-"
23.150.24.0 - - [31/Jan/2024:13:23:13 -0600] "GET //2021/wp-includes/wlwmanifest.xml HTTP/1.1" 404 1271 sergym.com "-" "Mozilla/5.0 (Windows NT 10.0; Win64; x64) AppleWebKit/537.36 (KHTML, like Gecko) Chrome/95.0.4638.69 Safari/537.36" "-"
23.150.24.0 - - [31/Jan/2024:13:23:13 -0600] "GET //shop/wp-includes/wlwmanifest.xml HTTP/1.1" 404 1271 sergym.com "-" "Mozilla/5.0 (Windows NT 10.0; Win64; x64) AppleWebKit/537.36 (KHTML, like Gecko) Chrome/95.0.4638.69 Safari/537.36" "-"
23.150.24.0 - - [31/Jan/2024:13:23:13 -0600] "GET //wp1/wp-includes/wlwmanifest.xml HTTP/1.1" 404 1271 sergym.com "-" "Mozilla/5.0 (Windows NT 10.0; Win64; x64) AppleWebKit/537.36 (KHTML, like Gecko) Chrome/95.0.4638.69 Safari/537.36" "-"
23.150.24.0 - - [31/Jan/2024:13:23:13 -0600] "GET //test/wp-includes/wlwmanifest.xml HTTP/1.1" 404 1271 sergym.com "-" "Mozilla/5.0 (Windows NT 10.0; Win64; x64) AppleWebKit/537.36 (KHTML, like Gecko) Chrome/95.0.4638.69 Safari/537.36" "-"
23.150.24.0 - - [31/Jan/2024:13:23:13 -0600] "GET //site/wp-includes/wlwmanifest.xml HTTP/1.1" 404 1271 sergym.com "-" "Mozilla/5.0 (Windows NT 10.0; Win64; x64) AppleWebKit/537.36 (KHTML, like Gecko) Chrome/95.0.4638.69 Safari/537.36" "-"
23.150.24.0 - - [31/Jan/2024:13:23:13 -0600] "GET //cms/wp-includes/wlwmanifest.xml HTTP/1.1" 301 258 sergym.com "-" "Mozilla/5.0 (Windows NT 10.0; Win64; x64) AppleWebKit/537.36 (KHTML, like Gecko) Chrome/95.0.4638.69 Safari/537.36" "-"
187.171.224.0 - - [31/Jan/2024:13:23:17 -0600] "POST /gym/?s=horas HTTP/1.1" 302 3804 sergym.com "https://sergym.com/gym/?s=horas&IDH=46124&token=b2174c373048a2be93d9217f4b7b7ff0" "Mozilla/5.0 (Windows NT 10.0; Win64; x64) AppleWebKit/537.36 (KHTML, like Gecko) Chrome/121.0.0.0 Safari/537.36" "-"
187.171.224.0 - - [31/Jan/2024:13:23:17 -0600] "GET /gym/?s=horas&IDH=46125&token=8656ab810e879405cb8c0acdf5468f90 HTTP/1.1" 200 10054 sergym.com "https://sergym.com/gym/?s=horas&IDH=46124&token=b2174c373048a2be93d9217f4b7b7ff0" "Mozilla/5.0 (Windows NT 10.0; Win64; x64) AppleWebKit/537.36 (KHTML, like Gecko) Chrome/121.0.0.0 Safari/537.36" "-"
124.248.67.0 - - [31/Jan/2024:13:25:57 -0600] "GET / HTTP/1.1" 301 227 www.sergym.com "http://www.sergym.com" "Mozilla/5.0 (compatible; MSIE 9.0; Windows NT 6.1; WOW64; Trident/5.0)" "-"
124.248.67.0 - - [31/Jan/2024:13:25:58 -0600] "GET / HTTP/1.1" 302 - sergym.com "http://www.sergym.com" "Mozilla/5.0 (compatible; MSIE 9.0; Windows NT 6.1; WOW64; Trident/5.0)" "-"
124.248.67.0 - - [31/Jan/2024:13:25:58 -0600] "GET /principal/ HTTP/1.1" 200 2626 sergym.com "http://www.sergym.com" "Mozilla/5.0 (compatible; MSIE 9.0; Windows NT 6.1; WOW64; Trident/5.0)" "-"
187.171.224.0 - - [31/Jan/2024:13:32:43 -0600] "GET /lav/ HTTP/1.1" 200 4991 sergym.com "https://sergym.com/lav/?s=recepcion" "Mozilla/5.0 (Windows NT 10.0; Win64; x64) AppleWebKit/537.36 (KHTML, like Gecko) Chrome/121.0.0.0 Safari/537.36" "-"
2806:10a6:: - - [31/Jan/2024:13:32:46 -0600] "GET /lav/?s=lavado HTTP/1.1" 200 7382 sergym.com "https://sergym.com/lav/" "Mozilla/5.0 (Windows NT 10.0; Win64; x64) AppleWebKit/537.36 (KHTML, like Gecko) Chrome/121.0.0.0 Safari/537.36" "-"
2806:10a6:: - - [31/Jan/2024:13:32:51 -0600] "POST /lav/peticiones/pet_lavado_cambiar_status_todos.php HTTP/1.1" 200 4212 sergym.com "https://sergym.com/lav/?s=lavado" "Mozilla/5.0 (Windows NT 10.0; Win64; x64) AppleWebKit/537.36 (KHTML, like Gecko) Chrome/121.0.0.0 Safari/537.36" "-"
2806:10a6:: - - [31/Jan/2024:13:32:54 -0600] "POST /lav/peticiones/pet_lavado_cambiar_status_todos_commit.php HTTP/1.1" 200 48 sergym.com "https://sergym.com/lav/?s=lavado" "Mozilla/5.0 (Windows NT 10.0; Win64; x64) AppleWebKit/537.36 (KHTML, like Gecko) Chrome/121.0.0.0 Safari/537.36" "-"
2806:10a6:: - - [31/Jan/2024:13:32:59 -0600] "GET /lav/ HTTP/1.1" 200 4991 sergym.com "https://sergym.com/lav/?s=recepcion" "Mozilla/5.0 (Windows NT 10.0; Win64; x64) AppleWebKit/537.36 (KHTML, like Gecko) Chrome/121.0.0.0 Safari/537.36" "-"
2806:10a6:: - - [31/Jan/2024:13:33:00 -0600] "GET /lav/?s=lavado HTTP/1.1" 200 4236 sergym.com "https://sergym.com/lav/" "Mozilla/5.0 (Windows NT 10.0; Win64; x64) AppleWebKit/537.36 (KHTML, like Gecko) Chrome/121.0.0.0 Safari/537.36" "-"
2806:10a6:: - - [31/Jan/2024:13:33:03 -0600] "GET /lav/ HTTP/1.1" 200 4991 sergym.com "https://sergym.com/lav/?s=lavado" "Mozilla/5.0 (Windows NT 10.0; Win64; x64) AppleWebKit/537.36 (KHTML, like Gecko) Chrome/121.0.0.0 Safari/537.36" "-"
2806:10a6:: - - [31/Jan/2024:13:33:04 -0600] "GET /lav/?s=entrega HTTP/1.1" 200 27983 sergym.com "https://sergym.com/lav/" "Mozilla/5.0 (Windows NT 10.0; Win64; x64) AppleWebKit/537.36 (KHTML, like Gecko) Chrome/121.0.0.0 Safari/537.36" "-"
2806:10a6:: - - [31/Jan/2024:13:33:10 -0600] "POST /lav/?s=entrega HTTP/1.1" 200 5556 sergym.com "https://sergym.com/lav/?s=entrega" "Mozilla/5.0 (Windows NT 10.0; Win64; x64) AppleWebKit/537.36 (KHTML, like Gecko) Chrome/121.0.0.0 Safari/537.36" "-"
2806:10a6:: - - [31/Jan/2024:13:33:13 -0600] "POST /lav/peticiones/pet_entrega.php HTTP/1.1" 200 4486 sergym.com "https://sergym.com/lav/?s=entrega" "Mozilla/5.0 (Windows NT 10.0; Win64; x64) AppleWebKit/537.36 (KHTML, like Gecko) Chrome/121.0.0.0 Safari/537.36" "-"
2806:10a6:: - - [31/Jan/2024:13:33:14 -0600] "POST /lav/peticiones/pet_entrega_status.php HTTP/1.1" 200 44 sergym.com "https://sergym.com/lav/?s=entrega" "Mozilla/5.0 (Windows NT 10.0; Win64; x64) AppleWebKit/537.36 (KHTML, like Gecko) Chrome/121.0.0.0 Safari/537.36" "-"
2806:10a6:: - - [31/Jan/2024:13:33:19 -0600] "POST /lav/?s=entrega HTTP/1.1" 200 5283 sergym.com "https://sergym.com/lav/?s=entrega" "Mozilla/5.0 (Windows NT 10.0; Win64; x64) AppleWebKit/537.36 (KHTML, like Gecko) Chrome/121.0.0.0 Safari/537.36" "-"
2806:10a6:: - - [31/Jan/2024:13:33:24 -0600] "POST /lav/?s=entrega HTTP/1.1" 200 5283 sergym.com "https://sergym.com/lav/?s=entrega" "Mozilla/5.0 (Windows NT 10.0; Win64; x64) AppleWebKit/537.36 (KHTML, like Gecko) Chrome/121.0.0.0 Safari/537.36" "-"
2806:10a6:: - - [31/Jan/2024:13:33:28 -0600] "POST /lav/?s=entrega HTTP/1.1" 200 5283 sergym.com "https://sergym.com/lav/?s=entrega" "Mozilla/5.0 (Windows NT 10.0; Win64; x64) AppleWebKit/537.36 (KHTML, like Gecko) Chrome/121.0.0.0 Safari/537.36" "-"
2806:10a6:: - - [31/Jan/2024:13:33:29 -0600] "POST /lav/?s=entrega HTTP/1.1" 200 5283 sergym.com "https://sergym.com/lav/?s=entrega" "Mozilla/5.0 (Windows NT 10.0; Win64; x64) AppleWebKit/537.36 (KHTML, like Gecko) Chrome/121.0.0.0 Safari/537.36" "-"
2806:10a6:: - - [31/Jan/2024:13:33:32 -0600] "POST /lav/?s=entrega HTTP/1.1" 200 5283 sergym.com "https://sergym.com/lav/?s=entrega" "Mozilla/5.0 (Windows NT 10.0; Win64; x64) AppleWebKit/537.36 (KHTML, like Gecko) Chrome/121.0.0.0 Safari/537.36" "-"
2806:10a6:: - - [31/Jan/2024:13:33:41 -0600] "POST /lav/?s=entrega HTTP/1.1" 200 5283 sergym.com "https://sergym.com/lav/?s=entrega" "Mozilla/5.0 (Windows NT 10.0; Win64; x64) AppleWebKit/537.36 (KHTML, like Gecko) Chrome/121.0.0.0 Safari/537.36" "-"
2806:10a6:: - - [31/Jan/2024:13:33:48 -0600] "POST /lav/?s=entrega HTTP/1.1" 200 5283 sergym.com "https://sergym.com/lav/?s=entrega" "Mozilla/5.0 (Windows NT 10.0; Win64; x64) AppleWebKit/537.36 (KHTML, like Gecko) Chrome/121.0.0.0 Safari/537.36" "-"
2806:10a6:: - - [31/Jan/2024:13:33:49 -0600] "POST /lav/?s=entrega HTTP/1.1" 200 5283 sergym.com "https://sergym.com/lav/?s=entrega" "Mozilla/5.0 (Windows NT 10.0; Win64; x64) AppleWebKit/537.36 (KHTML, like Gecko) Chrome/121.0.0.0 Safari/537.36" "-"
2806:10a6:: - - [31/Jan/2024:13:33:56 -0600] "POST /lav/?s=entrega HTTP/1.1" 200 5556 sergym.com "https://sergym.com/lav/?s=entrega" "Mozilla/5.0 (Windows NT 10.0; Win64; x64) AppleWebKit/537.36 (KHTML, like Gecko) Chrome/121.0.0.0 Safari/537.36" "-"
2806:10a6:: - - [31/Jan/2024:13:33:57 -0600] "POST /lav/peticiones/pet_entrega.php HTTP/1.1" 200 4653 sergym.com "https://sergym.com/lav/?s=entrega" "Mozilla/5.0 (Windows NT 10.0; Win64; x64) AppleWebKit/537.36 (KHTML, like Gecko) Chrome/121.0.0.0 Safari/537.36" "-"
2806:10a6:: - - [31/Jan/2024:13:33:58 -0600] "POST /lav/peticiones/pet_entrega_status.php HTTP/1.1" 200 44 sergym.com "https://sergym.com/lav/?s=entrega" "Mozilla/5.0 (Windows NT 10.0; Win64; x64) AppleWebKit/537.36 (KHTML, like Gecko) Chrome/121.0.0.0 Safari/537.36" "-"
2806:10a6:: - - [31/Jan/2024:13:34:05 -0600] "POST /lav/?s=entrega HTTP/1.1" 200 5562 sergym.com "https://sergym.com/lav/?s=entrega" "Mozilla/5.0 (Windows NT 10.0; Win64; x64) AppleWebKit/537.36 (KHTML, like Gecko) Chrome/121.0.0.0 Safari/537.36" "-"
2806:10a6:: - - [31/Jan/2024:13:34:06 -0600] "POST /lav/peticiones/pet_entrega.php HTTP/1.1" 200 4488 sergym.com "https://sergym.com/lav/?s=entrega" "Mozilla/5.0 (Windows NT 10.0; Win64; x64) AppleWebKit/537.36 (KHTML, like Gecko) Chrome/121.0.0.0 Safari/537.36" "-"
2806:10a6:: - - [31/Jan/2024:13:34:08 -0600] "POST /lav/peticiones/pet_entrega_status.php HTTP/1.1" 200 44 sergym.com "https://sergym.com/lav/?s=entrega" "Mozilla/5.0 (Windows NT 10.0; Win64; x64) AppleWebKit/537.36 (KHTML, like Gecko) Chrome/121.0.0.0 Safari/537.36" "-"
2806:10a6:: - - [31/Jan/2024:13:34:12 -0600] "POST /lav/?s=entrega HTTP/1.1" 200 5562 sergym.com "https://sergym.com/lav/?s=entrega" "Mozilla/5.0 (Windows NT 10.0; Win64; x64) AppleWebKit/537.36 (KHTML, like Gecko) Chrome/121.0.0.0 Safari/537.36" "-"
2806:10a6:: - - [31/Jan/2024:13:34:13 -0600] "POST /lav/peticiones/pet_entrega.php HTTP/1.1" 200 4488 sergym.com "https://sergym.com/lav/?s=entrega" "Mozilla/5.0 (Windows NT 10.0; Win64; x64) AppleWebKit/537.36 (KHTML, like Gecko) Chrome/121.0.0.0 Safari/537.36" "-"
2806:10a6:: - - [31/Jan/2024:13:34:13 -0600] "POST /lav/peticiones/pet_entrega_status.php HTTP/1.1" 200 44 sergym.com "https://sergym.com/lav/?s=entrega" "Mozilla/5.0 (Windows NT 10.0; Win64; x64) AppleWebKit/537.36 (KHTML, like Gecko) Chrome/121.0.0.0 Safari/537.36" "-"
2806:10a6:: - - [31/Jan/2024:13:34:19 -0600] "POST /lav/?s=entrega HTTP/1.1" 200 5559 sergym.com "https://sergym.com/lav/?s=entrega" "Mozilla/5.0 (Windows NT 10.0; Win64; x64) AppleWebKit/537.36 (KHTML, like Gecko) Chrome/121.0.0.0 Safari/537.36" "-"
2806:10a6:: - - [31/Jan/2024:13:34:20 -0600] "POST /lav/peticiones/pet_entrega.php HTTP/1.1" 200 4489 sergym.com "https://sergym.com/lav/?s=entrega" "Mozilla/5.0 (Windows NT 10.0; Win64; x64) AppleWebKit/537.36 (KHTML, like Gecko) Chrome/121.0.0.0 Safari/537.36" "-"
2806:10a6:: - - [31/Jan/2024:13:34:21 -0600] "POST /lav/peticiones/pet_entrega_status.php HTTP/1.1" 200 44 sergym.com "https://sergym.com/lav/?s=entrega" "Mozilla/5.0 (Windows NT 10.0; Win64; x64) AppleWebKit/537.36 (KHTML, like Gecko) Chrome/121.0.0.0 Safari/537.36" "-"
2806:10a6:: - - [31/Jan/2024:13:34:34 -0600] "POST /lav/?s=entrega HTTP/1.1" 200 5572 sergym.com "https://sergym.com/lav/?s=entrega" "Mozilla/5.0 (Windows NT 10.0; Win64; x64) AppleWebKit/537.36 (KHTML, like Gecko) Chrome/121.0.0.0 Safari/537.36" "-"
2806:10a6:: - - [31/Jan/2024:13:34:35 -0600] "POST /lav/peticiones/pet_entrega.php HTTP/1.1" 200 4514 sergym.com "https://sergym.com/lav/?s=entrega" "Mozilla/5.0 (Windows NT 10.0; Win64; x64) AppleWebKit/537.36 (KHTML, like Gecko) Chrome/121.0.0.0 Safari/537.36" "-"
2806:10a6:: - - [31/Jan/2024:13:34:36 -0600] "POST /lav/peticiones/pet_entrega_status.php HTTP/1.1" 200 44 sergym.com "https://sergym.com/lav/?s=entrega" "Mozilla/5.0 (Windows NT 10.0; Win64; x64) AppleWebKit/537.36 (KHTML, like Gecko) Chrome/121.0.0.0 Safari/537.36" "-"
2806:10a6:: - - [31/Jan/2024:13:34:42 -0600] "POST /lav/?s=entrega HTTP/1.1" 200 5557 sergym.com "https://sergym.com/lav/?s=entrega" "Mozilla/5.0 (Windows NT 10.0; Win64; x64) AppleWebKit/537.36 (KHTML, like Gecko) Chrome/121.0.0.0 Safari/537.36" "-"
2806:10a6:: - - [31/Jan/2024:13:34:43 -0600] "POST /lav/peticiones/pet_entrega.php HTTP/1.1" 200 4499 sergym.com "https://sergym.com/lav/?s=entrega" "Mozilla/5.0 (Windows NT 10.0; Win64; x64) AppleWebKit/537.36 (KHTML, like Gecko) Chrome/121.0.0.0 Safari/537.36" "-"
2806:10a6:: - - [31/Jan/2024:13:34:44 -0600] "POST /lav/peticiones/pet_entrega_status.php HTTP/1.1" 200 44 sergym.com "https://sergym.com/lav/?s=entrega" "Mozilla/5.0 (Windows NT 10.0; Win64; x64) AppleWebKit/537.36 (KHTML, like Gecko) Chrome/121.0.0.0 Safari/537.36" "-"
2806:10a6:: - - [31/Jan/2024:13:34:50 -0600] "POST /lav/?s=entrega HTTP/1.1" 200 5555 sergym.com "https://sergym.com/lav/?s=entrega" "Mozilla/5.0 (Windows NT 10.0; Win64; x64) AppleWebKit/537.36 (KHTML, like Gecko) Chrome/121.0.0.0 Safari/537.36" "-"
2806:10a6:: - - [31/Jan/2024:13:34:51 -0600] "POST /lav/peticiones/pet_entrega.php HTTP/1.1" 200 4484 sergym.com "https://sergym.com/lav/?s=entrega" "Mozilla/5.0 (Windows NT 10.0; Win64; x64) AppleWebKit/537.36 (KHTML, like Gecko) Chrome/121.0.0.0 Safari/537.36" "-"
2806:10a6:: - - [31/Jan/2024:13:34:52 -0600] "POST /lav/peticiones/pet_entrega_status.php HTTP/1.1" 200 44 sergym.com "https://sergym.com/lav/?s=entrega" "Mozilla/5.0 (Windows NT 10.0; Win64; x64) AppleWebKit/537.36 (KHTML, like Gecko) Chrome/121.0.0.0 Safari/537.36" "-"
2806:10a6:: - - [31/Jan/2024:13:34:58 -0600] "POST /lav/?s=entrega HTTP/1.1" 200 5555 sergym.com "https://sergym.com/lav/?s=entrega" "Mozilla/5.0 (Windows NT 10.0; Win64; x64) AppleWebKit/537.36 (KHTML, like Gecko) Chrome/121.0.0.0 Safari/537.36" "-"
2806:10a6:: - - [31/Jan/2024:13:34:59 -0600] "POST /lav/peticiones/pet_entrega.php HTTP/1.1" 200 4503 sergym.com "https://sergym.com/lav/?s=entrega" "Mozilla/5.0 (Windows NT 10.0; Win64; x64) AppleWebKit/537.36 (KHTML, like Gecko) Chrome/121.0.0.0 Safari/537.36" "-"
2806:10a6:: - - [31/Jan/2024:13:35:00 -0600] "POST /lav/peticiones/pet_entrega_status.php HTTP/1.1" 200 44 sergym.com "https://sergym.com/lav/?s=entrega" "Mozilla/5.0 (Windows NT 10.0; Win64; x64) AppleWebKit/537.36 (KHTML, like Gecko) Chrome/121.0.0.0 Safari/537.36" "-"
2806:10a6:: - - [31/Jan/2024:13:35:08 -0600] "POST /lav/?s=entrega HTTP/1.1" 200 5554 sergym.com "https://sergym.com/lav/?s=entrega" "Mozilla/5.0 (Windows NT 10.0; Win64; x64) AppleWebKit/537.36 (KHTML, like Gecko) Chrome/121.0.0.0 Safari/537.36" "-"
2806:10a6:: - - [31/Jan/2024:13:35:08 -0600] "POST /lav/peticiones/pet_entrega.php HTTP/1.1" 200 4688 sergym.com "https://sergym.com/lav/?s=entrega" "Mozilla/5.0 (Windows NT 10.0; Win64; x64) AppleWebKit/537.36 (KHTML, like Gecko) Chrome/121.0.0.0 Safari/537.36" "-"
2806:10a6:: - - [31/Jan/2024:13:35:10 -0600] "POST /lav/peticiones/pet_entrega_status.php HTTP/1.1" 200 44 sergym.com "https://sergym.com/lav/?s=entrega" "Mozilla/5.0 (Windows NT 10.0; Win64; x64) AppleWebKit/537.36 (KHTML, like Gecko) Chrome/121.0.0.0 Safari/537.36" "-"
2806:10a6:: - - [31/Jan/2024:13:35:23 -0600] "POST /lav/?s=entrega HTTP/1.1" 200 5554 sergym.com "https://sergym.com/lav/?s=entrega" "Mozilla/5.0 (Windows NT 10.0; Win64; x64) AppleWebKit/537.36 (KHTML, like Gecko) Chrome/121.0.0.0 Safari/537.36" "-"
2806:10a6:: - - [31/Jan/2024:13:35:24 -0600] "POST /lav/peticiones/pet_entrega.php HTTP/1.1" 200 4483 sergym.com "https://sergym.com/lav/?s=entrega" "Mozilla/5.0 (Windows NT 10.0; Win64; x64) AppleWebKit/537.36 (KHTML, like Gecko) Chrome/121.0.0.0 Safari/537.36" "-"
2806:10a6:: - - [31/Jan/2024:13:35:25 -0600] "POST /lav/peticiones/pet_entrega_status.php HTTP/1.1" 200 44 sergym.com "https://sergym.com/lav/?s=entrega" "Mozilla/5.0 (Windows NT 10.0; Win64; x64) AppleWebKit/537.36 (KHTML, like Gecko) Chrome/121.0.0.0 Safari/537.36" "-"
2806:10a6:: - - [31/Jan/2024:13:36:06 -0600] "GET /lav/ HTTP/1.1" 200 4991 sergym.com "https://sergym.com/lav/?s=entrega" "Mozilla/5.0 (Windows NT 10.0; Win64; x64) AppleWebKit/537.36 (KHTML, like Gecko) Chrome/121.0.0.0 Safari/537.36" "-"
2806:10a6:: - - [31/Jan/2024:13:36:06 -0600] "GET /lav/ HTTP/1.1" 200 4991 sergym.com "https://sergym.com/lav/?s=entrega" "Mozilla/5.0 (Windows NT 10.0; Win64; x64) AppleWebKit/537.36 (KHTML, like Gecko) Chrome/121.0.0.0 Safari/537.36" "-"
2806:10a6:: - - [31/Jan/2024:13:36:07 -0600] "GET /lav/?s=caja HTTP/1.1" 200 5233 sergym.com "https://sergym.com/lav/" "Mozilla/5.0 (Windows NT 10.0; Win64; x64) AppleWebKit/537.36 (KHTML, like Gecko) Chrome/121.0.0.0 Safari/537.36" "-"
2806:10a6:: - - [31/Jan/2024:13:36:19 -0600] "POST /lav/?s=caja HTTP/1.1" 302 2820 sergym.com "https://sergym.com/lav/?s=caja" "Mozilla/5.0 (Windows NT 10.0; Win64; x64) AppleWebKit/537.36 (KHTML, like Gecko) Chrome/121.0.0.0 Safari/537.36" "-"
2806:10a6:: - - [31/Jan/2024:13:36:19 -0600] "GET /lav/?s=caja&idc=29973&idu=53 HTTP/1.1" 200 5282 sergym.com "https://sergym.com/lav/?s=caja" "Mozilla/5.0 (Windows NT 10.0; Win64; x64) AppleWebKit/537.36 (KHTML, like Gecko) Chrome/121.0.0.0 Safari/537.36" "-"
2806:10a6:: - - [31/Jan/2024:13:36:19 -0600] "POST /lav/peticiones/pet_caja_ticket.php HTTP/1.1" 200 1189 sergym.com "https://sergym.com/lav/?s=caja&idc=29973&idu=53" "Mozilla/5.0 (Windows NT 10.0; Win64; x64) AppleWebKit/537.36 (KHTML, like Gecko) Chrome/121.0.0.0 Safari/537.36" "-"
200.68.172.0 - - [31/Jan/2024:13:37:48 -0600] "GET /gym/?s=socios HTTP/1.1" 302 - sergym.com "-" "Mozilla/5.0 (iPhone; CPU iPhone OS 17_2 like Mac OS X) AppleWebKit/605.1.15 (KHTML, like Gecko) CriOS/120.0.6099.119 Mobile/15E148 Safari/604.1" "-"
200.68.172.0 - - [31/Jan/2024:13:37:48 -0600] "GET /acceso/?error=9&d=2 HTTP/1.1" 200 2205 sergym.com "-" "Mozilla/5.0 (iPhone; CPU iPhone OS 17_2 like Mac OS X) AppleWebKit/605.1.15 (KHTML, like Gecko) CriOS/120.0.6099.119 Mobile/15E148 Safari/604.1" "-"
200.68.172.0 - - [31/Jan/2024:13:37:49 -0600] "GET /favicon.ico HTTP/1.1" 404 1271 sergym.com "-" "Mozilla/5.0 (iPhone; CPU iPhone OS 17_2 like Mac OS X) AppleWebKit/605.1.15 (KHTML, like Gecko) CriOS/120.0.6099.119 Mobile/15E148 Safari/604.1" "-"
200.68.172.0 - - [31/Jan/2024:13:37:53 -0600] "POST /acceso/ HTTP/1.1" 302 - sergym.com "https://sergym.com/acceso/?error=9&d=2" "Mozilla/5.0 (iPhone; CPU iPhone OS 17_2 like Mac OS X) AppleWebKit/605.1.15 (KHTML, like Gecko) CriOS/120.0.6099.119 Mobile/15E148 Safari/604.1" "-"
200.68.172.0 - - [31/Jan/2024:13:37:53 -0600] "GET /administrador HTTP/1.1" 301 241 sergym.com "https://sergym.com/acceso/?error=9&d=2" "Mozilla/5.0 (iPhone; CPU iPhone OS 17_2 like Mac OS X) AppleWebKit/605.1.15 (KHTML, like Gecko) CriOS/120.0.6099.119 Mobile/15E148 Safari/604.1" "-"
200.68.172.0 - - [31/Jan/2024:13:37:54 -0600] "GET /administrador/ HTTP/1.1" 200 6446 sergym.com "https://sergym.com/acceso/?error=9&d=2" "Mozilla/5.0 (iPhone; CPU iPhone OS 17_2 like Mac OS X) AppleWebKit/605.1.15 (KHTML, like Gecko) CriOS/120.0.6099.119 Mobile/15E148 Safari/604.1" "-"
200.68.172.0 - - [31/Jan/2024:13:37:57 -0600] "POST /administrador/?s=inicio HTTP/1.1" 302 3878 sergym.com "https://sergym.com/administrador/" "Mozilla/5.0 (iPhone; CPU iPhone OS 17_2 like Mac OS X) AppleWebKit/605.1.15 (KHTML, like Gecko) CriOS/120.0.6099.119 Mobile/15E148 Safari/604.1" "-"
200.68.172.0 - - [31/Jan/2024:13:37:58 -0600] "GET /administrador/lav HTTP/1.1" 301 245 sergym.com "https://sergym.com/administrador/" "Mozilla/5.0 (iPhone; CPU iPhone OS 17_2 like Mac OS X) AppleWebKit/605.1.15 (KHTML, like Gecko) CriOS/120.0.6099.119 Mobile/15E148 Safari/604.1" "-"
200.68.172.0 - - [31/Jan/2024:13:37:58 -0600] "GET /administrador/lav/ HTTP/1.1" 200 6473 sergym.com "https://sergym.com/administrador/" "Mozilla/5.0 (iPhone; CPU iPhone OS 17_2 like Mac OS X) AppleWebKit/605.1.15 (KHTML, like Gecko) CriOS/120.0.6099.119 Mobile/15E148 Safari/604.1" "-"
200.68.172.0 - - [31/Jan/2024:13:38:00 -0600] "GET /administrador/lav/?s=reportes&i=corte_diario HTTP/1.1" 200 22643 sergym.com "https://sergym.com/administrador/lav/" "Mozilla/5.0 (iPhone; CPU iPhone OS 17_2 like Mac OS X) AppleWebKit/605.1.15 (KHTML, like Gecko) CriOS/120.0.6099.119 Mobile/15E148 Safari/604.1" "-"
2806:10a6:: - - [31/Jan/2024:13:39:06 -0600] "GET /lav/?s=caja HTTP/1.1" 200 5233 sergym.com "https://sergym.com/lav/" "Mozilla/5.0 (Windows NT 10.0; Win64; x64) AppleWebKit/537.36 (KHTML, like Gecko) Chrome/121.0.0.0 Safari/537.36" "-"
2806:10a6:: - - [31/Jan/2024:13:39:08 -0600] "GET /lav/ HTTP/1.1" 200 4991 sergym.com "https://sergym.com/lav/?s=caja" "Mozilla/5.0 (Windows NT 10.0; Win64; x64) AppleWebKit/537.36 (KHTML, like Gecko) Chrome/121.0.0.0 Safari/537.36" "-"
2806:10a6:: - - [31/Jan/2024:13:39:09 -0600] "GET /lav/?s=entrega HTTP/1.1" 200 26583 sergym.com "https://sergym.com/lav/" "Mozilla/5.0 (Windows NT 10.0; Win64; x64) AppleWebKit/537.36 (KHTML, like Gecko) Chrome/121.0.0.0 Safari/537.36" "-"
2806:10a6:: - - [31/Jan/2024:13:39:13 -0600] "POST /lav/?s=entrega HTTP/1.1" 200 5283 sergym.com "https://sergym.com/lav/?s=entrega" "Mozilla/5.0 (Windows NT 10.0; Win64; x64) AppleWebKit/537.36 (KHTML, like Gecko) Chrome/121.0.0.0 Safari/537.36" "-"
2806:10a6:: - - [31/Jan/2024:13:39:14 -0600] "POST /lav/?s=entrega HTTP/1.1" 200 5283 sergym.com "https://sergym.com/lav/?s=entrega" "Mozilla/5.0 (Windows NT 10.0; Win64; x64) AppleWebKit/537.36 (KHTML, like Gecko) Chrome/121.0.0.0 Safari/537.36" "-"
