187.171.229.0 - - [12/Jan/2024:12:01:47 -0600] "GET /gym/?s=venta HTTP/1.1" 200 8412 sergym.com "https://sergym.com/gym/?s=venta" "Mozilla/5.0 (Windows NT 10.0; Win64; x64) AppleWebKit/537.36 (KHTML, like Gecko) Chrome/120.0.0.0 Safari/537.36" "-"
2806:10a6:: - - [12/Jan/2024:12:24:14 -0600] "GET /lav/?s=recepcion HTTP/1.1" 200 4892 sergym.com "https://sergym.com/lav/" "Mozilla/5.0 (Windows NT 10.0; Win64; x64) AppleWebKit/537.36 (KHTML, like Gecko) Chrome/120.0.0.0 Safari/537.36" "-"
2806:10a6:: - - [12/Jan/2024:12:24:19 -0600] "GET /lav/?s=venta&i=lavanderia HTTP/1.1" 200 20923 sergym.com "https://sergym.com/lav/?s=recepcion" "Mozilla/5.0 (Windows NT 10.0; Win64; x64) AppleWebKit/537.36 (KHTML, like Gecko) Chrome/120.0.0.0 Safari/537.36" "-"
2806:10a6:: - - [12/Jan/2024:12:24:19 -0600] "POST /lav/peticiones/pet_venta_socios.php HTTP/1.1" 200 16545 sergym.com "https://sergym.com/lav/?s=venta&i=lavanderia" "Mozilla/5.0 (Windows NT 10.0; Win64; x64) AppleWebKit/537.36 (KHTML, like Gecko) Chrome/120.0.0.0 Safari/537.36" "-"
2806:10a6:: - - [12/Jan/2024:12:24:26 -0600] "POST /lav/peticiones/pet_venta_socios_busqueda.php HTTP/1.1" 200 912 sergym.com "https://sergym.com/lav/?s=venta&i=lavanderia" "Mozilla/5.0 (Windows NT 10.0; Win64; x64) AppleWebKit/537.36 (KHTML, like Gecko) Chrome/120.0.0.0 Safari/537.36" "-"
2806:10a6:: - - [12/Jan/2024:12:24:29 -0600] "POST /lav/peticiones/pet_venta.php HTTP/1.1" 200 697 sergym.com "https://sergym.com/lav/?s=venta&i=lavanderia" "Mozilla/5.0 (Windows NT 10.0; Win64; x64) AppleWebKit/537.36 (KHTML, like Gecko) Chrome/120.0.0.0 Safari/537.36" "-"
2806:10a6:: - - [12/Jan/2024:12:24:37 -0600] "POST /lav/peticiones/pet_venta_procesar.php HTTP/1.1" 200 2730 sergym.com "https://sergym.com/lav/?s=venta&i=lavanderia" "Mozilla/5.0 (Windows NT 10.0; Win64; x64) AppleWebKit/537.36 (KHTML, like Gecko) Chrome/120.0.0.0 Safari/537.36" "-"
2806:10a6:: - - [12/Jan/2024:12:24:38 -0600] "POST /lav/peticiones/pet_venta_procesar.php HTTP/1.1" 200 120 sergym.com "https://sergym.com/lav/?s=venta&i=lavanderia" "Mozilla/5.0 (Windows NT 10.0; Win64; x64) AppleWebKit/537.36 (KHTML, like Gecko) Chrome/120.0.0.0 Safari/537.36" "-"
2806:10a6:: - - [12/Jan/2024:12:24:38 -0600] "GET /lav/?s=venta&i=ticket&folio=224&id_socio=6278&id=212663&anio=2024&tipo=LAVANDERIA HTTP/1.1" 200 114926 sergym.com "https://sergym.com/lav/?s=venta&i=lavanderia" "Mozilla/5.0 (Windows NT 10.0; Win64; x64) AppleWebKit/537.36 (KHTML, like Gecko) Chrome/120.0.0.0 Safari/537.36" "-"
5.255.231.0 - - [12/Jan/2024:12:24:42 -0600] "GET /robots.txt HTTP/1.1" 301 237 sergym.com "-" "Mozilla/5.0 (compatible; YandexBot/3.0; +http://yandex.com/bots)" "-"
5.255.231.0 - - [12/Jan/2024:12:24:43 -0600] "GET /robots.txt HTTP/1.1" 404 1271 sergym.com "-" "Mozilla/5.0 (compatible; YandexBot/3.0; +http://yandex.com/bots)" "-"
5.255.231.0 - - [12/Jan/2024:12:24:43 -0600] "GET / HTTP/1.1" 301 227 sergym.com "-" "Mozilla/5.0 (compatible; YandexBot/3.0; +http://yandex.com/bots)" "-"
95.108.213.0 - - [12/Jan/2024:12:25:28 -0600] "GET /robots.txt HTTP/1.1" 404 1271 sergym.com "-" "Mozilla/5.0 (compatible; YandexBot/3.0; +http://yandex.com/bots)" "-"
213.180.203.0 - - [12/Jan/2024:12:25:29 -0600] "GET / HTTP/1.1" 302 - sergym.com "-" "Mozilla/5.0 (compatible; YandexBot/3.0; +http://yandex.com/bots)" "-"
213.180.203.0 - - [12/Jan/2024:12:26:28 -0600] "GET /principal/ HTTP/1.1" 200 2626 sergym.com "-" "Mozilla/5.0 (compatible; YandexBot/3.0; +http://yandex.com/bots)" "-"
187.171.229.0 - - [12/Jan/2024:12:32:45 -0600] "GET /gym/?s=venta HTTP/1.1" 200 8412 sergym.com "https://sergym.com/gym/?s=venta" "Mozilla/5.0 (Windows NT 10.0; Win64; x64) AppleWebKit/537.36 (KHTML, like Gecko) Chrome/120.0.0.0 Safari/537.36" "-"
3.237.35.0 - - [12/Jan/2024:12:36:43 -0600] "GET /robots.txt HTTP/1.1" 404 1271 sergym.com "-" "Mozilla/5.0 (X11; Linux x86_64) AppleWebKit/537.36 (KHTML, like Gecko) Chrome/94.0.4606.81 Safari/537.36" "-"
3.237.35.0 - - [12/Jan/2024:12:36:43 -0600] "GET /principal/ HTTP/1.1" 200 2626 sergym.com "-" "Mozilla/5.0 (X11; Linux x86_64) AppleWebKit/537.36 (KHTML, like Gecko) Chrome/94.0.4606.81 Safari/537.36" "-"
3.237.35.0 - - [12/Jan/2024:12:36:43 -0600] "GET /js/assets/ie-emulation-modes-warning.js HTTP/1.1" 404 1271 sergym.com "https://sergym.com/principal/" "Mozilla/5.0 (X11; Linux x86_64) AppleWebKit/537.36 (KHTML, like Gecko) Chrome/94.0.4606.81 Safari/537.36" "-"
3.237.35.0 - - [12/Jan/2024:12:36:43 -0600] "GET /js/bootstrap.js HTTP/1.1" 300 545 sergym.com "https://sergym.com/principal/" "Mozilla/5.0 (X11; Linux x86_64) AppleWebKit/537.36 (KHTML, like Gecko) Chrome/94.0.4606.81 Safari/537.36" "-"
3.237.35.0 - - [12/Jan/2024:12:36:43 -0600] "GET /js/jquery-2.1.0.min.js HTTP/1.1" 200 83615 sergym.com "https://sergym.com/principal/" "Mozilla/5.0 (X11; Linux x86_64) AppleWebKit/537.36 (KHTML, like Gecko) Chrome/94.0.4606.81 Safari/537.36" "-"
3.237.35.0 - - [12/Jan/2024:12:36:43 -0600] "GET /js/docs.min.js HTTP/1.1" 404 1271 sergym.com "https://sergym.com/principal/" "Mozilla/5.0 (X11; Linux x86_64) AppleWebKit/537.36 (KHTML, like Gecko) Chrome/94.0.4606.81 Safari/537.36" "-"
3.237.35.0 - - [12/Jan/2024:12:36:43 -0600] "GET /js/assets/ie10-viewport-bug-workaround.js HTTP/1.1" 404 1271 sergym.com "https://sergym.com/principal/" "Mozilla/5.0 (X11; Linux x86_64) AppleWebKit/537.36 (KHTML, like Gecko) Chrome/94.0.4606.81 Safari/537.36" "-"
3.237.35.0 - - [12/Jan/2024:12:36:43 -0600] "GET /js/bootstrap.js HTTP/1.1" 300 545 sergym.com "https://sergym.com/principal/" "Mozilla/5.0 (X11; Linux x86_64) AppleWebKit/537.36 (KHTML, like Gecko) Chrome/94.0.4606.81 Safari/537.36" "-"
2806:10a6:: - - [12/Jan/2024:13:04:10 -0600] "GET /lav/?s=entrega HTTP/1.1" 200 26791 sergym.com "https://sergym.com/lav/" "Mozilla/5.0 (Windows NT 10.0; Win64; x64) AppleWebKit/537.36 (KHTML, like Gecko) Chrome/120.0.0.0 Safari/537.36" "-"
2806:10a6:: - - [12/Jan/2024:13:04:14 -0600] "GET /lav/ HTTP/1.1" 200 4991 sergym.com "https://sergym.com/lav/?s=entrega" "Mozilla/5.0 (Windows NT 10.0; Win64; x64) AppleWebKit/537.36 (KHTML, like Gecko) Chrome/120.0.0.0 Safari/537.36" "-"
2806:10a6:: - - [12/Jan/2024:13:04:15 -0600] "GET /lav/?s=recepcion HTTP/1.1" 200 4892 sergym.com "https://sergym.com/lav/" "Mozilla/5.0 (Windows NT 10.0; Win64; x64) AppleWebKit/537.36 (KHTML, like Gecko) Chrome/120.0.0.0 Safari/537.36" "-"
2806:10a6:: - - [12/Jan/2024:13:04:18 -0600] "GET /lav/?s=venta&i=lavanderia HTTP/1.1" 200 20923 sergym.com "https://sergym.com/lav/?s=recepcion" "Mozilla/5.0 (Windows NT 10.0; Win64; x64) AppleWebKit/537.36 (KHTML, like Gecko) Chrome/120.0.0.0 Safari/537.36" "-"
2806:10a6:: - - [12/Jan/2024:13:04:18 -0600] "POST /lav/peticiones/pet_venta_socios.php HTTP/1.1" 200 16545 sergym.com "https://sergym.com/lav/?s=venta&i=lavanderia" "Mozilla/5.0 (Windows NT 10.0; Win64; x64) AppleWebKit/537.36 (KHTML, like Gecko) Chrome/120.0.0.0 Safari/537.36" "-"
2806:10a6:: - - [12/Jan/2024:13:04:23 -0600] "POST /lav/peticiones/pet_venta_socios_busqueda.php HTTP/1.1" 200 616 sergym.com "https://sergym.com/lav/?s=venta&i=lavanderia" "Mozilla/5.0 (Windows NT 10.0; Win64; x64) AppleWebKit/537.36 (KHTML, like Gecko) Chrome/120.0.0.0 Safari/537.36" "-"
2806:10a6:: - - [12/Jan/2024:13:04:26 -0600] "POST /lav/peticiones/pet_venta.php HTTP/1.1" 200 697 sergym.com "https://sergym.com/lav/?s=venta&i=lavanderia" "Mozilla/5.0 (Windows NT 10.0; Win64; x64) AppleWebKit/537.36 (KHTML, like Gecko) Chrome/120.0.0.0 Safari/537.36" "-"
2806:10a6:: - - [12/Jan/2024:13:04:37 -0600] "POST /lav/peticiones/pet_venta_procesar.php HTTP/1.1" 200 2736 sergym.com "https://sergym.com/lav/?s=venta&i=lavanderia" "Mozilla/5.0 (Windows NT 10.0; Win64; x64) AppleWebKit/537.36 (KHTML, like Gecko) Chrome/120.0.0.0 Safari/537.36" "-"
2806:10a6:: - - [12/Jan/2024:13:04:39 -0600] "POST /lav/peticiones/pet_venta_procesar.php HTTP/1.1" 200 120 sergym.com "https://sergym.com/lav/?s=venta&i=lavanderia" "Mozilla/5.0 (Windows NT 10.0; Win64; x64) AppleWebKit/537.36 (KHTML, like Gecko) Chrome/120.0.0.0 Safari/537.36" "-"
2806:10a6:: - - [12/Jan/2024:13:04:39 -0600] "GET /lav/?s=venta&i=ticket&folio=225&id_socio=8915&id=212664&anio=2024&tipo=LAVANDERIA HTTP/1.1" 200 114922 sergym.com "https://sergym.com/lav/?s=venta&i=lavanderia" "Mozilla/5.0 (Windows NT 10.0; Win64; x64) AppleWebKit/537.36 (KHTML, like Gecko) Chrome/120.0.0.0 Safari/537.36" "-"
187.171.229.0 - - [12/Jan/2024:13:05:09 -0600] "GET /gym/?s=venta HTTP/1.1" 200 8412 sergym.com "https://sergym.com/gym/?s=venta" "Mozilla/5.0 (Windows NT 10.0; Win64; x64) AppleWebKit/537.36 (KHTML, like Gecko) Chrome/120.0.0.0 Safari/537.36" "-"
187.171.229.0 - - [12/Jan/2024:13:06:23 -0600] "GET /gym/?s=horas HTTP/1.1" 200 9588 sergym.com "https://sergym.com/gym/?s=venta" "Mozilla/5.0 (Windows NT 10.0; Win64; x64) AppleWebKit/537.36 (KHTML, like Gecko) Chrome/120.0.0.0 Safari/537.36" "-"
187.171.229.0 - - [12/Jan/2024:13:09:16 -0600] "GET /gym/?s=socios HTTP/1.1" 200 35593 sergym.com "https://sergym.com/gym/?s=horas" "Mozilla/5.0 (Windows NT 10.0; Win64; x64) AppleWebKit/537.36 (KHTML, like Gecko) Chrome/120.0.0.0 Safari/537.36" "-"
206.189.139.0 - - [12/Jan/2024:13:21:07 -0600] "GET / HTTP/1.1" 301 227 sergym.com "-" "Mozilla/5.0 (X11; Linux x86_64) AppleWebKit/537.36 (KHTML, like Gecko) Chrome/108.0.0.0 Safari/537.36" "-"
206.189.139.0 - - [12/Jan/2024:13:21:08 -0600] "GET / HTTP/1.1" 302 - sergym.com "-" "Mozilla/5.0 (X11; Linux x86_64) AppleWebKit/537.36 (KHTML, like Gecko) Chrome/108.0.0.0 Safari/537.36" "-"
2806:10a6:: - - [12/Jan/2024:13:25:36 -0600] "GET /lav/?s=venta&i=lavanderia HTTP/1.1" 200 20923 sergym.com "https://sergym.com/lav/?s=recepcion" "Mozilla/5.0 (Windows NT 10.0; Win64; x64) AppleWebKit/537.36 (KHTML, like Gecko) Chrome/120.0.0.0 Safari/537.36" "-"
2806:10a6:: - - [12/Jan/2024:13:25:37 -0600] "GET /lav/?s=recepcion HTTP/1.1" 200 4892 sergym.com "https://sergym.com/lav/" "Mozilla/5.0 (Windows NT 10.0; Win64; x64) AppleWebKit/537.36 (KHTML, like Gecko) Chrome/120.0.0.0 Safari/537.36" "-"
2806:10a6:: - - [12/Jan/2024:13:25:38 -0600] "GET /lav/?s=venta&i=edredones HTTP/1.1" 200 28299 sergym.com "https://sergym.com/lav/?s=recepcion" "Mozilla/5.0 (Windows NT 10.0; Win64; x64) AppleWebKit/537.36 (KHTML, like Gecko) Chrome/120.0.0.0 Safari/537.36" "-"
2806:10a6:: - - [12/Jan/2024:13:25:39 -0600] "POST /lav/peticiones/pet_venta_socios.php HTTP/1.1" 200 16545 sergym.com "https://sergym.com/lav/?s=venta&i=edredones" "Mozilla/5.0 (Windows NT 10.0; Win64; x64) AppleWebKit/537.36 (KHTML, like Gecko) Chrome/120.0.0.0 Safari/537.36" "-"
2806:10a6:: - - [12/Jan/2024:13:25:46 -0600] "POST /lav/peticiones/pet_venta_socios_busqueda.php HTTP/1.1" 200 1061 sergym.com "https://sergym.com/lav/?s=venta&i=edredones" "Mozilla/5.0 (Windows NT 10.0; Win64; x64) AppleWebKit/537.36 (KHTML, like Gecko) Chrome/120.0.0.0 Safari/537.36" "-"
2806:10a6:: - - [12/Jan/2024:13:26:03 -0600] "POST /lav/peticiones/pet_venta_socios_busqueda.php HTTP/1.1" 200 5568 sergym.com "https://sergym.com/lav/?s=venta&i=edredones" "Mozilla/5.0 (Windows NT 10.0; Win64; x64) AppleWebKit/537.36 (KHTML, like Gecko) Chrome/120.0.0.0 Safari/537.36" "-"
187.171.229.0 - - [12/Jan/2024:13:26:24 -0600] "GET /gym/?s=socios&i=lista_vencidos HTTP/1.1" 200 16298 sergym.com "https://sergym.com/gym/?s=socios" "Mozilla/5.0 (Windows NT 10.0; Win64; x64) AppleWebKit/537.36 (KHTML, like Gecko) Chrome/120.0.0.0 Safari/537.36" "-"
2806:10a6:: - - [12/Jan/2024:13:26:24 -0600] "POST /lav/peticiones/pet_venta_socios_busqueda.php HTTP/1.1" 200 5157 sergym.com "https://sergym.com/lav/?s=venta&i=edredones" "Mozilla/5.0 (Windows NT 10.0; Win64; x64) AppleWebKit/537.36 (KHTML, like Gecko) Chrome/120.0.0.0 Safari/537.36" "-"
187.171.229.0 - - [12/Jan/2024:13:26:28 -0600] "GET /gym/?s=socios&i=pagos&id_socio=3208&pag_fechai=23-12-2023&pag_fechaf=12-01-2024&item=lista_vencidos HTTP/1.1" 200 23343 sergym.com "https://sergym.com/gym/?s=socios&i=lista_vencidos" "Mozilla/5.0 (Windows NT 10.0; Win64; x64) AppleWebKit/537.36 (KHTML, like Gecko) Chrome/120.0.0.0 Safari/537.36" "-"
2806:10a6:: - - [12/Jan/2024:13:26:29 -0600] "POST /lav/peticiones/pet_venta.php HTTP/1.1" 200 722 sergym.com "https://sergym.com/lav/?s=venta&i=edredones" "Mozilla/5.0 (Windows NT 10.0; Win64; x64) AppleWebKit/537.36 (KHTML, like Gecko) Chrome/120.0.0.0 Safari/537.36" "-"
187.171.229.0 - - [12/Jan/2024:13:26:32 -0600] "POST /gym/peticiones/pet_socios_pagos.php HTTP/1.1" 200 - sergym.com "https://sergym.com/gym/?s=socios&i=pagos&id_socio=3208&pag_fechai=23-12-2023&pag_fechaf=12-01-2024&item=lista_vencidos" "Mozilla/5.0 (Windows NT 10.0; Win64; x64) AppleWebKit/537.36 (KHTML, like Gecko) Chrome/120.0.0.0 Safari/537.36" "-"
187.171.229.0 - - [12/Jan/2024:13:26:42 -0600] "POST /gym/peticiones/pet_socios_pagos.php HTTP/1.1" 200 10 sergym.com "https://sergym.com/gym/?s=socios&i=pagos&id_socio=3208&pag_fechai=23-12-2023&pag_fechaf=12-01-2024&item=lista_vencidos" "Mozilla/5.0 (Windows NT 10.0; Win64; x64) AppleWebKit/537.36 (KHTML, like Gecko) Chrome/120.0.0.0 Safari/537.36" "-"
187.171.229.0 - - [12/Jan/2024:13:26:44 -0600] "POST /gym/?s=socios&i=pagos HTTP/1.1" 302 3959 sergym.com "https://sergym.com/gym/?s=socios&i=pagos&id_socio=3208&pag_fechai=23-12-2023&pag_fechaf=12-01-2024&item=lista_vencidos" "Mozilla/5.0 (Windows NT 10.0; Win64; x64) AppleWebKit/537.36 (KHTML, like Gecko) Chrome/120.0.0.0 Safari/537.36" "-"
187.171.229.0 - - [12/Jan/2024:13:26:44 -0600] "GET /gym/?s=socios&i=pagos&id_socio=3208&IDP=12318&token=6d0e5d908e2d80a5d8e9eb909d7db9cf HTTP/1.1" 200 23591 sergym.com "https://sergym.com/gym/?s=socios&i=pagos&id_socio=3208&pag_fechai=23-12-2023&pag_fechaf=12-01-2024&item=lista_vencidos" "Mozilla/5.0 (Windows NT 10.0; Win64; x64) AppleWebKit/537.36 (KHTML, like Gecko) Chrome/120.0.0.0 Safari/537.36" "-"
2806:10a6:: - - [12/Jan/2024:13:26:44 -0600] "POST /lav/peticiones/pet_venta_hentrega.php HTTP/1.1" 200 7 sergym.com "https://sergym.com/lav/?s=venta&i=edredones" "Mozilla/5.0 (Windows NT 10.0; Win64; x64) AppleWebKit/537.36 (KHTML, like Gecko) Chrome/120.0.0.0 Safari/537.36" "-"
2806:10a6:: - - [12/Jan/2024:13:26:45 -0600] "POST /lav/peticiones/pet_venta_procesar.php HTTP/1.1" 200 2739 sergym.com "https://sergym.com/lav/?s=venta&i=edredones" "Mozilla/5.0 (Windows NT 10.0; Win64; x64) AppleWebKit/537.36 (KHTML, like Gecko) Chrome/120.0.0.0 Safari/537.36" "-"
2806:10a6:: - - [12/Jan/2024:13:26:48 -0600] "POST /lav/peticiones/pet_venta_procesar.php HTTP/1.1" 200 120 sergym.com "https://sergym.com/lav/?s=venta&i=edredones" "Mozilla/5.0 (Windows NT 10.0; Win64; x64) AppleWebKit/537.36 (KHTML, like Gecko) Chrome/120.0.0.0 Safari/537.36" "-"
2806:10a6:: - - [12/Jan/2024:13:26:48 -0600] "GET /lav/?s=venta&i=ticket&folio=226&id_socio=7658&id=212665&anio=2024&tipo=EDREDONES HTTP/1.1" 200 114928 sergym.com "https://sergym.com/lav/?s=venta&i=edredones" "Mozilla/5.0 (Windows NT 10.0; Win64; x64) AppleWebKit/537.36 (KHTML, like Gecko) Chrome/120.0.0.0 Safari/537.36" "-"
187.171.229.0 - - [12/Jan/2024:13:28:08 -0600] "GET /gym/?s=horas HTTP/1.1" 200 9588 sergym.com "https://sergym.com/gym/?s=socios&i=pagos&id_socio=3208&IDP=12318&token=6d0e5d908e2d80a5d8e9eb909d7db9cf" "Mozilla/5.0 (Windows NT 10.0; Win64; x64) AppleWebKit/537.36 (KHTML, like Gecko) Chrome/120.0.0.0 Safari/537.36" "-"
187.171.229.0 - - [12/Jan/2024:13:28:26 -0600] "POST /gym/?s=horas HTTP/1.1" 302 3804 sergym.com "https://sergym.com/gym/?s=horas" "Mozilla/5.0 (Windows NT 10.0; Win64; x64) AppleWebKit/537.36 (KHTML, like Gecko) Chrome/120.0.0.0 Safari/537.36" "-"
187.171.229.0 - - [12/Jan/2024:13:28:26 -0600] "GET /gym/?s=horas&IDH=45948&token=fb29e761f1b4a2dbe9e9061af5ae9ed1 HTTP/1.1" 200 9889 sergym.com "https://sergym.com/gym/?s=horas" "Mozilla/5.0 (Windows NT 10.0; Win64; x64) AppleWebKit/537.36 (KHTML, like Gecko) Chrome/120.0.0.0 Safari/537.36" "-"
187.171.229.0 - - [12/Jan/2024:13:28:32 -0600] "POST /gym/?s=horas HTTP/1.1" 302 3804 sergym.com "https://sergym.com/gym/?s=horas&IDH=45948&token=fb29e761f1b4a2dbe9e9061af5ae9ed1" "Mozilla/5.0 (Windows NT 10.0; Win64; x64) AppleWebKit/537.36 (KHTML, like Gecko) Chrome/120.0.0.0 Safari/537.36" "-"
187.171.229.0 - - [12/Jan/2024:13:28:32 -0600] "GET /gym/?s=horas&IDH=45949&token=c179642c250e510fce07aee71cc8dac6 HTTP/1.1" 200 10225 sergym.com "https://sergym.com/gym/?s=horas&IDH=45948&token=fb29e761f1b4a2dbe9e9061af5ae9ed1" "Mozilla/5.0 (Windows NT 10.0; Win64; x64) AppleWebKit/537.36 (KHTML, like Gecko) Chrome/120.0.0.0 Safari/537.36" "-"
95.108.213.0 - - [12/Jan/2024:13:28:49 -0600] "GET /robots.txt HTTP/1.1" 404 1271 sergym.com "-" "Mozilla/5.0 (compatible; YandexBot/3.0; +http://yandex.com/bots)" "-"
5.255.231.0 - - [12/Jan/2024:13:28:50 -0600] "GET / HTTP/1.1" 302 - sergym.com "-" "Mozilla/5.0 (compatible; YandexBot/3.0; +http://yandex.com/bots)" "-"
87.250.224.0 - - [12/Jan/2024:13:30:23 -0600] "GET /principal/ HTTP/1.1" 200 2626 sergym.com "-" "Mozilla/5.0 (compatible; YandexBot/3.0; +http://yandex.com/bots)" "-"
5.255.231.0 - - [12/Jan/2024:13:32:30 -0600] "GET /principal/ HTTP/1.1" 200 2626 sergym.com "-" "Mozilla/5.0 (compatible; YandexBot/3.0; +http://yandex.com/bots)" "-"
2806:10a6:: - - [12/Jan/2024:13:33:39 -0600] "GET /lav/?s=recepcion HTTP/1.1" 200 4892 sergym.com "https://sergym.com/lav/" "Mozilla/5.0 (Windows NT 10.0; Win64; x64) AppleWebKit/537.36 (KHTML, like Gecko) Chrome/120.0.0.0 Safari/537.36" "-"
2806:10a6:: - - [12/Jan/2024:13:33:42 -0600] "GET /lav/?s=venta&i=lavanderia HTTP/1.1" 200 20923 sergym.com "https://sergym.com/lav/?s=recepcion" "Mozilla/5.0 (Windows NT 10.0; Win64; x64) AppleWebKit/537.36 (KHTML, like Gecko) Chrome/120.0.0.0 Safari/537.36" "-"
2806:10a6:: - - [12/Jan/2024:13:33:43 -0600] "POST /lav/peticiones/pet_venta_socios.php HTTP/1.1" 200 16545 sergym.com "https://sergym.com/lav/?s=venta&i=lavanderia" "Mozilla/5.0 (Windows NT 10.0; Win64; x64) AppleWebKit/537.36 (KHTML, like Gecko) Chrome/120.0.0.0 Safari/537.36" "-"
2806:10a6:: - - [12/Jan/2024:13:33:48 -0600] "POST /lav/peticiones/pet_venta_socios_busqueda.php HTTP/1.1" 200 3520 sergym.com "https://sergym.com/lav/?s=venta&i=lavanderia" "Mozilla/5.0 (Windows NT 10.0; Win64; x64) AppleWebKit/537.36 (KHTML, like Gecko) Chrome/120.0.0.0 Safari/537.36" "-"
2806:10a6:: - - [12/Jan/2024:13:33:54 -0600] "POST /lav/peticiones/pet_venta.php HTTP/1.1" 200 697 sergym.com "https://sergym.com/lav/?s=venta&i=lavanderia" "Mozilla/5.0 (Windows NT 10.0; Win64; x64) AppleWebKit/537.36 (KHTML, like Gecko) Chrome/120.0.0.0 Safari/537.36" "-"
2806:10a6:: - - [12/Jan/2024:13:34:02 -0600] "POST /lav/peticiones/pet_venta_procesar.php HTTP/1.1" 200 2730 sergym.com "https://sergym.com/lav/?s=venta&i=lavanderia" "Mozilla/5.0 (Windows NT 10.0; Win64; x64) AppleWebKit/537.36 (KHTML, like Gecko) Chrome/120.0.0.0 Safari/537.36" "-"
2806:10a6:: - - [12/Jan/2024:13:34:04 -0600] "POST /lav/peticiones/pet_venta_procesar.php HTTP/1.1" 200 120 sergym.com "https://sergym.com/lav/?s=venta&i=lavanderia" "Mozilla/5.0 (Windows NT 10.0; Win64; x64) AppleWebKit/537.36 (KHTML, like Gecko) Chrome/120.0.0.0 Safari/537.36" "-"
2806:10a6:: - - [12/Jan/2024:13:34:04 -0600] "GET /lav/?s=venta&i=ticket&folio=227&id_socio=3845&id=212666&anio=2024&tipo=LAVANDERIA HTTP/1.1" 200 114932 sergym.com "https://sergym.com/lav/?s=venta&i=lavanderia" "Mozilla/5.0 (Windows NT 10.0; Win64; x64) AppleWebKit/537.36 (KHTML, like Gecko) Chrome/120.0.0.0 Safari/537.36" "-"
187.171.229.0 - - [12/Jan/2024:13:37:02 -0600] "POST /gym/?s=horas HTTP/1.1" 302 3804 sergym.com "https://sergym.com/gym/?s=horas&IDH=45949&token=c179642c250e510fce07aee71cc8dac6" "Mozilla/5.0 (Windows NT 10.0; Win64; x64) AppleWebKit/537.36 (KHTML, like Gecko) Chrome/120.0.0.0 Safari/537.36" "-"
187.171.229.0 - - [12/Jan/2024:13:37:03 -0600] "GET /gym/?s=horas&IDH=45950&token=d8457c25664adae6486daa4a6ce4e358 HTTP/1.1" 200 10564 sergym.com "https://sergym.com/gym/?s=horas&IDH=45949&token=c179642c250e510fce07aee71cc8dac6" "Mozilla/5.0 (Windows NT 10.0; Win64; x64) AppleWebKit/537.36 (KHTML, like Gecko) Chrome/120.0.0.0 Safari/537.36" "-"
2806:10a6:: - - [12/Jan/2024:13:37:20 -0600] "GET /lav/?s=venta&i=lavanderia HTTP/1.1" 200 20923 sergym.com "https://sergym.com/lav/?s=recepcion" "Mozilla/5.0 (Windows NT 10.0; Win64; x64) AppleWebKit/537.36 (KHTML, like Gecko) Chrome/120.0.0.0 Safari/537.36" "-"
2806:10a6:: - - [12/Jan/2024:13:37:26 -0600] "GET /lav/ HTTP/1.1" 200 4991 sergym.com "https://sergym.com/lav/?s=entrega" "Mozilla/5.0 (Windows NT 10.0; Win64; x64) AppleWebKit/537.36 (KHTML, like Gecko) Chrome/120.0.0.0 Safari/537.36" "-"
2806:10a6:: - - [12/Jan/2024:13:37:26 -0600] "GET /lav/?s=entrega HTTP/1.1" 200 26791 sergym.com "https://sergym.com/lav/" "Mozilla/5.0 (Windows NT 10.0; Win64; x64) AppleWebKit/537.36 (KHTML, like Gecko) Chrome/120.0.0.0 Safari/537.36" "-"
2806:10a6:: - - [12/Jan/2024:13:37:28 -0600] "GET /lav/ HTTP/1.1" 200 4991 sergym.com "https://sergym.com/lav/?s=entrega" "Mozilla/5.0 (Windows NT 10.0; Win64; x64) AppleWebKit/537.36 (KHTML, like Gecko) Chrome/120.0.0.0 Safari/537.36" "-"
2806:10a6:: - - [12/Jan/2024:13:37:29 -0600] "GET /lav/?s=recepcion HTTP/1.1" 200 4892 sergym.com "https://sergym.com/lav/" "Mozilla/5.0 (Windows NT 10.0; Win64; x64) AppleWebKit/537.36 (KHTML, like Gecko) Chrome/120.0.0.0 Safari/537.36" "-"
2806:10a6:: - - [12/Jan/2024:13:37:30 -0600] "GET /lav/?s=venta&i=lavanderia HTTP/1.1" 200 20923 sergym.com "https://sergym.com/lav/?s=recepcion" "Mozilla/5.0 (Windows NT 10.0; Win64; x64) AppleWebKit/537.36 (KHTML, like Gecko) Chrome/120.0.0.0 Safari/537.36" "-"
2806:10a6:: - - [12/Jan/2024:13:37:31 -0600] "POST /lav/peticiones/pet_venta_socios.php HTTP/1.1" 200 16545 sergym.com "https://sergym.com/lav/?s=venta&i=lavanderia" "Mozilla/5.0 (Windows NT 10.0; Win64; x64) AppleWebKit/537.36 (KHTML, like Gecko) Chrome/120.0.0.0 Safari/537.36" "-"
2806:10a6:: - - [12/Jan/2024:13:37:35 -0600] "POST /lav/peticiones/pet_venta_socios_busqueda.php HTTP/1.1" 200 1315 sergym.com "https://sergym.com/lav/?s=venta&i=lavanderia" "Mozilla/5.0 (Windows NT 10.0; Win64; x64) AppleWebKit/537.36 (KHTML, like Gecko) Chrome/120.0.0.0 Safari/537.36" "-"
2806:10a6:: - - [12/Jan/2024:13:37:39 -0600] "POST /lav/peticiones/pet_venta.php HTTP/1.1" 200 697 sergym.com "https://sergym.com/lav/?s=venta&i=lavanderia" "Mozilla/5.0 (Windows NT 10.0; Win64; x64) AppleWebKit/537.36 (KHTML, like Gecko) Chrome/120.0.0.0 Safari/537.36" "-"
2806:10a6:: - - [12/Jan/2024:13:37:41 -0600] "POST /lav/peticiones/pet_venta.php HTTP/1.1" 200 705 sergym.com "https://sergym.com/lav/?s=venta&i=lavanderia" "Mozilla/5.0 (Windows NT 10.0; Win64; x64) AppleWebKit/537.36 (KHTML, like Gecko) Chrome/120.0.0.0 Safari/537.36" "-"
2806:10a6:: - - [12/Jan/2024:13:37:56 -0600] "POST /lav/peticiones/pet_venta_procesar.php HTTP/1.1" 200 2900 sergym.com "https://sergym.com/lav/?s=venta&i=lavanderia" "Mozilla/5.0 (Windows NT 10.0; Win64; x64) AppleWebKit/537.36 (KHTML, like Gecko) Chrome/120.0.0.0 Safari/537.36" "-"
2806:10a6:: - - [12/Jan/2024:13:37:57 -0600] "POST /lav/peticiones/pet_venta_procesar.php HTTP/1.1" 200 125 sergym.com "https://sergym.com/lav/?s=venta&i=lavanderia" "Mozilla/5.0 (Windows NT 10.0; Win64; x64) AppleWebKit/537.36 (KHTML, like Gecko) Chrome/120.0.0.0 Safari/537.36" "-"
2806:10a6:: - - [12/Jan/2024:13:37:57 -0600] "GET /lav/?s=venta&i=ticket&folio=228&id_socio=1391&id=212667&anio=2024&tipo=LAVANDERIA HTTP/1.1" 200 114981 sergym.com "https://sergym.com/lav/?s=venta&i=lavanderia" "Mozilla/5.0 (Windows NT 10.0; Win64; x64) AppleWebKit/537.36 (KHTML, like Gecko) Chrome/120.0.0.0 Safari/537.36" "-"
45.89.246.0 - - [12/Jan/2024:13:39:17 -0600] "GET /wp-login.php HTTP/1.1" 301 239 sergym.com "-" "Mozilla/5.0 (X11; Fedora; Linux x86_64; rv:94.0) Gecko/20100101 Firefox/95.0" "-"
45.89.246.0 - - [12/Jan/2024:13:39:29 -0600] "GET /wp-login.php HTTP/1.1" 404 1271 sergym.com "http://sergym.com/wp-login.php" "Mozilla/5.0 (X11; Fedora; Linux x86_64; rv:94.0) Gecko/20100101 Firefox/95.0" "-"
2806:10a6:: - - [12/Jan/2024:13:39:40 -0600] "GET /lav/?s=venta&i=lavanderia HTTP/1.1" 200 20923 sergym.com "https://sergym.com/lav/?s=recepcion" "Mozilla/5.0 (Windows NT 10.0; Win64; x64) AppleWebKit/537.36 (KHTML, like Gecko) Chrome/120.0.0.0 Safari/537.36" "-"
2806:10a6:: - - [12/Jan/2024:13:39:40 -0600] "GET /lav/?s=recepcion HTTP/1.1" 200 4892 sergym.com "https://sergym.com/lav/" "Mozilla/5.0 (Windows NT 10.0; Win64; x64) AppleWebKit/537.36 (KHTML, like Gecko) Chrome/120.0.0.0 Safari/537.36" "-"
2806:10a6:: - - [12/Jan/2024:13:40:00 -0600] "GET /lav/ HTTP/1.1" 200 4991 sergym.com "https://sergym.com/lav/?s=recepcion" "Mozilla/5.0 (Windows NT 10.0; Win64; x64) AppleWebKit/537.36 (KHTML, like Gecko) Chrome/120.0.0.0 Safari/537.36" "-"
2806:10a6:: - - [12/Jan/2024:13:40:00 -0600] "GET /lav/ HTTP/1.1" 200 4991 sergym.com "https://sergym.com/lav/?s=recepcion" "Mozilla/5.0 (Windows NT 10.0; Win64; x64) AppleWebKit/537.36 (KHTML, like Gecko) Chrome/120.0.0.0 Safari/537.36" "-"
2806:10a6:: - - [12/Jan/2024:13:40:01 -0600] "GET /lav/?s=lavado HTTP/1.1" 200 6371 sergym.com "https://sergym.com/lav/" "Mozilla/5.0 (Windows NT 10.0; Win64; x64) AppleWebKit/537.36 (KHTML, like Gecko) Chrome/120.0.0.0 Safari/537.36" "-"
2806:10a6:: - - [12/Jan/2024:13:40:03 -0600] "POST /lav/peticiones/pet_lavado_cambiar_status_todos.php HTTP/1.1" 200 3201 sergym.com "https://sergym.com/lav/?s=lavado" "Mozilla/5.0 (Windows NT 10.0; Win64; x64) AppleWebKit/537.36 (KHTML, like Gecko) Chrome/120.0.0.0 Safari/537.36" "-"
2806:10a6:: - - [12/Jan/2024:13:40:05 -0600] "POST /lav/peticiones/pet_lavado_cambiar_status_todos_commit.php HTTP/1.1" 200 48 sergym.com "https://sergym.com/lav/?s=lavado" "Mozilla/5.0 (Windows NT 10.0; Win64; x64) AppleWebKit/537.36 (KHTML, like Gecko) Chrome/120.0.0.0 Safari/537.36" "-"
2806:10a6:: - - [12/Jan/2024:13:40:06 -0600] "GET /lav/?s=lavado HTTP/1.1" 200 4236 sergym.com "https://sergym.com/lav/?s=lavado" "Mozilla/5.0 (Windows NT 10.0; Win64; x64) AppleWebKit/537.36 (KHTML, like Gecko) Chrome/120.0.0.0 Safari/537.36" "-"
2806:10a6:: - - [12/Jan/2024:13:40:07 -0600] "GET /lav/ HTTP/1.1" 200 4991 sergym.com "https://sergym.com/lav/?s=lavado" "Mozilla/5.0 (Windows NT 10.0; Win64; x64) AppleWebKit/537.36 (KHTML, like Gecko) Chrome/120.0.0.0 Safari/537.36" "-"
2806:10a6:: - - [12/Jan/2024:13:40:08 -0600] "GET /lav/?s=entrega HTTP/1.1" 200 28760 sergym.com "https://sergym.com/lav/" "Mozilla/5.0 (Windows NT 10.0; Win64; x64) AppleWebKit/537.36 (KHTML, like Gecko) Chrome/120.0.0.0 Safari/537.36" "-"
2806:10a6:: - - [12/Jan/2024:13:40:12 -0600] "POST /lav/?s=entrega HTTP/1.1" 200 5283 sergym.com "https://sergym.com/lav/?s=entrega" "Mozilla/5.0 (Windows NT 10.0; Win64; x64) AppleWebKit/537.36 (KHTML, like Gecko) Chrome/120.0.0.0 Safari/537.36" "-"
2806:10a6:: - - [12/Jan/2024:13:40:17 -0600] "POST /lav/?s=entrega HTTP/1.1" 200 5568 sergym.com "https://sergym.com/lav/?s=entrega" "Mozilla/5.0 (Windows NT 10.0; Win64; x64) AppleWebKit/537.36 (KHTML, like Gecko) Chrome/120.0.0.0 Safari/537.36" "-"
2806:10a6:: - - [12/Jan/2024:13:40:18 -0600] "POST /lav/peticiones/pet_entrega.php HTTP/1.1" 200 4823 sergym.com "https://sergym.com/lav/?s=entrega" "Mozilla/5.0 (Windows NT 10.0; Win64; x64) AppleWebKit/537.36 (KHTML, like Gecko) Chrome/120.0.0.0 Safari/537.36" "-"
2806:10a6:: - - [12/Jan/2024:13:40:19 -0600] "POST /lav/peticiones/pet_entrega_status.php HTTP/1.1" 200 44 sergym.com "https://sergym.com/lav/?s=entrega" "Mozilla/5.0 (Windows NT 10.0; Win64; x64) AppleWebKit/537.36 (KHTML, like Gecko) Chrome/120.0.0.0 Safari/537.36" "-"
2806:10a6:: - - [12/Jan/2024:13:40:27 -0600] "POST /lav/?s=entrega HTTP/1.1" 200 6188 sergym.com "https://sergym.com/lav/?s=entrega" "Mozilla/5.0 (Windows NT 10.0; Win64; x64) AppleWebKit/537.36 (KHTML, like Gecko) Chrome/120.0.0.0 Safari/537.36" "-"
2806:10a6:: - - [12/Jan/2024:13:40:29 -0600] "POST /lav/peticiones/pet_entrega.php HTTP/1.1" 200 4483 sergym.com "https://sergym.com/lav/?s=entrega" "Mozilla/5.0 (Windows NT 10.0; Win64; x64) AppleWebKit/537.36 (KHTML, like Gecko) Chrome/120.0.0.0 Safari/537.36" "-"
2806:10a6:: - - [12/Jan/2024:13:40:31 -0600] "POST /lav/peticiones/pet_entrega_status.php HTTP/1.1" 200 631 sergym.com "https://sergym.com/lav/?s=entrega" "Mozilla/5.0 (Windows NT 10.0; Win64; x64) AppleWebKit/537.36 (KHTML, like Gecko) Chrome/120.0.0.0 Safari/537.36" "-"
2806:10a6:: - - [12/Jan/2024:13:40:38 -0600] "POST /lav/?s=entrega HTTP/1.1" 200 5544 sergym.com "https://sergym.com/lav/?s=entrega" "Mozilla/5.0 (Windows NT 10.0; Win64; x64) AppleWebKit/537.36 (KHTML, like Gecko) Chrome/120.0.0.0 Safari/537.36" "-"
2806:10a6:: - - [12/Jan/2024:13:40:40 -0600] "POST /lav/peticiones/pet_entrega.php HTTP/1.1" 200 4480 sergym.com "https://sergym.com/lav/?s=entrega" "Mozilla/5.0 (Windows NT 10.0; Win64; x64) AppleWebKit/537.36 (KHTML, like Gecko) Chrome/120.0.0.0 Safari/537.36" "-"
2806:10a6:: - - [12/Jan/2024:13:40:41 -0600] "POST /lav/peticiones/pet_entrega_status.php HTTP/1.1" 200 44 sergym.com "https://sergym.com/lav/?s=entrega" "Mozilla/5.0 (Windows NT 10.0; Win64; x64) AppleWebKit/537.36 (KHTML, like Gecko) Chrome/120.0.0.0 Safari/537.36" "-"
2806:10a6:: - - [12/Jan/2024:13:40:54 -0600] "POST /lav/?s=entrega HTTP/1.1" 200 5561 sergym.com "https://sergym.com/lav/?s=entrega" "Mozilla/5.0 (Windows NT 10.0; Win64; x64) AppleWebKit/537.36 (KHTML, like Gecko) Chrome/120.0.0.0 Safari/537.36" "-"
2806:10a6:: - - [12/Jan/2024:13:40:55 -0600] "POST /lav/peticiones/pet_entrega.php HTTP/1.1" 200 4493 sergym.com "https://sergym.com/lav/?s=entrega" "Mozilla/5.0 (Windows NT 10.0; Win64; x64) AppleWebKit/537.36 (KHTML, like Gecko) Chrome/120.0.0.0 Safari/537.36" "-"
2806:10a6:: - - [12/Jan/2024:13:40:56 -0600] "POST /lav/peticiones/pet_entrega_status.php HTTP/1.1" 200 44 sergym.com "https://sergym.com/lav/?s=entrega" "Mozilla/5.0 (Windows NT 10.0; Win64; x64) AppleWebKit/537.36 (KHTML, like Gecko) Chrome/120.0.0.0 Safari/537.36" "-"
2806:10a6:: - - [12/Jan/2024:13:41:02 -0600] "POST /lav/?s=entrega HTTP/1.1" 200 5556 sergym.com "https://sergym.com/lav/?s=entrega" "Mozilla/5.0 (Windows NT 10.0; Win64; x64) AppleWebKit/537.36 (KHTML, like Gecko) Chrome/120.0.0.0 Safari/537.36" "-"
2806:10a6:: - - [12/Jan/2024:13:41:03 -0600] "POST /lav/peticiones/pet_entrega.php HTTP/1.1" 200 4857 sergym.com "https://sergym.com/lav/?s=entrega" "Mozilla/5.0 (Windows NT 10.0; Win64; x64) AppleWebKit/537.36 (KHTML, like Gecko) Chrome/120.0.0.0 Safari/537.36" "-"
2806:10a6:: - - [12/Jan/2024:13:41:04 -0600] "POST /lav/peticiones/pet_entrega_status.php HTTP/1.1" 200 44 sergym.com "https://sergym.com/lav/?s=entrega" "Mozilla/5.0 (Windows NT 10.0; Win64; x64) AppleWebKit/537.36 (KHTML, like Gecko) Chrome/120.0.0.0 Safari/537.36" "-"
2806:10a6:: - - [12/Jan/2024:13:41:31 -0600] "GET /lav/ HTTP/1.1" 200 4991 sergym.com "https://sergym.com/lav/?s=entrega" "Mozilla/5.0 (Windows NT 10.0; Win64; x64) AppleWebKit/537.36 (KHTML, like Gecko) Chrome/120.0.0.0 Safari/537.36" "-"
2806:10a6:: - - [12/Jan/2024:13:42:20 -0600] "GET /lav/?s=caja HTTP/1.1" 200 5233 sergym.com "https://sergym.com/lav/" "Mozilla/5.0 (Windows NT 10.0; Win64; x64) AppleWebKit/537.36 (KHTML, like Gecko) Chrome/120.0.0.0 Safari/537.36" "-"
2806:10a6:: - - [12/Jan/2024:13:42:27 -0600] "POST /lav/?s=caja HTTP/1.1" 302 2820 sergym.com "https://sergym.com/lav/?s=caja" "Mozilla/5.0 (Windows NT 10.0; Win64; x64) AppleWebKit/537.36 (KHTML, like Gecko) Chrome/120.0.0.0 Safari/537.36" "-"
2806:10a6:: - - [12/Jan/2024:13:42:27 -0600] "GET /lav/?s=caja&idc=29766&idu=53 HTTP/1.1" 200 5282 sergym.com "https://sergym.com/lav/?s=caja" "Mozilla/5.0 (Windows NT 10.0; Win64; x64) AppleWebKit/537.36 (KHTML, like Gecko) Chrome/120.0.0.0 Safari/537.36" "-"
2806:10a6:: - - [12/Jan/2024:13:42:27 -0600] "POST /lav/peticiones/pet_caja_ticket.php HTTP/1.1" 200 1188 sergym.com "https://sergym.com/lav/?s=caja&idc=29766&idu=53" "Mozilla/5.0 (Windows NT 10.0; Win64; x64) AppleWebKit/537.36 (KHTML, like Gecko) Chrome/120.0.0.0 Safari/537.36" "-"
2806:10a6:: - - [12/Jan/2024:13:42:30 -0600] "GET /lav/?s=caja HTTP/1.1" 200 5233 sergym.com "https://sergym.com/lav/" "Mozilla/5.0 (Windows NT 10.0; Win64; x64) AppleWebKit/537.36 (KHTML, like Gecko) Chrome/120.0.0.0 Safari/537.36" "-"
125.124.133.0 - - [12/Jan/2024:13:46:31 -0600] "GET / HTTP/1.1" 301 227 www.sergym.com "-" "Mozilla/5.0 (Windows NT 6.1; Win64; x64) AppleWebKit/537.36 (KHTML, like Gecko) Chrome/92.0.4515.131" "-"
125.124.133.0 - - [12/Jan/2024:13:46:32 -0600] "GET / HTTP/1.1" 302 - sergym.com "-" "Mozilla/5.0 (Windows NT 6.1; Win64; x64) AppleWebKit/537.36 (KHTML, like Gecko) Chrome/92.0.4515.131" "-"
125.124.133.0 - - [12/Jan/2024:13:46:32 -0600] "GET /principal/ HTTP/1.1" 200 2626 sergym.com "-" "Mozilla/5.0 (Windows NT 6.1; Win64; x64) AppleWebKit/537.36 (KHTML, like Gecko) Chrome/92.0.4515.131" "-"
125.124.133.0 - - [12/Jan/2024:13:46:33 -0600] "GET /Res/images/nopic.jpg HTTP/1.1" 301 247 www.sergym.com "-" "Mozilla/5.0 (Windows NT 6.1; Win64; x64) AppleWebKit/537.36 (KHTML, like Gecko) Chrome/92.0.4515.131" "-"
125.124.133.0 - - [12/Jan/2024:13:46:33 -0600] "GET /Res/images/nopic.jpg HTTP/1.1" 404 1271 sergym.com "-" "Mozilla/5.0 (Windows NT 6.1; Win64; x64) AppleWebKit/537.36 (KHTML, like Gecko) Chrome/92.0.4515.131" "-"
125.124.133.0 - - [12/Jan/2024:13:46:33 -0600] "GET /cn/css/css_whir.css HTTP/1.1" 301 246 www.sergym.com "-" "Mozilla/5.0 (Windows NT 6.1; Win64; x64) AppleWebKit/537.36 (KHTML, like Gecko) Chrome/92.0.4515.131" "-"
125.124.133.0 - - [12/Jan/2024:13:46:33 -0600] "GET /cn/css/css_whir.css HTTP/1.1" 404 1271 sergym.com "-" "Mozilla/5.0 (Windows NT 6.1; Win64; x64) AppleWebKit/537.36 (KHTML, like Gecko) Chrome/92.0.4515.131" "-"
125.124.133.0 - - [12/Jan/2024:13:46:33 -0600] "GET /css/css_whir.css HTTP/1.1" 301 243 www.sergym.com "-" "Mozilla/5.0 (Windows NT 6.1; Win64; x64) AppleWebKit/537.36 (KHTML, like Gecko) Chrome/92.0.4515.131" "-"
125.124.133.0 - - [12/Jan/2024:13:46:34 -0600] "GET /css/css_whir.css HTTP/1.1" 404 1271 sergym.com "-" "Mozilla/5.0 (Windows NT 6.1; Win64; x64) AppleWebKit/537.36 (KHTML, like Gecko) Chrome/92.0.4515.131" "-"
187.171.229.0 - - [12/Jan/2024:13:46:52 -0600] "GET /gym/ HTTP/1.1" 200 5569 sergym.com "https://sergym.com/gym/?s=horas&IDH=45950&token=d8457c25664adae6486daa4a6ce4e358" "Mozilla/5.0 (Windows NT 10.0; Win64; x64) AppleWebKit/537.36 (KHTML, like Gecko) Chrome/120.0.0.0 Safari/537.36" "-"
187.171.229.0 - - [12/Jan/2024:13:46:54 -0600] "GET /gym/?s=caja HTTP/1.1" 200 5556 sergym.com "https://sergym.com/gym/" "Mozilla/5.0 (Windows NT 10.0; Win64; x64) AppleWebKit/537.36 (KHTML, like Gecko) Chrome/120.0.0.0 Safari/537.36" "-"
187.171.229.0 - - [12/Jan/2024:13:46:59 -0600] "POST /gym/?s=caja HTTP/1.1" 302 3350 sergym.com "https://sergym.com/gym/?s=caja" "Mozilla/5.0 (Windows NT 10.0; Win64; x64) AppleWebKit/537.36 (KHTML, like Gecko) Chrome/120.0.0.0 Safari/537.36" "-"
187.171.229.0 - - [12/Jan/2024:13:46:59 -0600] "GET /gym/?s=caja&idc=29767&idu=14 HTTP/1.1" 200 5605 sergym.com "https://sergym.com/gym/?s=caja" "Mozilla/5.0 (Windows NT 10.0; Win64; x64) AppleWebKit/537.36 (KHTML, like Gecko) Chrome/120.0.0.0 Safari/537.36" "-"
187.171.229.0 - - [12/Jan/2024:13:47:00 -0600] "POST /gym/peticiones/pet_caja_ticket.php HTTP/1.1" 200 1180 sergym.com "https://sergym.com/gym/?s=caja&idc=29767&idu=14" "Mozilla/5.0 (Windows NT 10.0; Win64; x64) AppleWebKit/537.36 (KHTML, like Gecko) Chrome/120.0.0.0 Safari/537.36" "-"
2806:10a6:: - - [12/Jan/2024:13:47:39 -0600] "GET /lav/ HTTP/1.1" 200 4991 sergym.com "https://sergym.com/lav/?s=caja" "Mozilla/5.0 (Windows NT 10.0; Win64; x64) AppleWebKit/537.36 (KHTML, like Gecko) Chrome/120.0.0.0 Safari/537.36" "-"
2806:10a6:: - - [12/Jan/2024:13:47:40 -0600] "GET /lav/?s=recepcion HTTP/1.1" 200 4892 sergym.com "https://sergym.com/lav/" "Mozilla/5.0 (Windows NT 10.0; Win64; x64) AppleWebKit/537.36 (KHTML, like Gecko) Chrome/120.0.0.0 Safari/537.36" "-"
2806:10a6:: - - [12/Jan/2024:13:47:41 -0600] "GET /lav/?s=venta&i=lavanderia HTTP/1.1" 200 20923 sergym.com "https://sergym.com/lav/?s=recepcion" "Mozilla/5.0 (Windows NT 10.0; Win64; x64) AppleWebKit/537.36 (KHTML, like Gecko) Chrome/120.0.0.0 Safari/537.36" "-"
2806:10a6:: - - [12/Jan/2024:13:47:41 -0600] "POST /lav/peticiones/pet_venta_socios.php HTTP/1.1" 200 16545 sergym.com "https://sergym.com/lav/?s=venta&i=lavanderia" "Mozilla/5.0 (Windows NT 10.0; Win64; x64) AppleWebKit/537.36 (KHTML, like Gecko) Chrome/120.0.0.0 Safari/537.36" "-"
187.171.229.0 - - [12/Jan/2024:13:47:42 -0600] "GET /gym/?s=venta HTTP/1.1" 200 8412 sergym.com "https://sergym.com/gym/?s=caja&idc=29767&idu=14" "Mozilla/5.0 (Windows NT 10.0; Win64; x64) AppleWebKit/537.36 (KHTML, like Gecko) Chrome/120.0.0.0 Safari/537.36" "-"
187.171.229.0 - - [12/Jan/2024:13:47:43 -0600] "POST /gym/peticiones/pet_venta.php HTTP/1.1" 200 635 sergym.com "https://sergym.com/gym/?s=venta" "Mozilla/5.0 (Windows NT 10.0; Win64; x64) AppleWebKit/537.36 (KHTML, like Gecko) Chrome/120.0.0.0 Safari/537.36" "-"
2806:10a6:: - - [12/Jan/2024:13:47:47 -0600] "POST /lav/peticiones/pet_venta_socios_busqueda.php HTTP/1.1" 200 925 sergym.com "https://sergym.com/lav/?s=venta&i=lavanderia" "Mozilla/5.0 (Windows NT 10.0; Win64; x64) AppleWebKit/537.36 (KHTML, like Gecko) Chrome/120.0.0.0 Safari/537.36" "-"
187.171.229.0 - - [12/Jan/2024:13:47:48 -0600] "POST /gym/peticiones/pet_venta_procesar.php HTTP/1.1" 200 1592 sergym.com "https://sergym.com/gym/?s=venta" "Mozilla/5.0 (Windows NT 10.0; Win64; x64) AppleWebKit/537.36 (KHTML, like Gecko) Chrome/120.0.0.0 Safari/537.36" "-"
187.171.229.0 - - [12/Jan/2024:13:47:49 -0600] "POST /gym/peticiones/pet_venta_procesar.php HTTP/1.1" 200 148 sergym.com "https://sergym.com/gym/?s=venta" "Mozilla/5.0 (Windows NT 10.0; Win64; x64) AppleWebKit/537.36 (KHTML, like Gecko) Chrome/120.0.0.0 Safari/537.36" "-"
187.171.229.0 - - [12/Jan/2024:13:47:49 -0600] "GET /gym/?s=venta HTTP/1.1" 200 8412 sergym.com "https://sergym.com/gym/?s=venta" "Mozilla/5.0 (Windows NT 10.0; Win64; x64) AppleWebKit/537.36 (KHTML, like Gecko) Chrome/120.0.0.0 Safari/537.36" "-"
2806:10a6:: - - [12/Jan/2024:13:47:49 -0600] "POST /lav/peticiones/pet_venta.php HTTP/1.1" 200 697 sergym.com "https://sergym.com/lav/?s=venta&i=lavanderia" "Mozilla/5.0 (Windows NT 10.0; Win64; x64) AppleWebKit/537.36 (KHTML, like Gecko) Chrome/120.0.0.0 Safari/537.36" "-"
2806:10a6:: - - [12/Jan/2024:13:47:56 -0600] "POST /lav/peticiones/pet_venta_procesar.php HTTP/1.1" 200 2730 sergym.com "https://sergym.com/lav/?s=venta&i=lavanderia" "Mozilla/5.0 (Windows NT 10.0; Win64; x64) AppleWebKit/537.36 (KHTML, like Gecko) Chrome/120.0.0.0 Safari/537.36" "-"
2806:10a6:: - - [12/Jan/2024:13:47:57 -0600] "POST /lav/peticiones/pet_venta_procesar.php HTTP/1.1" 200 120 sergym.com "https://sergym.com/lav/?s=venta&i=lavanderia" "Mozilla/5.0 (Windows NT 10.0; Win64; x64) AppleWebKit/537.36 (KHTML, like Gecko) Chrome/120.0.0.0 Safari/537.36" "-"
2806:10a6:: - - [12/Jan/2024:13:47:58 -0600] "GET /lav/?s=venta&i=ticket&folio=229&id_socio=7707&id=212669&anio=2024&tipo=LAVANDERIA HTTP/1.1" 200 114926 sergym.com "https://sergym.com/lav/?s=venta&i=lavanderia" "Mozilla/5.0 (Windows NT 10.0; Win64; x64) AppleWebKit/537.36 (KHTML, like Gecko) Chrome/120.0.0.0 Safari/537.36" "-"
187.171.229.0 - - [12/Jan/2024:13:48:33 -0600] "GET /gym/?s=socios HTTP/1.1" 200 35580 sergym.com "https://sergym.com/gym/?s=venta" "Mozilla/5.0 (Windows NT 10.0; Win64; x64) AppleWebKit/537.36 (KHTML, like Gecko) Chrome/120.0.0.0 Safari/537.36" "-"
187.171.229.0 - - [12/Jan/2024:13:48:35 -0600] "GET /imagenes/avatar/8998.jpg HTTP/1.1" 304 - sergym.com "https://sergym.com/gym/?s=socios" "Mozilla/5.0 (Windows NT 10.0; Win64; x64) AppleWebKit/537.36 (KHTML, like Gecko) Chrome/120.0.0.0 Safari/537.36" "-"
187.171.229.0 - - [12/Jan/2024:13:48:37 -0600] "POST /gym/?s=socios HTTP/1.1" 200 8847 sergym.com "https://sergym.com/gym/?s=socios" "Mozilla/5.0 (Windows NT 10.0; Win64; x64) AppleWebKit/537.36 (KHTML, like Gecko) Chrome/120.0.0.0 Safari/537.36" "-"
2806:10a6:: - - [12/Jan/2024:13:50:05 -0600] "GET /lav/?s=venta&i=lavanderia HTTP/1.1" 200 20923 sergym.com "https://sergym.com/lav/?s=recepcion" "Mozilla/5.0 (Windows NT 10.0; Win64; x64) AppleWebKit/537.36 (KHTML, like Gecko) Chrome/120.0.0.0 Safari/537.36" "-"
2806:10a6:: - - [12/Jan/2024:13:50:05 -0600] "GET /lav/?s=recepcion HTTP/1.1" 200 4892 sergym.com "https://sergym.com/lav/" "Mozilla/5.0 (Windows NT 10.0; Win64; x64) AppleWebKit/537.36 (KHTML, like Gecko) Chrome/120.0.0.0 Safari/537.36" "-"
2806:10a6:: - - [12/Jan/2024:13:50:08 -0600] "GET /lav/ HTTP/1.1" 200 4991 sergym.com "https://sergym.com/lav/?s=recepcion" "Mozilla/5.0 (Windows NT 10.0; Win64; x64) AppleWebKit/537.36 (KHTML, like Gecko) Chrome/120.0.0.0 Safari/537.36" "-"
2806:10a6:: - - [12/Jan/2024:13:50:09 -0600] "GET /lav/?s=caja HTTP/1.1" 200 5233 sergym.com "https://sergym.com/lav/" "Mozilla/5.0 (Windows NT 10.0; Win64; x64) AppleWebKit/537.36 (KHTML, like Gecko) Chrome/120.0.0.0 Safari/537.36" "-"
2806:10a6:: - - [12/Jan/2024:13:50:13 -0600] "POST /lav/?s=caja HTTP/1.1" 302 2820 sergym.com "https://sergym.com/lav/?s=caja" "Mozilla/5.0 (Windows NT 10.0; Win64; x64) AppleWebKit/537.36 (KHTML, like Gecko) Chrome/120.0.0.0 Safari/537.36" "-"
2806:10a6:: - - [12/Jan/2024:13:50:14 -0600] "GET /lav/?s=caja&idc=29768&idu=53 HTTP/1.1" 200 5282 sergym.com "https://sergym.com/lav/?s=caja" "Mozilla/5.0 (Windows NT 10.0; Win64; x64) AppleWebKit/537.36 (KHTML, like Gecko) Chrome/120.0.0.0 Safari/537.36" "-"
2806:10a6:: - - [12/Jan/2024:13:50:14 -0600] "POST /lav/peticiones/pet_caja_ticket.php HTTP/1.1" 200 1187 sergym.com "https://sergym.com/lav/?s=caja&idc=29768&idu=53" "Mozilla/5.0 (Windows NT 10.0; Win64; x64) AppleWebKit/537.36 (KHTML, like Gecko) Chrome/120.0.0.0 Safari/537.36" "-"
2806:10a6:: - - [12/Jan/2024:13:50:16 -0600] "GET /lav/?s=caja HTTP/1.1" 200 5233 sergym.com "https://sergym.com/lav/" "Mozilla/5.0 (Windows NT 10.0; Win64; x64) AppleWebKit/537.36 (KHTML, like Gecko) Chrome/120.0.0.0 Safari/537.36" "-"
2806:10a6:: - - [12/Jan/2024:13:50:17 -0600] "GET /lav/ HTTP/1.1" 200 4991 sergym.com "https://sergym.com/lav/?s=caja" "Mozilla/5.0 (Windows NT 10.0; Win64; x64) AppleWebKit/537.36 (KHTML, like Gecko) Chrome/120.0.0.0 Safari/537.36" "-"
2806:10a6:: - - [12/Jan/2024:13:50:18 -0600] "GET /lav/?s=entrega HTTP/1.1" 200 28216 sergym.com "https://sergym.com/lav/" "Mozilla/5.0 (Windows NT 10.0; Win64; x64) AppleWebKit/537.36 (KHTML, like Gecko) Chrome/120.0.0.0 Safari/537.36" "-"
2806:10a6:: - - [12/Jan/2024:13:50:23 -0600] "POST /lav/?s=entrega HTTP/1.1" 200 5884 sergym.com "https://sergym.com/lav/?s=entrega" "Mozilla/5.0 (Windows NT 10.0; Win64; x64) AppleWebKit/537.36 (KHTML, like Gecko) Chrome/120.0.0.0 Safari/537.36" "-"
2806:10a6:: - - [12/Jan/2024:13:50:24 -0600] "POST /lav/peticiones/pet_entrega.php HTTP/1.1" 200 4488 sergym.com "https://sergym.com/lav/?s=entrega" "Mozilla/5.0 (Windows NT 10.0; Win64; x64) AppleWebKit/537.36 (KHTML, like Gecko) Chrome/120.0.0.0 Safari/537.36" "-"
2806:10a6:: - - [12/Jan/2024:13:50:25 -0600] "POST /lav/peticiones/pet_entrega_status.php HTTP/1.1" 200 322 sergym.com "https://sergym.com/lav/?s=entrega" "Mozilla/5.0 (Windows NT 10.0; Win64; x64) AppleWebKit/537.36 (KHTML, like Gecko) Chrome/120.0.0.0 Safari/537.36" "-"
2806:10a6:: - - [12/Jan/2024:13:55:18 -0600] "GET /gym/?s=socios HTTP/1.1" 302 - sergym.com "-" "Mozilla/5.0 (iPhone; CPU iPhone OS 17_1 like Mac OS X) AppleWebKit/605.1.15 (KHTML, like Gecko) CriOS/120.0.6099.119 Mobile/15E148 Safari/604.1" "-"
2806:10a6:: - - [12/Jan/2024:13:55:18 -0600] "GET /acceso/?error=9&d=2 HTTP/1.1" 200 2205 sergym.com "-" "Mozilla/5.0 (iPhone; CPU iPhone OS 17_1 like Mac OS X) AppleWebKit/605.1.15 (KHTML, like Gecko) CriOS/120.0.6099.119 Mobile/15E148 Safari/604.1" "-"
2806:10a6:: - - [12/Jan/2024:13:55:18 -0600] "GET /favicon.ico HTTP/1.1" 404 1271 sergym.com "-" "Mozilla/5.0 (iPhone; CPU iPhone OS 17_1 like Mac OS X) AppleWebKit/605.1.15 (KHTML, like Gecko) CriOS/120.0.6099.119 Mobile/15E148 Safari/604.1" "-"
2806:10a6:: - - [12/Jan/2024:13:55:22 -0600] "POST /acceso/ HTTP/1.1" 302 - sergym.com "https://sergym.com/acceso/?error=9&d=2" "Mozilla/5.0 (iPhone; CPU iPhone OS 17_1 like Mac OS X) AppleWebKit/605.1.15 (KHTML, like Gecko) CriOS/120.0.6099.119 Mobile/15E148 Safari/604.1" "-"
2806:10a6:: - - [12/Jan/2024:13:55:22 -0600] "GET /administrador HTTP/1.1" 301 241 sergym.com "https://sergym.com/acceso/?error=9&d=2" "Mozilla/5.0 (iPhone; CPU iPhone OS 17_1 like Mac OS X) AppleWebKit/605.1.15 (KHTML, like Gecko) CriOS/120.0.6099.119 Mobile/15E148 Safari/604.1" "-"
2806:10a6:: - - [12/Jan/2024:13:55:22 -0600] "GET /administrador/ HTTP/1.1" 200 6446 sergym.com "https://sergym.com/acceso/?error=9&d=2" "Mozilla/5.0 (iPhone; CPU iPhone OS 17_1 like Mac OS X) AppleWebKit/605.1.15 (KHTML, like Gecko) CriOS/120.0.6099.119 Mobile/15E148 Safari/604.1" "-"
2806:10a6:: - - [12/Jan/2024:13:55:23 -0600] "GET /administrador/?s=articulos HTTP/1.1" 200 25087 sergym.com "https://sergym.com/administrador/" "Mozilla/5.0 (iPhone; CPU iPhone OS 17_1 like Mac OS X) AppleWebKit/605.1.15 (KHTML, like Gecko) CriOS/120.0.6099.119 Mobile/15E148 Safari/604.1" "-"
2806:10a6:: - - [12/Jan/2024:13:55:41 -0600] "GET /administrador/ HTTP/1.1" 200 6446 sergym.com "https://sergym.com/administrador/?s=articulos" "Mozilla/5.0 (iPhone; CPU iPhone OS 17_1 like Mac OS X) AppleWebKit/605.1.15 (KHTML, like Gecko) CriOS/120.0.6099.119 Mobile/15E148 Safari/604.1" "-"
2806:10a6:: - - [12/Jan/2024:13:55:43 -0600] "POST /administrador/?s=inicio HTTP/1.1" 302 3878 sergym.com "https://sergym.com/administrador/" "Mozilla/5.0 (iPhone; CPU iPhone OS 17_1 like Mac OS X) AppleWebKit/605.1.15 (KHTML, like Gecko) CriOS/120.0.6099.119 Mobile/15E148 Safari/604.1" "-"
2806:10a6:: - - [12/Jan/2024:13:55:43 -0600] "GET /administrador/gym HTTP/1.1" 301 245 sergym.com "https://sergym.com/administrador/" "Mozilla/5.0 (iPhone; CPU iPhone OS 17_1 like Mac OS X) AppleWebKit/605.1.15 (KHTML, like Gecko) CriOS/120.0.6099.119 Mobile/15E148 Safari/604.1" "-"
2806:10a6:: - - [12/Jan/2024:13:55:43 -0600] "GET /administrador/gym/ HTTP/1.1" 200 3743 sergym.com "https://sergym.com/administrador/" "Mozilla/5.0 (iPhone; CPU iPhone OS 17_1 like Mac OS X) AppleWebKit/605.1.15 (KHTML, like Gecko) CriOS/120.0.6099.119 Mobile/15E148 Safari/604.1" "-"
2806:10a6:: - - [12/Jan/2024:13:55:44 -0600] "GET /administrador/gym/?s=reportes HTTP/1.1" 200 5813 sergym.com "https://sergym.com/administrador/gym/" "Mozilla/5.0 (iPhone; CPU iPhone OS 17_1 like Mac OS X) AppleWebKit/605.1.15 (KHTML, like Gecko) CriOS/120.0.6099.119 Mobile/15E148 Safari/604.1" "-"
2806:10a6:: - - [12/Jan/2024:13:55:45 -0600] "GET /administrador/gym/?s=reportes&i=diario HTTP/1.1" 200 10123 sergym.com "https://sergym.com/administrador/gym/?s=reportes" "Mozilla/5.0 (iPhone; CPU iPhone OS 17_1 like Mac OS X) AppleWebKit/605.1.15 (KHTML, like Gecko) CriOS/120.0.6099.119 Mobile/15E148 Safari/604.1" "-"
2806:10a6:: - - [12/Jan/2024:13:55:57 -0600] "GET /administrador/ HTTP/1.1" 200 6446 sergym.com "https://sergym.com/administrador/gym/?s=reportes&i=diario" "Mozilla/5.0 (iPhone; CPU iPhone OS 17_1 like Mac OS X) AppleWebKit/605.1.15 (KHTML, like Gecko) CriOS/120.0.6099.119 Mobile/15E148 Safari/604.1" "-"
2806:10a6:: - - [12/Jan/2024:13:56:01 -0600] "POST /administrador/?s=inicio HTTP/1.1" 302 3878 sergym.com "https://sergym.com/administrador/" "Mozilla/5.0 (iPhone; CPU iPhone OS 17_1 like Mac OS X) AppleWebKit/605.1.15 (KHTML, like Gecko) CriOS/120.0.6099.119 Mobile/15E148 Safari/604.1" "-"
2806:10a6:: - - [12/Jan/2024:13:56:02 -0600] "GET /administrador/lav HTTP/1.1" 301 245 sergym.com "https://sergym.com/administrador/" "Mozilla/5.0 (iPhone; CPU iPhone OS 17_1 like Mac OS X) AppleWebKit/605.1.15 (KHTML, like Gecko) CriOS/120.0.6099.119 Mobile/15E148 Safari/604.1" "-"
2806:10a6:: - - [12/Jan/2024:13:56:02 -0600] "GET /administrador/lav/ HTTP/1.1" 200 6473 sergym.com "https://sergym.com/administrador/" "Mozilla/5.0 (iPhone; CPU iPhone OS 17_1 like Mac OS X) AppleWebKit/605.1.15 (KHTML, like Gecko) CriOS/120.0.6099.119 Mobile/15E148 Safari/604.1" "-"
2806:10a6:: - - [12/Jan/2024:13:56:03 -0600] "GET /administrador/lav/?s=reportes&i=corte_diario HTTP/1.1" 200 18691 sergym.com "https://sergym.com/administrador/lav/" "Mozilla/5.0 (iPhone; CPU iPhone OS 17_1 like Mac OS X) AppleWebKit/605.1.15 (KHTML, like Gecko) CriOS/120.0.6099.119 Mobile/15E148 Safari/604.1" "-"
2806:10a6:: - - [12/Jan/2024:13:57:03 -0600] "GET /lav/?s=salir HTTP/1.1" 302 - sergym.com "https://sergym.com/lav/?s=entrega" "Mozilla/5.0 (Windows NT 10.0; Win64; x64) AppleWebKit/537.36 (KHTML, like Gecko) Chrome/120.0.0.0 Safari/537.36" "-"
2806:10a6:: - - [12/Jan/2024:13:57:03 -0600] "GET /acceso/?error=10&d=2 HTTP/1.1" 200 2204 sergym.com "https://sergym.com/lav/?s=entrega" "Mozilla/5.0 (Windows NT 10.0; Win64; x64) AppleWebKit/537.36 (KHTML, like Gecko) Chrome/120.0.0.0 Safari/537.36" "-"
2806:10a6:: - - [12/Jan/2024:13:57:10 -0600] "POST /acceso/ HTTP/1.1" 302 - sergym.com "https://sergym.com/acceso/?error=10&d=2" "Mozilla/5.0 (Windows NT 10.0; Win64; x64) AppleWebKit/537.36 (KHTML, like Gecko) Chrome/120.0.0.0 Safari/537.36" "-"
2806:10a6:: - - [12/Jan/2024:13:57:11 -0600] "GET /administrador HTTP/1.1" 301 241 sergym.com "https://sergym.com/acceso/?error=10&d=2" "Mozilla/5.0 (Windows NT 10.0; Win64; x64) AppleWebKit/537.36 (KHTML, like Gecko) Chrome/120.0.0.0 Safari/537.36" "-"
2806:10a6:: - - [12/Jan/2024:13:57:11 -0600] "GET /administrador/ HTTP/1.1" 200 6446 sergym.com "https://sergym.com/acceso/?error=10&d=2" "Mozilla/5.0 (Windows NT 10.0; Win64; x64) AppleWebKit/537.36 (KHTML, like Gecko) Chrome/120.0.0.0 Safari/537.36" "-"
2806:10a6:: - - [12/Jan/2024:13:57:14 -0600] "POST /administrador/?s=inicio HTTP/1.1" 302 3878 sergym.com "https://sergym.com/administrador/" "Mozilla/5.0 (Windows NT 10.0; Win64; x64) AppleWebKit/537.36 (KHTML, like Gecko) Chrome/120.0.0.0 Safari/537.36" "-"
