2806:10a6:: - - [08/Feb/2024:13:32:10 -0600] "GET /lav/ HTTP/1.1" 200 4991 sergym.com "https://sergym.com/lav/?s=entrega" "Mozilla/5.0 (Windows NT 10.0; Win64; x64) AppleWebKit/537.36 (KHTML, like Gecko) Chrome/121.0.0.0 Safari/537.36" "-"
2806:10a6:: - - [08/Feb/2024:13:32:11 -0600] "GET /lav/?s=caja HTTP/1.1" 200 5235 sergym.com "https://sergym.com/lav/" "Mozilla/5.0 (Windows NT 10.0; Win64; x64) AppleWebKit/537.36 (KHTML, like Gecko) Chrome/121.0.0.0 Safari/537.36" "-"
2806:10a6:: - - [08/Feb/2024:13:32:16 -0600] "POST /lav/?s=caja HTTP/1.1" 302 2820 sergym.com "https://sergym.com/lav/?s=caja" "Mozilla/5.0 (Windows NT 10.0; Win64; x64) AppleWebKit/537.36 (KHTML, like Gecko) Chrome/121.0.0.0 Safari/537.36" "-"
2806:10a6:: - - [08/Feb/2024:13:32:17 -0600] "GET /lav/?s=caja&idc=30064&idu=53 HTTP/1.1" 200 5284 sergym.com "https://sergym.com/lav/?s=caja" "Mozilla/5.0 (Windows NT 10.0; Win64; x64) AppleWebKit/537.36 (KHTML, like Gecko) Chrome/121.0.0.0 Safari/537.36" "-"
2806:10a6:: - - [08/Feb/2024:13:32:17 -0600] "POST /lav/peticiones/pet_caja_ticket.php HTTP/1.1" 200 1192 sergym.com "https://sergym.com/lav/?s=caja&idc=30064&idu=53" "Mozilla/5.0 (Windows NT 10.0; Win64; x64) AppleWebKit/537.36 (KHTML, like Gecko) Chrome/121.0.0.0 Safari/537.36" "-"
187.171.16.0 - - [08/Feb/2024:13:46:21 -0600] "GET /gym/ HTTP/1.1" 200 5569 sergym.com "https://sergym.com/gym/?s=venta" "Mozilla/5.0 (Windows NT 10.0; Win64; x64) AppleWebKit/537.36 (KHTML, like Gecko) Chrome/121.0.0.0 Safari/537.36" "-"
187.171.16.0 - - [08/Feb/2024:13:46:22 -0600] "GET /gym/?s=caja HTTP/1.1" 200 5558 sergym.com "https://sergym.com/gym/" "Mozilla/5.0 (Windows NT 10.0; Win64; x64) AppleWebKit/537.36 (KHTML, like Gecko) Chrome/121.0.0.0 Safari/537.36" "-"
187.171.16.0 - - [08/Feb/2024:13:46:43 -0600] "POST /gym/?s=caja HTTP/1.1" 302 3350 sergym.com "https://sergym.com/gym/?s=caja" "Mozilla/5.0 (Windows NT 10.0; Win64; x64) AppleWebKit/537.36 (KHTML, like Gecko) Chrome/121.0.0.0 Safari/537.36" "-"
187.171.16.0 - - [08/Feb/2024:13:46:43 -0600] "GET /gym/?s=caja&idc=30065&idu=14 HTTP/1.1" 200 5607 sergym.com "https://sergym.com/gym/?s=caja" "Mozilla/5.0 (Windows NT 10.0; Win64; x64) AppleWebKit/537.36 (KHTML, like Gecko) Chrome/121.0.0.0 Safari/537.36" "-"
187.171.16.0 - - [08/Feb/2024:13:46:43 -0600] "POST /gym/peticiones/pet_caja_ticket.php HTTP/1.1" 200 1209 sergym.com "https://sergym.com/gym/?s=caja&idc=30065&idu=14" "Mozilla/5.0 (Windows NT 10.0; Win64; x64) AppleWebKit/537.36 (KHTML, like Gecko) Chrome/121.0.0.0 Safari/537.36" "-"
187.171.16.0 - - [08/Feb/2024:13:47:49 -0600] "POST /gym/?s=caja HTTP/1.1" 302 3350 sergym.com "https://sergym.com/gym/?s=caja&idc=30065&idu=14" "Mozilla/5.0 (Windows NT 10.0; Win64; x64) AppleWebKit/537.36 (KHTML, like Gecko) Chrome/121.0.0.0 Safari/537.36" "-"
187.171.16.0 - - [08/Feb/2024:13:47:49 -0600] "GET /gym/?s=caja&idc=30066&idu=14 HTTP/1.1" 200 5607 sergym.com "https://sergym.com/gym/?s=caja&idc=30065&idu=14" "Mozilla/5.0 (Windows NT 10.0; Win64; x64) AppleWebKit/537.36 (KHTML, like Gecko) Chrome/121.0.0.0 Safari/537.36" "-"
187.171.16.0 - - [08/Feb/2024:13:47:50 -0600] "POST /gym/peticiones/pet_caja_ticket.php HTTP/1.1" 200 1184 sergym.com "https://sergym.com/gym/?s=caja&idc=30066&idu=14" "Mozilla/5.0 (Windows NT 10.0; Win64; x64) AppleWebKit/537.36 (KHTML, like Gecko) Chrome/121.0.0.0 Safari/537.36" "-"
187.171.16.0 - - [08/Feb/2024:13:48:16 -0600] "GET /administrador/ HTTP/1.1" 302 - sergym.com "-" "Mozilla/5.0 (iPhone; CPU iPhone OS 17_2 like Mac OS X) AppleWebKit/605.1.15 (KHTML, like Gecko) CriOS/121.0.6167.138 Mobile/15E148 Safari/604.1" "-"
187.171.16.0 - - [08/Feb/2024:13:48:17 -0600] "GET /acceso/?error=9&d=2 HTTP/1.1" 200 2205 sergym.com "-" "Mozilla/5.0 (iPhone; CPU iPhone OS 17_2 like Mac OS X) AppleWebKit/605.1.15 (KHTML, like Gecko) CriOS/121.0.6167.138 Mobile/15E148 Safari/604.1" "-"
187.171.16.0 - - [08/Feb/2024:13:48:17 -0600] "GET /favicon.ico HTTP/1.1" 404 1271 sergym.com "-" "Mozilla/5.0 (iPhone; CPU iPhone OS 17_2 like Mac OS X) AppleWebKit/605.1.15 (KHTML, like Gecko) CriOS/121.0.6167.138 Mobile/15E148 Safari/604.1" "-"
187.171.16.0 - - [08/Feb/2024:13:48:21 -0600] "POST /acceso/ HTTP/1.1" 302 - sergym.com "https://sergym.com/acceso/?error=9&d=2" "Mozilla/5.0 (iPhone; CPU iPhone OS 17_2 like Mac OS X) AppleWebKit/605.1.15 (KHTML, like Gecko) CriOS/121.0.6167.138 Mobile/15E148 Safari/604.1" "-"
187.171.16.0 - - [08/Feb/2024:13:48:21 -0600] "GET /administrador HTTP/1.1" 301 241 sergym.com "https://sergym.com/acceso/?error=9&d=2" "Mozilla/5.0 (iPhone; CPU iPhone OS 17_2 like Mac OS X) AppleWebKit/605.1.15 (KHTML, like Gecko) CriOS/121.0.6167.138 Mobile/15E148 Safari/604.1" "-"
187.171.16.0 - - [08/Feb/2024:13:48:21 -0600] "GET /administrador/ HTTP/1.1" 200 6446 sergym.com "https://sergym.com/acceso/?error=9&d=2" "Mozilla/5.0 (iPhone; CPU iPhone OS 17_2 like Mac OS X) AppleWebKit/605.1.15 (KHTML, like Gecko) CriOS/121.0.6167.138 Mobile/15E148 Safari/604.1" "-"
187.171.16.0 - - [08/Feb/2024:13:48:23 -0600] "GET /administrador/?s=articulos HTTP/1.1" 200 25073 sergym.com "https://sergym.com/administrador/" "Mozilla/5.0 (iPhone; CPU iPhone OS 17_2 like Mac OS X) AppleWebKit/605.1.15 (KHTML, like Gecko) CriOS/121.0.6167.138 Mobile/15E148 Safari/604.1" "-"
2806:10a6:: - - [08/Feb/2024:13:48:37 -0600] "GET /lav/ HTTP/1.1" 200 4991 sergym.com "https://sergym.com/lav/?s=caja&idc=30064&idu=53" "Mozilla/5.0 (Windows NT 10.0; Win64; x64) AppleWebKit/537.36 (KHTML, like Gecko) Chrome/121.0.0.0 Safari/537.36" "-"
187.171.16.0 - - [08/Feb/2024:13:48:40 -0600] "GET /administrador/ HTTP/1.1" 200 6446 sergym.com "https://sergym.com/administrador/?s=articulos" "Mozilla/5.0 (iPhone; CPU iPhone OS 17_2 like Mac OS X) AppleWebKit/605.1.15 (KHTML, like Gecko) CriOS/121.0.6167.138 Mobile/15E148 Safari/604.1" "-"
2806:10a6:: - - [08/Feb/2024:13:48:41 -0600] "GET /lav/?s=recepcion HTTP/1.1" 200 4892 sergym.com "https://sergym.com/lav/" "Mozilla/5.0 (Windows NT 10.0; Win64; x64) AppleWebKit/537.36 (KHTML, like Gecko) Chrome/121.0.0.0 Safari/537.36" "-"
187.171.16.0 - - [08/Feb/2024:13:48:42 -0600] "POST /administrador/?s=inicio HTTP/1.1" 302 3878 sergym.com "https://sergym.com/administrador/" "Mozilla/5.0 (iPhone; CPU iPhone OS 17_2 like Mac OS X) AppleWebKit/605.1.15 (KHTML, like Gecko) CriOS/121.0.6167.138 Mobile/15E148 Safari/604.1" "-"
187.171.16.0 - - [08/Feb/2024:13:48:43 -0600] "GET /administrador/gym HTTP/1.1" 301 245 sergym.com "https://sergym.com/administrador/" "Mozilla/5.0 (iPhone; CPU iPhone OS 17_2 like Mac OS X) AppleWebKit/605.1.15 (KHTML, like Gecko) CriOS/121.0.6167.138 Mobile/15E148 Safari/604.1" "-"
187.171.16.0 - - [08/Feb/2024:13:48:43 -0600] "GET /administrador/gym/ HTTP/1.1" 200 3743 sergym.com "https://sergym.com/administrador/" "Mozilla/5.0 (iPhone; CPU iPhone OS 17_2 like Mac OS X) AppleWebKit/605.1.15 (KHTML, like Gecko) CriOS/121.0.6167.138 Mobile/15E148 Safari/604.1" "-"
2806:10a6:: - - [08/Feb/2024:13:48:43 -0600] "GET /lav/?s=venta&i=lavanderia HTTP/1.1" 200 21449 sergym.com "https://sergym.com/lav/?s=recepcion" "Mozilla/5.0 (Windows NT 10.0; Win64; x64) AppleWebKit/537.36 (KHTML, like Gecko) Chrome/121.0.0.0 Safari/537.36" "-"
187.171.16.0 - - [08/Feb/2024:13:48:44 -0600] "GET /administrador/gym/?s=reportes HTTP/1.1" 200 5813 sergym.com "https://sergym.com/administrador/gym/" "Mozilla/5.0 (iPhone; CPU iPhone OS 17_2 like Mac OS X) AppleWebKit/605.1.15 (KHTML, like Gecko) CriOS/121.0.6167.138 Mobile/15E148 Safari/604.1" "-"
2806:10a6:: - - [08/Feb/2024:13:48:44 -0600] "POST /lav/peticiones/pet_venta_socios.php HTTP/1.1" 200 16365 sergym.com "https://sergym.com/lav/?s=venta&i=lavanderia" "Mozilla/5.0 (Windows NT 10.0; Win64; x64) AppleWebKit/537.36 (KHTML, like Gecko) Chrome/121.0.0.0 Safari/537.36" "-"
187.171.16.0 - - [08/Feb/2024:13:48:45 -0600] "GET /administrador/gym/?s=reportes&i=diario HTTP/1.1" 200 10138 sergym.com "https://sergym.com/administrador/gym/?s=reportes" "Mozilla/5.0 (iPhone; CPU iPhone OS 17_2 like Mac OS X) AppleWebKit/605.1.15 (KHTML, like Gecko) CriOS/121.0.6167.138 Mobile/15E148 Safari/604.1" "-"
2806:10a6:: - - [08/Feb/2024:13:49:07 -0600] "POST /lav/peticiones/pet_venta_socios_busqueda.php HTTP/1.1" 200 3930 sergym.com "https://sergym.com/lav/?s=venta&i=lavanderia" "Mozilla/5.0 (Windows NT 10.0; Win64; x64) AppleWebKit/537.36 (KHTML, like Gecko) Chrome/121.0.0.0 Safari/537.36" "-"
2806:10a6:: - - [08/Feb/2024:13:49:19 -0600] "POST /lav/peticiones/pet_venta_socios_busqueda.php HTTP/1.1" 200 322 sergym.com "https://sergym.com/lav/?s=venta&i=lavanderia" "Mozilla/5.0 (Windows NT 10.0; Win64; x64) AppleWebKit/537.36 (KHTML, like Gecko) Chrome/121.0.0.0 Safari/537.36" "-"
2806:10a6:: - - [08/Feb/2024:13:49:23 -0600] "POST /lav/peticiones/pet_venta.php HTTP/1.1" 200 697 sergym.com "https://sergym.com/lav/?s=venta&i=lavanderia" "Mozilla/5.0 (Windows NT 10.0; Win64; x64) AppleWebKit/537.36 (KHTML, like Gecko) Chrome/121.0.0.0 Safari/537.36" "-"
187.171.16.0 - - [08/Feb/2024:13:50:36 -0600] "GET /administrador/ HTTP/1.1" 200 6446 sergym.com "https://sergym.com/administrador/gym/?s=reportes&i=diario" "Mozilla/5.0 (iPhone; CPU iPhone OS 17_2 like Mac OS X) AppleWebKit/605.1.15 (KHTML, like Gecko) CriOS/121.0.6167.138 Mobile/15E148 Safari/604.1" "-"
187.171.16.0 - - [08/Feb/2024:13:50:38 -0600] "POST /administrador/?s=inicio HTTP/1.1" 302 3878 sergym.com "https://sergym.com/administrador/" "Mozilla/5.0 (iPhone; CPU iPhone OS 17_2 like Mac OS X) AppleWebKit/605.1.15 (KHTML, like Gecko) CriOS/121.0.6167.138 Mobile/15E148 Safari/604.1" "-"
187.171.16.0 - - [08/Feb/2024:13:50:39 -0600] "GET /gym HTTP/1.1" 301 231 sergym.com "https://sergym.com/administrador/" "Mozilla/5.0 (iPhone; CPU iPhone OS 17_2 like Mac OS X) AppleWebKit/605.1.15 (KHTML, like Gecko) CriOS/121.0.6167.138 Mobile/15E148 Safari/604.1" "-"
187.171.16.0 - - [08/Feb/2024:13:50:39 -0600] "GET /gym/ HTTP/1.1" 200 5668 sergym.com "https://sergym.com/administrador/" "Mozilla/5.0 (iPhone; CPU iPhone OS 17_2 like Mac OS X) AppleWebKit/605.1.15 (KHTML, like Gecko) CriOS/121.0.6167.138 Mobile/15E148 Safari/604.1" "-"
187.171.16.0 - - [08/Feb/2024:13:50:40 -0600] "GET /gym/?s=horas HTTP/1.1" 200 9167 sergym.com "https://sergym.com/gym/" "Mozilla/5.0 (iPhone; CPU iPhone OS 17_2 like Mac OS X) AppleWebKit/605.1.15 (KHTML, like Gecko) CriOS/121.0.6167.138 Mobile/15E148 Safari/604.1" "-"
187.171.16.0 - - [08/Feb/2024:13:50:48 -0600] "GET /gym/ HTTP/1.1" 200 5668 sergym.com "https://sergym.com/administrador/" "Mozilla/5.0 (iPhone; CPU iPhone OS 17_2 like Mac OS X) AppleWebKit/605.1.15 (KHTML, like Gecko) CriOS/121.0.6167.138 Mobile/15E148 Safari/604.1" "-"
187.171.16.0 - - [08/Feb/2024:13:50:50 -0600] "GET /gym/?s=socios HTTP/1.1" 200 35697 sergym.com "https://sergym.com/gym/" "Mozilla/5.0 (iPhone; CPU iPhone OS 17_2 like Mac OS X) AppleWebKit/605.1.15 (KHTML, like Gecko) CriOS/121.0.6167.138 Mobile/15E148 Safari/604.1" "-"
187.171.16.0 - - [08/Feb/2024:13:50:52 -0600] "GET /imagenes/avatar/4651.jpg HTTP/1.1" 200 72694 sergym.com "https://sergym.com/gym/?s=socios" "Mozilla/5.0 (iPhone; CPU iPhone OS 17_2 like Mac OS X) AppleWebKit/605.1.15 (KHTML, like Gecko) CriOS/121.0.6167.138 Mobile/15E148 Safari/604.1" "-"
187.171.16.0 - - [08/Feb/2024:13:50:52 -0600] "GET /imagenes/avatar/9069.jpg HTTP/1.1" 200 97619 sergym.com "https://sergym.com/gym/?s=socios" "Mozilla/5.0 (iPhone; CPU iPhone OS 17_2 like Mac OS X) AppleWebKit/605.1.15 (KHTML, like Gecko) CriOS/121.0.6167.138 Mobile/15E148 Safari/604.1" "-"
187.171.16.0 - - [08/Feb/2024:13:50:52 -0600] "GET /imagenes/avatar/9071.jpg HTTP/1.1" 304 - sergym.com "https://sergym.com/gym/?s=socios" "Mozilla/5.0 (iPhone; CPU iPhone OS 17_2 like Mac OS X) AppleWebKit/605.1.15 (KHTML, like Gecko) CriOS/121.0.6167.138 Mobile/15E148 Safari/604.1" "-"
187.171.16.0 - - [08/Feb/2024:13:50:52 -0600] "GET /imagenes/avatar/9064.jpg HTTP/1.1" 304 - sergym.com "https://sergym.com/gym/?s=socios" "Mozilla/5.0 (iPhone; CPU iPhone OS 17_2 like Mac OS X) AppleWebKit/605.1.15 (KHTML, like Gecko) CriOS/121.0.6167.138 Mobile/15E148 Safari/604.1" "-"
187.171.16.0 - - [08/Feb/2024:13:50:52 -0600] "GET /imagenes/avatar/9068.jpg HTTP/1.1" 304 - sergym.com "https://sergym.com/gym/?s=socios" "Mozilla/5.0 (iPhone; CPU iPhone OS 17_2 like Mac OS X) AppleWebKit/605.1.15 (KHTML, like Gecko) CriOS/121.0.6167.138 Mobile/15E148 Safari/604.1" "-"
187.171.16.0 - - [08/Feb/2024:13:50:52 -0600] "GET /imagenes/avatar/9062.jpg HTTP/1.1" 304 - sergym.com "https://sergym.com/gym/?s=socios" "Mozilla/5.0 (iPhone; CPU iPhone OS 17_2 like Mac OS X) AppleWebKit/605.1.15 (KHTML, like Gecko) CriOS/121.0.6167.138 Mobile/15E148 Safari/604.1" "-"
187.171.16.0 - - [08/Feb/2024:13:50:52 -0600] "GET /imagenes/avatar/9065.jpg HTTP/1.1" 304 - sergym.com "https://sergym.com/gym/?s=socios" "Mozilla/5.0 (iPhone; CPU iPhone OS 17_2 like Mac OS X) AppleWebKit/605.1.15 (KHTML, like Gecko) CriOS/121.0.6167.138 Mobile/15E148 Safari/604.1" "-"
187.171.16.0 - - [08/Feb/2024:13:50:52 -0600] "GET /imagenes/avatar/9067.jpg HTTP/1.1" 304 - sergym.com "https://sergym.com/gym/?s=socios" "Mozilla/5.0 (iPhone; CPU iPhone OS 17_2 like Mac OS X) AppleWebKit/605.1.15 (KHTML, like Gecko) CriOS/121.0.6167.138 Mobile/15E148 Safari/604.1" "-"
187.171.16.0 - - [08/Feb/2024:13:51:01 -0600] "POST /gym/?s=socios HTTP/1.1" 200 8952 sergym.com "https://sergym.com/gym/?s=socios" "Mozilla/5.0 (iPhone; CPU iPhone OS 17_2 like Mac OS X) AppleWebKit/605.1.15 (KHTML, like Gecko) CriOS/121.0.6167.138 Mobile/15E148 Safari/604.1" "-"
187.171.16.0 - - [08/Feb/2024:13:51:01 -0600] "GET /imagenes/avatar/8699.jpg HTTP/1.1" 200 86320 sergym.com "https://sergym.com/gym/?s=socios" "Mozilla/5.0 (iPhone; CPU iPhone OS 17_2 like Mac OS X) AppleWebKit/605.1.15 (KHTML, like Gecko) CriOS/121.0.6167.138 Mobile/15E148 Safari/604.1" "-"
2806:10a6:: - - [08/Feb/2024:13:52:00 -0600] "GET /lav/?s=recepcion HTTP/1.1" 200 4892 sergym.com "https://sergym.com/lav/" "Mozilla/5.0 (Windows NT 10.0; Win64; x64) AppleWebKit/537.36 (KHTML, like Gecko) Chrome/121.0.0.0 Safari/537.36" "-"
2806:10a6:: - - [08/Feb/2024:13:52:01 -0600] "GET /lav/?s=venta&i=lavanderia HTTP/1.1" 200 21449 sergym.com "https://sergym.com/lav/?s=recepcion" "Mozilla/5.0 (Windows NT 10.0; Win64; x64) AppleWebKit/537.36 (KHTML, like Gecko) Chrome/121.0.0.0 Safari/537.36" "-"
2806:10a6:: - - [08/Feb/2024:13:52:01 -0600] "POST /lav/peticiones/pet_venta_socios.php HTTP/1.1" 200 16365 sergym.com "https://sergym.com/lav/?s=venta&i=lavanderia" "Mozilla/5.0 (Windows NT 10.0; Win64; x64) AppleWebKit/537.36 (KHTML, like Gecko) Chrome/121.0.0.0 Safari/537.36" "-"
2806:10a6:: - - [08/Feb/2024:13:52:07 -0600] "POST /lav/peticiones/pet_venta_socios_busqueda.php HTTP/1.1" 200 322 sergym.com "https://sergym.com/lav/?s=venta&i=lavanderia" "Mozilla/5.0 (Windows NT 10.0; Win64; x64) AppleWebKit/537.36 (KHTML, like Gecko) Chrome/121.0.0.0 Safari/537.36" "-"
2806:10a6:: - - [08/Feb/2024:13:52:10 -0600] "POST /lav/peticiones/pet_venta.php HTTP/1.1" 200 697 sergym.com "https://sergym.com/lav/?s=venta&i=lavanderia" "Mozilla/5.0 (Windows NT 10.0; Win64; x64) AppleWebKit/537.36 (KHTML, like Gecko) Chrome/121.0.0.0 Safari/537.36" "-"
2806:10a6:: - - [08/Feb/2024:13:52:16 -0600] "POST /lav/peticiones/pet_venta_procesar.php HTTP/1.1" 200 2730 sergym.com "https://sergym.com/lav/?s=venta&i=lavanderia" "Mozilla/5.0 (Windows NT 10.0; Win64; x64) AppleWebKit/537.36 (KHTML, like Gecko) Chrome/121.0.0.0 Safari/537.36" "-"
2806:10a6:: - - [08/Feb/2024:13:52:31 -0600] "GET /lav/ HTTP/1.1" 200 4991 sergym.com "https://sergym.com/lav/?s=venta&i=lavanderia" "Mozilla/5.0 (Windows NT 10.0; Win64; x64) AppleWebKit/537.36 (KHTML, like Gecko) Chrome/121.0.0.0 Safari/537.36" "-"
2806:10a6:: - - [08/Feb/2024:13:52:44 -0600] "GET /lav/?s=recepcion HTTP/1.1" 200 4892 sergym.com "https://sergym.com/lav/" "Mozilla/5.0 (Windows NT 10.0; Win64; x64) AppleWebKit/537.36 (KHTML, like Gecko) Chrome/121.0.0.0 Safari/537.36" "-"
2806:10a6:: - - [08/Feb/2024:13:52:44 -0600] "GET /lav/?s=reimpresion HTTP/1.1" 200 20828 sergym.com "https://sergym.com/lav/?s=recepcion" "Mozilla/5.0 (Windows NT 10.0; Win64; x64) AppleWebKit/537.36 (KHTML, like Gecko) Chrome/121.0.0.0 Safari/537.36" "-"
2806:10a6:: - - [08/Feb/2024:13:52:52 -0600] "GET /lav/?s=venta&i=ticket&folio=812&id=213356&tipo=LAVANDERIA HTTP/1.1" 200 115054 sergym.com "https://sergym.com/lav/?s=reimpresion" "Mozilla/5.0 (Windows NT 10.0; Win64; x64) AppleWebKit/537.36 (KHTML, like Gecko) Chrome/121.0.0.0 Safari/537.36" "-"
187.171.16.0 - - [08/Feb/2024:13:58:37 -0600] "GET /gym/?s=horas HTTP/1.1" 200 9068 sergym.com "https://sergym.com/gym/?s=caja&idc=30066&idu=14" "Mozilla/5.0 (Windows NT 10.0; Win64; x64) AppleWebKit/537.36 (KHTML, like Gecko) Chrome/121.0.0.0 Safari/537.36" "-"
114.119.157.0 - - [08/Feb/2024:14:05:33 -0600] "GET /robots.txt HTTP/1.1" 301 237 www.sergym.com "-" "Mozilla/5.0 (compatible;PetalBot;+https://webmaster.petalsearch.com/site/petalbot)" "-"
114.119.157.0 - - [08/Feb/2024:14:05:38 -0600] "GET /robots.txt HTTP/1.1" 404 1271 sergym.com "-" "Mozilla/5.0 (compatible;PetalBot;+https://webmaster.petalsearch.com/site/petalbot)" "-"
187.171.16.0 - - [08/Feb/2024:14:10:12 -0600] "GET /gym/?s=salir HTTP/1.1" 302 - sergym.com "https://sergym.com/gym/?s=horas" "Mozilla/5.0 (Windows NT 10.0; Win64; x64) AppleWebKit/537.36 (KHTML, like Gecko) Chrome/121.0.0.0 Safari/537.36" "-"
187.171.16.0 - - [08/Feb/2024:14:10:12 -0600] "GET /acceso/?error=10&d=2 HTTP/1.1" 200 2204 sergym.com "https://sergym.com/gym/?s=horas" "Mozilla/5.0 (Windows NT 10.0; Win64; x64) AppleWebKit/537.36 (KHTML, like Gecko) Chrome/121.0.0.0 Safari/537.36" "-"
187.171.16.0 - - [08/Feb/2024:14:10:19 -0600] "POST /acceso/ HTTP/1.1" 302 - sergym.com "https://sergym.com/acceso/?error=10&d=2" "Mozilla/5.0 (Windows NT 10.0; Win64; x64) AppleWebKit/537.36 (KHTML, like Gecko) Chrome/121.0.0.0 Safari/537.36" "-"
187.171.16.0 - - [08/Feb/2024:14:10:20 -0600] "GET /gym HTTP/1.1" 301 231 sergym.com "https://sergym.com/acceso/?error=10&d=2" "Mozilla/5.0 (Windows NT 10.0; Win64; x64) AppleWebKit/537.36 (KHTML, like Gecko) Chrome/121.0.0.0 Safari/537.36" "-"
187.171.16.0 - - [08/Feb/2024:14:10:21 -0600] "GET /gym/ HTTP/1.1" 200 5561 sergym.com "https://sergym.com/acceso/?error=10&d=2" "Mozilla/5.0 (Windows NT 10.0; Win64; x64) AppleWebKit/537.36 (KHTML, like Gecko) Chrome/121.0.0.0 Safari/537.36" "-"
187.171.16.0 - - [08/Feb/2024:14:10:23 -0600] "GET /gym/?s=venta HTTP/1.1" 200 8577 sergym.com "https://sergym.com/gym/" "Mozilla/5.0 (Windows NT 10.0; Win64; x64) AppleWebKit/537.36 (KHTML, like Gecko) Chrome/121.0.0.0 Safari/537.36" "-"
87.251.84.0 - - [08/Feb/2024:14:39:32 -0600] "GET /info.php HTTP/1.1" 301 235 sergym.com "http://sergym.com/info.php" "Mozilla/4.0 (compatible; MSIE 6.0; Windows NT 5.1; SV1)" "-"
87.251.84.0 - - [08/Feb/2024:14:39:32 -0600] "GET /info.php HTTP/1.1" 404 1271 sergym.com "https://sergym.com/info.php" "Mozilla/4.0 (compatible; MSIE 6.0; Windows NT 5.1; SV1)" "-"
202.166.206.0 - - [08/Feb/2024:14:48:01 -0600] "GET / HTTP/1.1" 301 227 sergym.com "-" "Mozilla/5.0 (Windows NT 10.0; Win64; x64) AppleWebKit/537.36 (KHTML, like Gecko) Chrome/120.0.0.0 Safari/537.36" "-"
202.166.206.0 - - [08/Feb/2024:14:48:03 -0600] "GET / HTTP/1.1" 302 - sergym.com "-" "Mozilla/5.0 (Windows NT 10.0; Win64; x64) AppleWebKit/537.36 (KHTML, like Gecko) Chrome/120.0.0.0 Safari/537.36" "-"
202.166.206.0 - - [08/Feb/2024:14:48:06 -0600] "GET /principal/ HTTP/1.1" 200 2626 sergym.com "-" "Mozilla/5.0 (Windows NT 10.0; Win64; x64) AppleWebKit/537.36 (KHTML, like Gecko) Chrome/120.0.0.0 Safari/537.36" "-"
202.166.206.0 - - [08/Feb/2024:14:48:08 -0600] "GET /acceso/ HTTP/1.1" 200 2198 sergym.com "-" "Mozilla/5.0 (Windows NT 10.0; Win64; x64) AppleWebKit/537.36 (KHTML, like Gecko) Chrome/120.0.0.0 Safari/537.36" "-"
187.171.16.0 - - [08/Feb/2024:14:52:12 -0600] "GET /gym/?s=socios HTTP/1.1" 200 35590 sergym.com "https://sergym.com/gym/?s=venta" "Mozilla/5.0 (Windows NT 10.0; Win64; x64) AppleWebKit/537.36 (KHTML, like Gecko) Chrome/121.0.0.0 Safari/537.36" "-"
187.171.16.0 - - [08/Feb/2024:14:52:15 -0600] "GET /imagenes/avatar/9069.jpg HTTP/1.1" 304 - sergym.com "https://sergym.com/gym/?s=socios" "Mozilla/5.0 (Windows NT 10.0; Win64; x64) AppleWebKit/537.36 (KHTML, like Gecko) Chrome/121.0.0.0 Safari/537.36" "-"
187.171.16.0 - - [08/Feb/2024:14:52:15 -0600] "GET /imagenes/avatar/9068.jpg HTTP/1.1" 304 - sergym.com "https://sergym.com/gym/?s=socios" "Mozilla/5.0 (Windows NT 10.0; Win64; x64) AppleWebKit/537.36 (KHTML, like Gecko) Chrome/121.0.0.0 Safari/537.36" "-"
187.171.16.0 - - [08/Feb/2024:14:52:15 -0600] "GET /imagenes/avatar/9067.jpg HTTP/1.1" 304 - sergym.com "https://sergym.com/gym/?s=socios" "Mozilla/5.0 (Windows NT 10.0; Win64; x64) AppleWebKit/537.36 (KHTML, like Gecko) Chrome/121.0.0.0 Safari/537.36" "-"
187.171.16.0 - - [08/Feb/2024:14:52:15 -0600] "GET /imagenes/avatar/9062.jpg HTTP/1.1" 304 - sergym.com "https://sergym.com/gym/?s=socios" "Mozilla/5.0 (Windows NT 10.0; Win64; x64) AppleWebKit/537.36 (KHTML, like Gecko) Chrome/121.0.0.0 Safari/537.36" "-"
187.171.16.0 - - [08/Feb/2024:14:52:15 -0600] "GET /imagenes/avatar/9058.jpg HTTP/1.1" 304 - sergym.com "https://sergym.com/gym/?s=socios" "Mozilla/5.0 (Windows NT 10.0; Win64; x64) AppleWebKit/537.36 (KHTML, like Gecko) Chrome/121.0.0.0 Safari/537.36" "-"
187.171.16.0 - - [08/Feb/2024:14:52:17 -0600] "GET /gym/?s=socios&i=lista_vencidos HTTP/1.1" 200 16304 sergym.com "https://sergym.com/gym/?s=socios" "Mozilla/5.0 (Windows NT 10.0; Win64; x64) AppleWebKit/537.36 (KHTML, like Gecko) Chrome/121.0.0.0 Safari/537.36" "-"
187.171.16.0 - - [08/Feb/2024:14:52:33 -0600] "GET /gym/?s=socios&i=lista_vencidos&blq=1&pag=2 HTTP/1.1" 200 16565 sergym.com "https://sergym.com/gym/?s=socios&i=lista_vencidos" "Mozilla/5.0 (Windows NT 10.0; Win64; x64) AppleWebKit/537.36 (KHTML, like Gecko) Chrome/121.0.0.0 Safari/537.36" "-"
187.171.16.0 - - [08/Feb/2024:14:52:36 -0600] "GET /gym/?s=socios&i=lista_vencidos&blq=1&pag=1 HTTP/1.1" 200 16544 sergym.com "https://sergym.com/gym/?s=socios&i=lista_vencidos&blq=1&pag=2" "Mozilla/5.0 (Windows NT 10.0; Win64; x64) AppleWebKit/537.36 (KHTML, like Gecko) Chrome/121.0.0.0 Safari/537.36" "-"
187.171.16.0 - - [08/Feb/2024:14:53:30 -0600] "GET /gym/?s=socios&i=pagos&id_socio=7547&pag_fechai=19-01-2024&pag_fechaf=08-02-2024&item=lista_vencidos&blq=1&pag=1 HTTP/1.1" 200 12877 sergym.com "https://sergym.com/gym/?s=socios&i=lista_vencidos&blq=1&pag=1" "Mozilla/5.0 (Windows NT 10.0; Win64; x64) AppleWebKit/537.36 (KHTML, like Gecko) Chrome/121.0.0.0 Safari/537.36" "-"
187.171.16.0 - - [08/Feb/2024:14:53:50 -0600] "POST /gym/peticiones/pet_socios_pagos.php HTTP/1.1" 200 - sergym.com "https://sergym.com/gym/?s=socios&i=pagos&id_socio=7547&pag_fechai=19-01-2024&pag_fechaf=08-02-2024&item=lista_vencidos&blq=1&pag=1" "Mozilla/5.0 (Windows NT 10.0; Win64; x64) AppleWebKit/537.36 (KHTML, like Gecko) Chrome/121.0.0.0 Safari/537.36" "-"
187.171.16.0 - - [08/Feb/2024:14:53:54 -0600] "POST /gym/peticiones/pet_socios_pagos.php HTTP/1.1" 200 10 sergym.com "https://sergym.com/gym/?s=socios&i=pagos&id_socio=7547&pag_fechai=19-01-2024&pag_fechaf=08-02-2024&item=lista_vencidos&blq=1&pag=1" "Mozilla/5.0 (Windows NT 10.0; Win64; x64) AppleWebKit/537.36 (KHTML, like Gecko) Chrome/121.0.0.0 Safari/537.36" "-"
187.171.16.0 - - [08/Feb/2024:14:53:55 -0600] "POST /gym/?s=socios&i=pagos HTTP/1.1" 302 3951 sergym.com "https://sergym.com/gym/?s=socios&i=pagos&id_socio=7547&pag_fechai=19-01-2024&pag_fechaf=08-02-2024&item=lista_vencidos&blq=1&pag=1" "Mozilla/5.0 (Windows NT 10.0; Win64; x64) AppleWebKit/537.36 (KHTML, like Gecko) Chrome/121.0.0.0 Safari/537.36" "-"
187.171.16.0 - - [08/Feb/2024:14:53:55 -0600] "GET /gym/?s=socios&i=pagos&id_socio=7547&IDP=12452&token=dcd6178666552c5edc1028a90a6216c4 HTTP/1.1" 200 13113 sergym.com "https://sergym.com/gym/?s=socios&i=pagos&id_socio=7547&pag_fechai=19-01-2024&pag_fechaf=08-02-2024&item=lista_vencidos&blq=1&pag=1" "Mozilla/5.0 (Windows NT 10.0; Win64; x64) AppleWebKit/537.36 (KHTML, like Gecko) Chrome/121.0.0.0 Safari/537.36" "-"
187.171.16.0 - - [08/Feb/2024:14:53:57 -0600] "GET /gym/?s=socios&i=lista_vencidos HTTP/1.1" 200 16299 sergym.com "https://sergym.com/gym/?s=socios&i=pagos&id_socio=7547&IDP=12452&token=dcd6178666552c5edc1028a90a6216c4" "Mozilla/5.0 (Windows NT 10.0; Win64; x64) AppleWebKit/537.36 (KHTML, like Gecko) Chrome/121.0.0.0 Safari/537.36" "-"
2806:10a6:: - - [08/Feb/2024:14:59:00 -0600] "GET /lav/ HTTP/1.1" 200 4991 sergym.com "https://sergym.com/lav/?s=reimpresion" "Mozilla/5.0 (Windows NT 10.0; Win64; x64) AppleWebKit/537.36 (KHTML, like Gecko) Chrome/121.0.0.0 Safari/537.36" "-"
2806:10a6:: - - [08/Feb/2024:14:59:04 -0600] "GET /lav/?s=entrega HTTP/1.1" 200 32982 sergym.com "https://sergym.com/lav/" "Mozilla/5.0 (Windows NT 10.0; Win64; x64) AppleWebKit/537.36 (KHTML, like Gecko) Chrome/121.0.0.0 Safari/537.36" "-"
2806:10a6:: - - [08/Feb/2024:14:59:10 -0600] "POST /lav/?s=entrega HTTP/1.1" 200 5286 sergym.com "https://sergym.com/lav/?s=entrega" "Mozilla/5.0 (Windows NT 10.0; Win64; x64) AppleWebKit/537.36 (KHTML, like Gecko) Chrome/121.0.0.0 Safari/537.36" "-"
2806:10a6:: - - [08/Feb/2024:14:59:16 -0600] "POST /lav/?s=entrega HTTP/1.1" 200 5286 sergym.com "https://sergym.com/lav/?s=entrega" "Mozilla/5.0 (Windows NT 10.0; Win64; x64) AppleWebKit/537.36 (KHTML, like Gecko) Chrome/121.0.0.0 Safari/537.36" "-"
2806:10a6:: - - [08/Feb/2024:14:59:21 -0600] "POST /lav/?s=entrega HTTP/1.1" 200 5286 sergym.com "https://sergym.com/lav/?s=entrega" "Mozilla/5.0 (Windows NT 10.0; Win64; x64) AppleWebKit/537.36 (KHTML, like Gecko) Chrome/121.0.0.0 Safari/537.36" "-"
2806:10a6:: - - [08/Feb/2024:14:59:26 -0600] "POST /lav/?s=entrega HTTP/1.1" 200 5286 sergym.com "https://sergym.com/lav/?s=entrega" "Mozilla/5.0 (Windows NT 10.0; Win64; x64) AppleWebKit/537.36 (KHTML, like Gecko) Chrome/121.0.0.0 Safari/537.36" "-"
2806:10a6:: - - [08/Feb/2024:14:59:28 -0600] "POST /lav/?s=entrega HTTP/1.1" 200 5286 sergym.com "https://sergym.com/lav/?s=entrega" "Mozilla/5.0 (Windows NT 10.0; Win64; x64) AppleWebKit/537.36 (KHTML, like Gecko) Chrome/121.0.0.0 Safari/537.36" "-"
2806:10a6:: - - [08/Feb/2024:14:59:30 -0600] "POST /lav/?s=entrega HTTP/1.1" 200 5286 sergym.com "https://sergym.com/lav/?s=entrega" "Mozilla/5.0 (Windows NT 10.0; Win64; x64) AppleWebKit/537.36 (KHTML, like Gecko) Chrome/121.0.0.0 Safari/537.36" "-"
2806:10a6:: - - [08/Feb/2024:14:59:30 -0600] "POST /lav/?s=entrega HTTP/1.1" 200 5286 sergym.com "https://sergym.com/lav/?s=entrega" "Mozilla/5.0 (Windows NT 10.0; Win64; x64) AppleWebKit/537.36 (KHTML, like Gecko) Chrome/121.0.0.0 Safari/537.36" "-"
2806:10a6:: - - [08/Feb/2024:14:59:36 -0600] "POST /lav/?s=entrega HTTP/1.1" 200 5286 sergym.com "https://sergym.com/lav/?s=entrega" "Mozilla/5.0 (Windows NT 10.0; Win64; x64) AppleWebKit/537.36 (KHTML, like Gecko) Chrome/121.0.0.0 Safari/537.36" "-"
2806:10a6:: - - [08/Feb/2024:14:59:42 -0600] "POST /lav/?s=entrega HTTP/1.1" 200 5286 sergym.com "https://sergym.com/lav/?s=entrega" "Mozilla/5.0 (Windows NT 10.0; Win64; x64) AppleWebKit/537.36 (KHTML, like Gecko) Chrome/121.0.0.0 Safari/537.36" "-"
2806:10a6:: - - [08/Feb/2024:14:59:44 -0600] "POST /lav/?s=entrega HTTP/1.1" 200 5286 sergym.com "https://sergym.com/lav/?s=entrega" "Mozilla/5.0 (Windows NT 10.0; Win64; x64) AppleWebKit/537.36 (KHTML, like Gecko) Chrome/121.0.0.0 Safari/537.36" "-"
2806:10a6:: - - [08/Feb/2024:14:59:47 -0600] "POST /lav/?s=entrega HTTP/1.1" 200 5558 sergym.com "https://sergym.com/lav/?s=entrega" "Mozilla/5.0 (Windows NT 10.0; Win64; x64) AppleWebKit/537.36 (KHTML, like Gecko) Chrome/121.0.0.0 Safari/537.36" "-"
2806:10a6:: - - [08/Feb/2024:14:59:54 -0600] "POST /lav/?s=entrega HTTP/1.1" 200 5286 sergym.com "https://sergym.com/lav/?s=entrega" "Mozilla/5.0 (Windows NT 10.0; Win64; x64) AppleWebKit/537.36 (KHTML, like Gecko) Chrome/121.0.0.0 Safari/537.36" "-"
2806:10a6:: - - [08/Feb/2024:14:59:56 -0600] "POST /lav/?s=entrega HTTP/1.1" 200 5286 sergym.com "https://sergym.com/lav/?s=entrega" "Mozilla/5.0 (Windows NT 10.0; Win64; x64) AppleWebKit/537.36 (KHTML, like Gecko) Chrome/121.0.0.0 Safari/537.36" "-"
2806:10a6:: - - [08/Feb/2024:14:59:57 -0600] "POST /lav/?s=entrega HTTP/1.1" 200 5286 sergym.com "https://sergym.com/lav/?s=entrega" "Mozilla/5.0 (Windows NT 10.0; Win64; x64) AppleWebKit/537.36 (KHTML, like Gecko) Chrome/121.0.0.0 Safari/537.36" "-"
2806:10a6:: - - [08/Feb/2024:15:00:08 -0600] "POST /lav/?s=entrega HTTP/1.1" 200 5286 sergym.com "https://sergym.com/lav/?s=entrega" "Mozilla/5.0 (Windows NT 10.0; Win64; x64) AppleWebKit/537.36 (KHTML, like Gecko) Chrome/121.0.0.0 Safari/537.36" "-"
2806:10a6:: - - [08/Feb/2024:15:00:11 -0600] "POST /lav/?s=entrega HTTP/1.1" 200 5286 sergym.com "https://sergym.com/lav/?s=entrega" "Mozilla/5.0 (Windows NT 10.0; Win64; x64) AppleWebKit/537.36 (KHTML, like Gecko) Chrome/121.0.0.0 Safari/537.36" "-"
2806:10a6:: - - [08/Feb/2024:15:00:48 -0600] "POST /lav/?s=entrega HTTP/1.1" 200 5286 sergym.com "https://sergym.com/lav/?s=entrega" "Mozilla/5.0 (Windows NT 10.0; Win64; x64) AppleWebKit/537.36 (KHTML, like Gecko) Chrome/121.0.0.0 Safari/537.36" "-"
2806:10a6:: - - [08/Feb/2024:15:00:49 -0600] "POST /lav/?s=entrega HTTP/1.1" 200 5286 sergym.com "https://sergym.com/lav/?s=entrega" "Mozilla/5.0 (Windows NT 10.0; Win64; x64) AppleWebKit/537.36 (KHTML, like Gecko) Chrome/121.0.0.0 Safari/537.36" "-"
2806:10a6:: - - [08/Feb/2024:15:00:50 -0600] "POST /lav/?s=entrega HTTP/1.1" 200 5286 sergym.com "https://sergym.com/lav/?s=entrega" "Mozilla/5.0 (Windows NT 10.0; Win64; x64) AppleWebKit/537.36 (KHTML, like Gecko) Chrome/121.0.0.0 Safari/537.36" "-"
2806:10a6:: - - [08/Feb/2024:15:00:51 -0600] "POST /lav/?s=entrega HTTP/1.1" 200 5286 sergym.com "https://sergym.com/lav/?s=entrega" "Mozilla/5.0 (Windows NT 10.0; Win64; x64) AppleWebKit/537.36 (KHTML, like Gecko) Chrome/121.0.0.0 Safari/537.36" "-"
2806:10a6:: - - [08/Feb/2024:15:00:51 -0600] "POST /lav/?s=entrega HTTP/1.1" 200 5286 sergym.com "https://sergym.com/lav/?s=entrega" "Mozilla/5.0 (Windows NT 10.0; Win64; x64) AppleWebKit/537.36 (KHTML, like Gecko) Chrome/121.0.0.0 Safari/537.36" "-"
2806:10a6:: - - [08/Feb/2024:15:00:53 -0600] "POST /lav/?s=entrega HTTP/1.1" 200 5286 sergym.com "https://sergym.com/lav/?s=entrega" "Mozilla/5.0 (Windows NT 10.0; Win64; x64) AppleWebKit/537.36 (KHTML, like Gecko) Chrome/121.0.0.0 Safari/537.36" "-"
2806:10a6:: - - [08/Feb/2024:15:00:53 -0600] "POST /lav/?s=entrega HTTP/1.1" 200 5286 sergym.com "https://sergym.com/lav/?s=entrega" "Mozilla/5.0 (Windows NT 10.0; Win64; x64) AppleWebKit/537.36 (KHTML, like Gecko) Chrome/121.0.0.0 Safari/537.36" "-"
2806:10a6:: - - [08/Feb/2024:15:00:54 -0600] "POST /lav/?s=entrega HTTP/1.1" 200 5286 sergym.com "https://sergym.com/lav/?s=entrega" "Mozilla/5.0 (Windows NT 10.0; Win64; x64) AppleWebKit/537.36 (KHTML, like Gecko) Chrome/121.0.0.0 Safari/537.36" "-"
2806:10a6:: - - [08/Feb/2024:15:01:02 -0600] "POST /lav/?s=entrega HTTP/1.1" 200 5286 sergym.com "https://sergym.com/lav/?s=entrega" "Mozilla/5.0 (Windows NT 10.0; Win64; x64) AppleWebKit/537.36 (KHTML, like Gecko) Chrome/121.0.0.0 Safari/537.36" "-"
2806:10a6:: - - [08/Feb/2024:15:01:04 -0600] "POST /lav/?s=entrega HTTP/1.1" 200 5286 sergym.com "https://sergym.com/lav/?s=entrega" "Mozilla/5.0 (Windows NT 10.0; Win64; x64) AppleWebKit/537.36 (KHTML, like Gecko) Chrome/121.0.0.0 Safari/537.36" "-"
2806:10a6:: - - [08/Feb/2024:15:01:04 -0600] "POST /lav/?s=entrega HTTP/1.1" 200 5286 sergym.com "https://sergym.com/lav/?s=entrega" "Mozilla/5.0 (Windows NT 10.0; Win64; x64) AppleWebKit/537.36 (KHTML, like Gecko) Chrome/121.0.0.0 Safari/537.36" "-"
2806:10a6:: - - [08/Feb/2024:15:01:07 -0600] "POST /lav/?s=entrega HTTP/1.1" 200 5286 sergym.com "https://sergym.com/lav/?s=entrega" "Mozilla/5.0 (Windows NT 10.0; Win64; x64) AppleWebKit/537.36 (KHTML, like Gecko) Chrome/121.0.0.0 Safari/537.36" "-"
2806:10a6:: - - [08/Feb/2024:15:01:07 -0600] "POST /lav/?s=entrega HTTP/1.1" 200 5286 sergym.com "https://sergym.com/lav/?s=entrega" "Mozilla/5.0 (Windows NT 10.0; Win64; x64) AppleWebKit/537.36 (KHTML, like Gecko) Chrome/121.0.0.0 Safari/537.36" "-"
2806:10a6:: - - [08/Feb/2024:15:02:02 -0600] "POST /lav/?s=entrega HTTP/1.1" 200 5558 sergym.com "https://sergym.com/lav/?s=entrega" "Mozilla/5.0 (Windows NT 10.0; Win64; x64) AppleWebKit/537.36 (KHTML, like Gecko) Chrome/121.0.0.0 Safari/537.36" "-"
2806:10a6:: - - [08/Feb/2024:15:02:04 -0600] "GET /lav/ HTTP/1.1" 200 4991 sergym.com "https://sergym.com/lav/?s=entrega" "Mozilla/5.0 (Windows NT 10.0; Win64; x64) AppleWebKit/537.36 (KHTML, like Gecko) Chrome/121.0.0.0 Safari/537.36" "-"
124.248.70.0 - - [08/Feb/2024:15:08:43 -0600] "GET / HTTP/1.1" 301 227 www.sergym.com "http://www.sergym.com" "Mozilla/5.0 (Windows NT 6.1; WOW64) AppleWebKit/535.1 (KHTML, like Gecko) Chrome/14.0.835.163 Safari/535.1" "-"
124.248.70.0 - - [08/Feb/2024:15:08:45 -0600] "GET / HTTP/1.1" 302 - sergym.com "http://www.sergym.com" "Mozilla/5.0 (Windows NT 6.1; WOW64) AppleWebKit/535.1 (KHTML, like Gecko) Chrome/14.0.835.163 Safari/535.1" "-"
124.248.70.0 - - [08/Feb/2024:15:08:45 -0600] "GET /principal/ HTTP/1.1" 200 2626 sergym.com "http://www.sergym.com" "Mozilla/5.0 (Windows NT 6.1; WOW64) AppleWebKit/535.1 (KHTML, like Gecko) Chrome/14.0.835.163 Safari/535.1" "-"
2806:10a6:: - - [08/Feb/2024:15:12:41 -0600] "GET /lav/?s=recepcion HTTP/1.1" 200 4892 sergym.com "https://sergym.com/lav/" "Mozilla/5.0 (Windows NT 10.0; Win64; x64) AppleWebKit/537.36 (KHTML, like Gecko) Chrome/121.0.0.0 Safari/537.36" "-"
2806:10a6:: - - [08/Feb/2024:15:12:43 -0600] "GET /lav/?s=venta&i=lavanderia HTTP/1.1" 200 21449 sergym.com "https://sergym.com/lav/?s=recepcion" "Mozilla/5.0 (Windows NT 10.0; Win64; x64) AppleWebKit/537.36 (KHTML, like Gecko) Chrome/121.0.0.0 Safari/537.36" "-"
2806:10a6:: - - [08/Feb/2024:15:12:43 -0600] "POST /lav/peticiones/pet_venta_socios.php HTTP/1.1" 200 16365 sergym.com "https://sergym.com/lav/?s=venta&i=lavanderia" "Mozilla/5.0 (Windows NT 10.0; Win64; x64) AppleWebKit/537.36 (KHTML, like Gecko) Chrome/121.0.0.0 Safari/537.36" "-"
2806:10a6:: - - [08/Feb/2024:15:12:55 -0600] "POST /lav/peticiones/pet_venta_socios_busqueda.php HTTP/1.1" 200 776 sergym.com "https://sergym.com/lav/?s=venta&i=lavanderia" "Mozilla/5.0 (Windows NT 10.0; Win64; x64) AppleWebKit/537.36 (KHTML, like Gecko) Chrome/121.0.0.0 Safari/537.36" "-"
2806:10a6:: - - [08/Feb/2024:15:13:01 -0600] "POST /lav/peticiones/pet_venta.php HTTP/1.1" 200 697 sergym.com "https://sergym.com/lav/?s=venta&i=lavanderia" "Mozilla/5.0 (Windows NT 10.0; Win64; x64) AppleWebKit/537.36 (KHTML, like Gecko) Chrome/121.0.0.0 Safari/537.36" "-"
2806:10a6:: - - [08/Feb/2024:15:13:17 -0600] "POST /lav/peticiones/pet_venta_procesar.php HTTP/1.1" 200 2729 sergym.com "https://sergym.com/lav/?s=venta&i=lavanderia" "Mozilla/5.0 (Windows NT 10.0; Win64; x64) AppleWebKit/537.36 (KHTML, like Gecko) Chrome/121.0.0.0 Safari/537.36" "-"
2806:10a6:: - - [08/Feb/2024:15:13:37 -0600] "POST /lav/peticiones/pet_venta_procesar.php HTTP/1.1" 200 119 sergym.com "https://sergym.com/lav/?s=venta&i=lavanderia" "Mozilla/5.0 (Windows NT 10.0; Win64; x64) AppleWebKit/537.36 (KHTML, like Gecko) Chrome/121.0.0.0 Safari/537.36" "-"
2806:10a6:: - - [08/Feb/2024:15:13:37 -0600] "GET /lav/?s=venta&i=ticket&folio=813&id_socio=780&id=213359&anio=2024&tipo=LAVANDERIA HTTP/1.1" 200 114927 sergym.com "https://sergym.com/lav/?s=venta&i=lavanderia" "Mozilla/5.0 (Windows NT 10.0; Win64; x64) AppleWebKit/537.36 (KHTML, like Gecko) Chrome/121.0.0.0 Safari/537.36" "-"
178.128.127.0 - - [08/Feb/2024:16:07:06 -0600] "GET / HTTP/1.1" 302 - sergym.com "-" "Mozilla/4.0 (compatible; MSIE 7.0; Windows NT 6.0)" "-"
2806:10a6:: - - [08/Feb/2024:16:38:29 -0600] "GET /lav/?s=entrega HTTP/1.1" 200 32982 sergym.com "https://sergym.com/lav/" "Mozilla/5.0 (Windows NT 10.0; Win64; x64) AppleWebKit/537.36 (KHTML, like Gecko) Chrome/121.0.0.0 Safari/537.36" "-"
2806:10a6:: - - [08/Feb/2024:16:38:30 -0600] "GET /lav/ HTTP/1.1" 200 4991 sergym.com "https://sergym.com/lav/?s=reimpresion" "Mozilla/5.0 (Windows NT 10.0; Win64; x64) AppleWebKit/537.36 (KHTML, like Gecko) Chrome/121.0.0.0 Safari/537.36" "-"
2806:10a6:: - - [08/Feb/2024:16:38:30 -0600] "GET /lav/?s=reimpresion HTTP/1.1" 200 20838 sergym.com "https://sergym.com/lav/?s=recepcion" "Mozilla/5.0 (Windows NT 10.0; Win64; x64) AppleWebKit/537.36 (KHTML, like Gecko) Chrome/121.0.0.0 Safari/537.36" "-"
2806:10a6:: - - [08/Feb/2024:16:38:34 -0600] "GET /lav/?s=recepcion HTTP/1.1" 200 4892 sergym.com "https://sergym.com/lav/" "Mozilla/5.0 (Windows NT 10.0; Win64; x64) AppleWebKit/537.36 (KHTML, like Gecko) Chrome/121.0.0.0 Safari/537.36" "-"
2806:10a6:: - - [08/Feb/2024:16:38:34 -0600] "GET /lav/?s=recepcion HTTP/1.1" 200 4892 sergym.com "https://sergym.com/lav/" "Mozilla/5.0 (Windows NT 10.0; Win64; x64) AppleWebKit/537.36 (KHTML, like Gecko) Chrome/121.0.0.0 Safari/537.36" "-"
2806:10a6:: - - [08/Feb/2024:16:38:36 -0600] "GET /lav/?s=venta&i=lavanderia HTTP/1.1" 200 21449 sergym.com "https://sergym.com/lav/?s=recepcion" "Mozilla/5.0 (Windows NT 10.0; Win64; x64) AppleWebKit/537.36 (KHTML, like Gecko) Chrome/121.0.0.0 Safari/537.36" "-"
2806:10a6:: - - [08/Feb/2024:16:38:37 -0600] "POST /lav/peticiones/pet_venta_socios.php HTTP/1.1" 200 16365 sergym.com "https://sergym.com/lav/?s=venta&i=lavanderia" "Mozilla/5.0 (Windows NT 10.0; Win64; x64) AppleWebKit/537.36 (KHTML, like Gecko) Chrome/121.0.0.0 Safari/537.36" "-"
2806:10a6:: - - [08/Feb/2024:16:38:43 -0600] "POST /lav/peticiones/pet_venta_socios_busqueda.php HTTP/1.1" 200 12186 sergym.com "https://sergym.com/lav/?s=venta&i=lavanderia" "Mozilla/5.0 (Windows NT 10.0; Win64; x64) AppleWebKit/537.36 (KHTML, like Gecko) Chrome/121.0.0.0 Safari/537.36" "-"
2806:10a6:: - - [08/Feb/2024:16:38:59 -0600] "POST /lav/peticiones/pet_venta.php HTTP/1.1" 200 697 sergym.com "https://sergym.com/lav/?s=venta&i=lavanderia" "Mozilla/5.0 (Windows NT 10.0; Win64; x64) AppleWebKit/537.36 (KHTML, like Gecko) Chrome/121.0.0.0 Safari/537.36" "-"
2806:10a6:: - - [08/Feb/2024:16:39:19 -0600] "POST /lav/peticiones/pet_venta_procesar.php HTTP/1.1" 200 2730 sergym.com "https://sergym.com/lav/?s=venta&i=lavanderia" "Mozilla/5.0 (Windows NT 10.0; Win64; x64) AppleWebKit/537.36 (KHTML, like Gecko) Chrome/121.0.0.0 Safari/537.36" "-"
2806:10a6:: - - [08/Feb/2024:16:39:20 -0600] "POST /lav/peticiones/pet_venta_procesar.php HTTP/1.1" 200 122 sergym.com "https://sergym.com/lav/?s=venta&i=lavanderia" "Mozilla/5.0 (Windows NT 10.0; Win64; x64) AppleWebKit/537.36 (KHTML, like Gecko) Chrome/121.0.0.0 Safari/537.36" "-"
2806:10a6:: - - [08/Feb/2024:16:39:20 -0600] "GET /lav/?s=venta&i=ticket&folio=814&id_socio=27&id=213360&anio=2024&tipo=LAVANDERIA HTTP/1.1" 200 114912 sergym.com "https://sergym.com/lav/?s=venta&i=lavanderia" "Mozilla/5.0 (Windows NT 10.0; Win64; x64) AppleWebKit/537.36 (KHTML, like Gecko) Chrome/121.0.0.0 Safari/537.36" "-"
66.249.75.0 - - [08/Feb/2024:16:49:34 -0600] "GET /robots.txt HTTP/1.1" 301 237 sergym.com "-" "Mozilla/5.0 (compatible; Googlebot/2.1; +http://www.google.com/bot.html)" "-"
66.249.75.0 - - [08/Feb/2024:16:49:34 -0600] "GET /robots.txt HTTP/1.1" 404 1271 sergym.com "-" "Mozilla/5.0 (compatible; Googlebot/2.1; +http://www.google.com/bot.html)" "-"
66.249.75.0 - - [08/Feb/2024:16:49:35 -0600] "GET / HTTP/1.1" 301 227 sergym.com "-" "Mozilla/5.0 (compatible; Googlebot/2.1; +http://www.google.com/bot.html)" "-"
66.249.75.0 - - [08/Feb/2024:16:49:37 -0600] "GET / HTTP/1.1" 302 - sergym.com "-" "Mozilla/5.0 (compatible; Googlebot/2.1; +http://www.google.com/bot.html)" "-"
66.249.75.0 - - [08/Feb/2024:16:49:38 -0600] "GET /principal/ HTTP/1.1" 200 2626 sergym.com "-" "Mozilla/5.0 (compatible; Googlebot/2.1; +http://www.google.com/bot.html)" "-"
2806:10a6:: - - [08/Feb/2024:17:08:28 -0600] "GET /lav/?s=venta&i=lavanderia HTTP/1.1" 200 21449 sergym.com "https://sergym.com/lav/?s=recepcion" "Mozilla/5.0 (Windows NT 10.0; Win64; x64) AppleWebKit/537.36 (KHTML, like Gecko) Chrome/121.0.0.0 Safari/537.36" "-"
2806:10a6:: - - [08/Feb/2024:17:08:28 -0600] "GET /lav/?s=recepcion HTTP/1.1" 200 4892 sergym.com "https://sergym.com/lav/" "Mozilla/5.0 (Windows NT 10.0; Win64; x64) AppleWebKit/537.36 (KHTML, like Gecko) Chrome/121.0.0.0 Safari/537.36" "-"
2806:10a6:: - - [08/Feb/2024:17:08:29 -0600] "GET /lav/ HTTP/1.1" 200 4991 sergym.com "https://sergym.com/lav/?s=reimpresion" "Mozilla/5.0 (Windows NT 10.0; Win64; x64) AppleWebKit/537.36 (KHTML, like Gecko) Chrome/121.0.0.0 Safari/537.36" "-"
2806:10a6:: - - [08/Feb/2024:17:08:30 -0600] "GET /lav/?s=entrega HTTP/1.1" 200 32982 sergym.com "https://sergym.com/lav/" "Mozilla/5.0 (Windows NT 10.0; Win64; x64) AppleWebKit/537.36 (KHTML, like Gecko) Chrome/121.0.0.0 Safari/537.36" "-"
2806:10a6:: - - [08/Feb/2024:17:08:38 -0600] "POST /lav/?s=entrega HTTP/1.1" 200 5547 sergym.com "https://sergym.com/lav/?s=entrega" "Mozilla/5.0 (Windows NT 10.0; Win64; x64) AppleWebKit/537.36 (KHTML, like Gecko) Chrome/121.0.0.0 Safari/537.36" "-"
2806:10a6:: - - [08/Feb/2024:17:08:39 -0600] "POST /lav/peticiones/pet_entrega.php HTTP/1.1" 200 4478 sergym.com "https://sergym.com/lav/?s=entrega" "Mozilla/5.0 (Windows NT 10.0; Win64; x64) AppleWebKit/537.36 (KHTML, like Gecko) Chrome/121.0.0.0 Safari/537.36" "-"
187.171.16.0 - - [08/Feb/2024:17:22:08 -0600] "GET /gym/?s=socios&i=lista_vencidos&blq=1&pag=2 HTTP/1.1" 200 16576 sergym.com "https://sergym.com/gym/?s=socios&i=lista_vencidos" "Mozilla/5.0 (Windows NT 10.0; Win64; x64) AppleWebKit/537.36 (KHTML, like Gecko) Chrome/121.0.0.0 Safari/537.36" "-"
187.171.16.0 - - [08/Feb/2024:17:22:12 -0600] "GET /gym/?s=socios&i=pagos&id_socio=7824&pag_fechai=19-01-2024&pag_fechaf=08-02-2024&item=lista_vencidos&blq=1&pag=2 HTTP/1.1" 200 11625 sergym.com "https://sergym.com/gym/?s=socios&i=lista_vencidos&blq=1&pag=2" "Mozilla/5.0 (Windows NT 10.0; Win64; x64) AppleWebKit/537.36 (KHTML, like Gecko) Chrome/121.0.0.0 Safari/537.36" "-"
187.171.16.0 - - [08/Feb/2024:17:22:40 -0600] "POST /gym/peticiones/pet_socios_pagos.php HTTP/1.1" 200 - sergym.com "https://sergym.com/gym/?s=socios&i=pagos&id_socio=7824&pag_fechai=19-01-2024&pag_fechaf=08-02-2024&item=lista_vencidos&blq=1&pag=2" "Mozilla/5.0 (Windows NT 10.0; Win64; x64) AppleWebKit/537.36 (KHTML, like Gecko) Chrome/121.0.0.0 Safari/537.36" "-"
187.171.16.0 - - [08/Feb/2024:17:23:30 -0600] "POST /gym/peticiones/pet_socios_pagos.php HTTP/1.1" 200 10 sergym.com "https://sergym.com/gym/?s=socios&i=pagos&id_socio=7824&pag_fechai=19-01-2024&pag_fechaf=08-02-2024&item=lista_vencidos&blq=1&pag=2" "Mozilla/5.0 (Windows NT 10.0; Win64; x64) AppleWebKit/537.36 (KHTML, like Gecko) Chrome/121.0.0.0 Safari/537.36" "-"
187.171.16.0 - - [08/Feb/2024:17:23:33 -0600] "POST /gym/?s=socios&i=pagos HTTP/1.1" 302 3951 sergym.com "https://sergym.com/gym/?s=socios&i=pagos&id_socio=7824&pag_fechai=19-01-2024&pag_fechaf=08-02-2024&item=lista_vencidos&blq=1&pag=2" "Mozilla/5.0 (Windows NT 10.0; Win64; x64) AppleWebKit/537.36 (KHTML, like Gecko) Chrome/121.0.0.0 Safari/537.36" "-"
187.171.16.0 - - [08/Feb/2024:17:23:33 -0600] "GET /gym/?s=socios&i=pagos&id_socio=7824&IDP=12453&token=e782f261ba603f5f045e76ff0ae2f358 HTTP/1.1" 200 11861 sergym.com "https://sergym.com/gym/?s=socios&i=pagos&id_socio=7824&pag_fechai=19-01-2024&pag_fechaf=08-02-2024&item=lista_vencidos&blq=1&pag=2" "Mozilla/5.0 (Windows NT 10.0; Win64; x64) AppleWebKit/537.36 (KHTML, like Gecko) Chrome/121.0.0.0 Safari/537.36" "-"
187.171.16.0 - - [08/Feb/2024:17:23:36 -0600] "GET /gym/?s=socios&i=lista_vencidos HTTP/1.1" 200 16299 sergym.com "https://sergym.com/gym/?s=socios&i=pagos&id_socio=7824&IDP=12453&token=e782f261ba603f5f045e76ff0ae2f358" "Mozilla/5.0 (Windows NT 10.0; Win64; x64) AppleWebKit/537.36 (KHTML, like Gecko) Chrome/121.0.0.0 Safari/537.36" "-"
187.171.16.0 - - [08/Feb/2024:17:23:37 -0600] "GET /imagenes/avatar/8870.jpg HTTP/1.1" 304 - sergym.com "https://sergym.com/gym/?s=socios&i=lista_vencidos" "Mozilla/5.0 (Windows NT 10.0; Win64; x64) AppleWebKit/537.36 (KHTML, like Gecko) Chrome/121.0.0.0 Safari/537.36" "-"
2806:10a6:: - - [08/Feb/2024:17:31:18 -0600] "GET /lav/?s=entrega HTTP/1.1" 200 32982 sergym.com "https://sergym.com/lav/" "Mozilla/5.0 (Windows NT 10.0; Win64; x64) AppleWebKit/537.36 (KHTML, like Gecko) Chrome/121.0.0.0 Safari/537.36" "-"
2806:10a6:: - - [08/Feb/2024:17:31:18 -0600] "GET /lav/ HTTP/1.1" 200 4991 sergym.com "https://sergym.com/lav/?s=reimpresion" "Mozilla/5.0 (Windows NT 10.0; Win64; x64) AppleWebKit/537.36 (KHTML, like Gecko) Chrome/121.0.0.0 Safari/537.36" "-"
2806:10a6:: - - [08/Feb/2024:17:31:19 -0600] "GET /lav/?s=reimpresion HTTP/1.1" 200 20841 sergym.com "https://sergym.com/lav/?s=recepcion" "Mozilla/5.0 (Windows NT 10.0; Win64; x64) AppleWebKit/537.36 (KHTML, like Gecko) Chrome/121.0.0.0 Safari/537.36" "-"
2806:10a6:: - - [08/Feb/2024:17:31:21 -0600] "GET /lav/ HTTP/1.1" 200 4991 sergym.com "https://sergym.com/lav/?s=reimpresion" "Mozilla/5.0 (Windows NT 10.0; Win64; x64) AppleWebKit/537.36 (KHTML, like Gecko) Chrome/121.0.0.0 Safari/537.36" "-"
2806:10a6:: - - [08/Feb/2024:17:31:23 -0600] "GET /lav/?s=recepcion HTTP/1.1" 200 4892 sergym.com "https://sergym.com/lav/" "Mozilla/5.0 (Windows NT 10.0; Win64; x64) AppleWebKit/537.36 (KHTML, like Gecko) Chrome/121.0.0.0 Safari/537.36" "-"
2806:10a6:: - - [08/Feb/2024:17:31:24 -0600] "GET /lav/?s=venta&i=lavanderia HTTP/1.1" 200 21449 sergym.com "https://sergym.com/lav/?s=recepcion" "Mozilla/5.0 (Windows NT 10.0; Win64; x64) AppleWebKit/537.36 (KHTML, like Gecko) Chrome/121.0.0.0 Safari/537.36" "-"
2806:10a6:: - - [08/Feb/2024:17:31:24 -0600] "POST /lav/peticiones/pet_venta_socios.php HTTP/1.1" 200 16365 sergym.com "https://sergym.com/lav/?s=venta&i=lavanderia" "Mozilla/5.0 (Windows NT 10.0; Win64; x64) AppleWebKit/537.36 (KHTML, like Gecko) Chrome/121.0.0.0 Safari/537.36" "-"
2806:10a6:: - - [08/Feb/2024:17:31:33 -0600] "POST /lav/peticiones/pet_venta_socios_busqueda.php HTTP/1.1" 200 616 sergym.com "https://sergym.com/lav/?s=venta&i=lavanderia" "Mozilla/5.0 (Windows NT 10.0; Win64; x64) AppleWebKit/537.36 (KHTML, like Gecko) Chrome/121.0.0.0 Safari/537.36" "-"
2806:10a6:: - - [08/Feb/2024:17:31:37 -0600] "POST /lav/peticiones/pet_venta.php HTTP/1.1" 200 697 sergym.com "https://sergym.com/lav/?s=venta&i=lavanderia" "Mozilla/5.0 (Windows NT 10.0; Win64; x64) AppleWebKit/537.36 (KHTML, like Gecko) Chrome/121.0.0.0 Safari/537.36" "-"
2806:10a6:: - - [08/Feb/2024:17:31:45 -0600] "POST /lav/peticiones/pet_venta_procesar.php HTTP/1.1" 200 2734 sergym.com "https://sergym.com/lav/?s=venta&i=lavanderia" "Mozilla/5.0 (Windows NT 10.0; Win64; x64) AppleWebKit/537.36 (KHTML, like Gecko) Chrome/121.0.0.0 Safari/537.36" "-"
2806:10a6:: - - [08/Feb/2024:17:31:46 -0600] "POST /lav/peticiones/pet_venta_procesar.php HTTP/1.1" 200 120 sergym.com "https://sergym.com/lav/?s=venta&i=lavanderia" "Mozilla/5.0 (Windows NT 10.0; Win64; x64) AppleWebKit/537.36 (KHTML, like Gecko) Chrome/121.0.0.0 Safari/537.36" "-"
2806:10a6:: - - [08/Feb/2024:17:31:46 -0600] "GET /lav/?s=venta&i=ticket&folio=815&id_socio=7002&id=213361&anio=2024&tipo=LAVANDERIA HTTP/1.1" 200 114927 sergym.com "https://sergym.com/lav/?s=venta&i=lavanderia" "Mozilla/5.0 (Windows NT 10.0; Win64; x64) AppleWebKit/537.36 (KHTML, like Gecko) Chrome/121.0.0.0 Safari/537.36" "-"
187.171.16.0 - - [08/Feb/2024:17:33:25 -0600] "GET /gym/?s=horas HTTP/1.1" 200 9060 sergym.com "https://sergym.com/gym/?s=socios&i=lista_vencidos" "Mozilla/5.0 (Windows NT 10.0; Win64; x64) AppleWebKit/537.36 (KHTML, like Gecko) Chrome/121.0.0.0 Safari/537.36" "-"
187.171.16.0 - - [08/Feb/2024:17:34:41 -0600] "POST /gym/?s=horas HTTP/1.1" 302 3796 sergym.com "https://sergym.com/gym/?s=horas" "Mozilla/5.0 (Windows NT 10.0; Win64; x64) AppleWebKit/537.36 (KHTML, like Gecko) Chrome/121.0.0.0 Safari/537.36" "-"
187.171.16.0 - - [08/Feb/2024:17:34:41 -0600] "GET /gym/?s=horas&IDH=46197&token=82a20364dce1a66d6a1ce65b64aa2762 HTTP/1.1" 200 9352 sergym.com "https://sergym.com/gym/?s=horas" "Mozilla/5.0 (Windows NT 10.0; Win64; x64) AppleWebKit/537.36 (KHTML, like Gecko) Chrome/121.0.0.0 Safari/537.36" "-"
68.183.225.0 - - [08/Feb/2024:17:36:31 -0600] "GET /wp-content/plugins/hellopress/wp_filemanager.php HTTP/1.1" 301 275 sergym.com "-" "-" "-"
2806:10a6:: - - [08/Feb/2024:17:37:39 -0600] "GET /lav/?s=venta&i=lavanderia HTTP/1.1" 200 21449 sergym.com "https://sergym.com/lav/?s=recepcion" "Mozilla/5.0 (Windows NT 10.0; Win64; x64) AppleWebKit/537.36 (KHTML, like Gecko) Chrome/121.0.0.0 Safari/537.36" "-"
2806:10a6:: - - [08/Feb/2024:17:37:39 -0600] "GET /lav/?s=recepcion HTTP/1.1" 200 4892 sergym.com "https://sergym.com/lav/" "Mozilla/5.0 (Windows NT 10.0; Win64; x64) AppleWebKit/537.36 (KHTML, like Gecko) Chrome/121.0.0.0 Safari/537.36" "-"
2806:10a6:: - - [08/Feb/2024:17:37:42 -0600] "GET /lav/?s=reimpresion HTTP/1.1" 200 20845 sergym.com "https://sergym.com/lav/?s=recepcion" "Mozilla/5.0 (Windows NT 10.0; Win64; x64) AppleWebKit/537.36 (KHTML, like Gecko) Chrome/121.0.0.0 Safari/537.36" "-"
2806:10a6:: - - [08/Feb/2024:17:37:47 -0600] "GET /lav/?s=venta&i=ticket&folio=810&id=213354&tipo=PLANCHADURIA HTTP/1.1" 200 115035 sergym.com "https://sergym.com/lav/?s=reimpresion" "Mozilla/5.0 (Windows NT 10.0; Win64; x64) AppleWebKit/537.36 (KHTML, like Gecko) Chrome/121.0.0.0 Safari/537.36" "-"
2806:10a6:: - - [08/Feb/2024:17:53:45 -0600] "GET /lav/ HTTP/1.1" 200 4991 sergym.com "https://sergym.com/lav/?s=reimpresion" "Mozilla/5.0 (Windows NT 10.0; Win64; x64) AppleWebKit/537.36 (KHTML, like Gecko) Chrome/121.0.0.0 Safari/537.36" "-"
2806:10a6:: - - [08/Feb/2024:17:53:47 -0600] "GET /lav/?s=recepcion HTTP/1.1" 200 4892 sergym.com "https://sergym.com/lav/" "Mozilla/5.0 (Windows NT 10.0; Win64; x64) AppleWebKit/537.36 (KHTML, like Gecko) Chrome/121.0.0.0 Safari/537.36" "-"
